Component: ARM Compiler 5.06 update 6 (build 750) Tool: armlink [4d35ed]

==============================================================================

Section Cross References

    main.o(i.debug_task) refers to dwin.o(i.read_u16_from_dwin) for read_u16_from_dwin
    main.o(i.debug_task) refers to tasks.o(i.vTaskDelay) for vTaskDelay
    main.o(i.debug_task) refers to main.o(.data) for .data
    main.o(i.dwin_task) refers to dwin_test.o(i.dwin_ack) for dwin_ack
    main.o(i.dwin_task) refers to tasks.o(i.vTaskDelay) for vTaskDelay
    main.o(i.main) refers to misc.o(i.NVIC_PriorityGroupConfig) for NVIC_PriorityGroupConfig
    main.o(i.main) refers to delay.o(i.delay_init) for delay_init
    main.o(i.main) refers to usart.o(i.uart_init) for uart_init
    main.o(i.main) refers to dwin.o(i.DwinUartInit) for DwinUartInit
    main.o(i.main) refers to cmd_queue.o(i.queue_reset) for queue_reset
    main.o(i.main) refers to delay.o(i.delay_ms) for delay_ms
    main.o(i.main) refers to tasks.o(i.xTaskCreate) for xTaskCreate
    main.o(i.main) refers to tasks.o(i.vTaskStartScheduler) for vTaskStartScheduler
    main.o(i.main) refers to main.o(.data) for .data
    main.o(i.main) refers to main.o(i.start_task) for start_task
    main.o(i.start_task) refers to port.o(i.vPortEnterCritical) for vPortEnterCritical
    main.o(i.start_task) refers to tasks.o(i.xTaskCreate) for xTaskCreate
    main.o(i.start_task) refers to tasks.o(i.vTaskDelete) for vTaskDelete
    main.o(i.start_task) refers to port.o(i.vPortExitCritical) for vPortExitCritical
    main.o(i.start_task) refers to main.o(.data) for .data
    main.o(i.start_task) refers to main.o(i.dwin_task) for dwin_task
    main.o(i.start_task) refers to main.o(i.debug_task) for debug_task
    system_stm32f4xx.o(i.SystemCoreClockUpdate) refers to system_stm32f4xx.o(.data) for .data
    system_stm32f4xx.o(i.SystemInit) refers to system_stm32f4xx.o(i.SetSysClock) for SetSysClock
    led.o(i.LED_Init) refers to stm32f4xx_rcc.o(i.RCC_AHB1PeriphClockCmd) for RCC_AHB1PeriphClockCmd
    led.o(i.LED_Init) refers to stm32f4xx_gpio.o(i.GPIO_Init) for GPIO_Init
    led.o(i.LED_Init) refers to stm32f4xx_gpio.o(i.GPIO_SetBits) for GPIO_SetBits
    timer.o(i.ConfigureTimeForRunTimeStats) refers to timer.o(i.TIM3_Int_Init) for TIM3_Int_Init
    timer.o(i.ConfigureTimeForRunTimeStats) refers to timer.o(.data) for .data
    timer.o(i.TIM3_IRQHandler) refers to stm32f4xx_tim.o(i.TIM_GetITStatus) for TIM_GetITStatus
    timer.o(i.TIM3_IRQHandler) refers to stm32f4xx_tim.o(i.TIM_ClearITPendingBit) for TIM_ClearITPendingBit
    timer.o(i.TIM3_IRQHandler) refers to timer.o(.data) for .data
    timer.o(i.TIM3_Int_Init) refers to stm32f4xx_rcc.o(i.RCC_APB1PeriphClockCmd) for RCC_APB1PeriphClockCmd
    timer.o(i.TIM3_Int_Init) refers to stm32f4xx_tim.o(i.TIM_TimeBaseInit) for TIM_TimeBaseInit
    timer.o(i.TIM3_Int_Init) refers to stm32f4xx_tim.o(i.TIM_ITConfig) for TIM_ITConfig
    timer.o(i.TIM3_Int_Init) refers to stm32f4xx_tim.o(i.TIM_Cmd) for TIM_Cmd
    timer.o(i.TIM3_Int_Init) refers to misc.o(i.NVIC_Init) for NVIC_Init
    lcd.o(i.LCD_Clear) refers to lcd.o(i.LCD_SetCursor) for LCD_SetCursor
    lcd.o(i.LCD_Clear) refers to lcd.o(i.LCD_WriteRAM_Prepare) for LCD_WriteRAM_Prepare
    lcd.o(i.LCD_Clear) refers to lcd.o(.bss) for .bss
    lcd.o(i.LCD_Color_Fill) refers to lcd.o(i.LCD_SetCursor) for LCD_SetCursor
    lcd.o(i.LCD_Color_Fill) refers to lcd.o(i.LCD_WriteRAM_Prepare) for LCD_WriteRAM_Prepare
    lcd.o(i.LCD_DisplayOff) refers to lcd.o(i.LCD_WriteReg) for LCD_WriteReg
    lcd.o(i.LCD_DisplayOff) refers to lcd.o(i.LCD_WR_REG) for LCD_WR_REG
    lcd.o(i.LCD_DisplayOff) refers to lcd.o(.bss) for .bss
    lcd.o(i.LCD_DisplayOn) refers to lcd.o(i.LCD_WriteReg) for LCD_WriteReg
    lcd.o(i.LCD_DisplayOn) refers to lcd.o(i.LCD_WR_REG) for LCD_WR_REG
    lcd.o(i.LCD_DisplayOn) refers to lcd.o(.bss) for .bss
    lcd.o(i.LCD_Display_Dir) refers to lcd.o(i.LCD_Scan_Dir) for LCD_Scan_Dir
    lcd.o(i.LCD_Display_Dir) refers to lcd.o(.bss) for .bss
    lcd.o(i.LCD_DrawLine) refers to lcd.o(i.LCD_DrawPoint) for LCD_DrawPoint
    lcd.o(i.LCD_DrawPoint) refers to lcd.o(i.LCD_SetCursor) for LCD_SetCursor
    lcd.o(i.LCD_DrawPoint) refers to lcd.o(i.LCD_WriteRAM_Prepare) for LCD_WriteRAM_Prepare
    lcd.o(i.LCD_DrawPoint) refers to lcd.o(.data) for .data
    lcd.o(i.LCD_DrawRectangle) refers to lcd.o(i.LCD_DrawLine) for LCD_DrawLine
    lcd.o(i.LCD_Draw_Circle) refers to lcd.o(i.LCD_DrawPoint) for LCD_DrawPoint
    lcd.o(i.LCD_Fast_DrawPoint) refers to lcd.o(i.LCD_WR_REG) for LCD_WR_REG
    lcd.o(i.LCD_Fast_DrawPoint) refers to lcd.o(i.LCD_WR_DATA) for LCD_WR_DATA
    lcd.o(i.LCD_Fast_DrawPoint) refers to lcd.o(i.LCD_WriteReg) for LCD_WriteReg
    lcd.o(i.LCD_Fast_DrawPoint) refers to lcd.o(.bss) for .bss
    lcd.o(i.LCD_Fill) refers to lcd.o(i.LCD_SetCursor) for LCD_SetCursor
    lcd.o(i.LCD_Fill) refers to lcd.o(i.LCD_WriteRAM_Prepare) for LCD_WriteRAM_Prepare
[...]
    i.prvProcessTimerOrBlockTask             0x08001f44   Section        0  timers.o(i.prvProcessTimerOrBlockTask)
    prvProcessTimerOrBlockTask               0x08001f45   Thumb Code    98  timers.o(i.prvProcessTimerOrBlockTask)
    i.prvResetNextTaskUnblockTime            0x08001fb0   Section        0  tasks.o(i.prvResetNextTaskUnblockTime)
    prvResetNextTaskUnblockTime              0x08001fb1   Thumb Code    26  tasks.o(i.prvResetNextTaskUnblockTime)
    i.prvSampleTimeNow                       0x08001fd0   Section        0  timers.o(i.prvSampleTimeNow)
    prvSampleTimeNow                         0x08001fd1   Thumb Code    36  timers.o(i.prvSampleTimeNow)
    i.prvSwitchTimerLists                    0x08001ff8   Section        0  timers.o(i.prvSwitchTimerLists)
    prvSwitchTimerLists                      0x08001ff9   Thumb Code   100  timers.o(i.prvSwitchTimerLists)
    i.prvTaskExitError                       0x08002064   Section        0  port.o(i.prvTaskExitError)
    prvTaskExitError                         0x08002065   Thumb Code    36  port.o(i.prvTaskExitError)
    i.prvTimerTask                           0x080020c8   Section        0  timers.o(i.prvTimerTask)
    prvTimerTask                             0x080020c9   Thumb Code    34  timers.o(i.prvTimerTask)
    i.prvUnlockQueue                         0x080020f0   Section        0  queue.o(i.prvUnlockQueue)
    prvUnlockQueue                           0x080020f1   Thumb Code   120  queue.o(i.prvUnlockQueue)
    i.pvPortMalloc                           0x08002168   Section        0  heap_4.o(i.pvPortMalloc)
    i.pvTaskIncrementMutexHeldCount          0x0800227c   Section        0  tasks.o(i.pvTaskIncrementMutexHeldCount)
    i.pxPortInitialiseStack                  0x08002294   Section        0  port.o(i.pxPortInitialiseStack)
    i.queue_find_cmd                         0x080022c0   Section        0  cmd_queue.o(i.queue_find_cmd)
    i.queue_push                             0x08002330   Section        0  cmd_queue.o(i.queue_push)
    i.queue_reset                            0x08002350   Section        0  cmd_queue.o(i.queue_reset)
    i.read_u16_from_dwin                     0x08002368   Section        0  dwin.o(i.read_u16_from_dwin)
    i.start_task                             0x0800236c   Section        0  main.o(i.start_task)
    i.uart_init                              0x080023d4   Section        0  usart.o(i.uart_init)
    i.uxListRemove                           0x08002480   Section        0  list.o(i.uxListRemove)
    i.vListInitialise                        0x080024a4   Section        0  list.o(i.vListInitialise)
    i.vListInitialiseItem                    0x080024ba   Section        0  list.o(i.vListInitialiseItem)
    i.vListInsert                            0x080024c0   Section        0  list.o(i.vListInsert)
    i.vListInsertEnd                         0x080024f0   Section        0  list.o(i.vListInsertEnd)
    i.vPortEnterCritical                     0x08002508   Section        0  port.o(i.vPortEnterCritical)
    i.vPortExitCritical                      0x08002580   Section        0  port.o(i.vPortExitCritical)
    i.vPortFree                              0x080025e4   Section        0  heap_4.o(i.vPortFree)
    i.vPortSetupTimerInterrupt               0x08002680   Section        0  port.o(i.vPortSetupTimerInterrupt)
    i.vPortValidateInterruptPriority         0x080026a0   Section        0  port.o(i.vPortValidateInterruptPriority)
    i.vQueueAddToRegistry                    0x0800272c   Section        0  queue.o(i.vQueueAddToRegistry)
    i.vQueueWaitForMessageRestricted         0x08002750   Section        0  queue.o(i.vQueueWaitForMessageRestricted)
    i.vTaskDelay                             0x08002794   Section        0  tasks.o(i.vTaskDelay)
    i.vTaskDelete                            0x08002800   Section        0  tasks.o(i.vTaskDelete)
    i.vTaskMissedYield                       0x080028cc   Section        0  tasks.o(i.vTaskMissedYield)
    i.vTaskPlaceOnEventList                  0x080028d8   Section        0  tasks.o(i.vTaskPlaceOnEventList)
    i.vTaskPlaceOnEventListRestricted        0x0800292c   Section        0  tasks.o(i.vTaskPlaceOnEventListRestricted)
    i.vTaskPriorityInherit                   0x08002988   Section        0  tasks.o(i.vTaskPriorityInherit)
    i.vTaskSetTimeOutState                   0x08002a0c   Section        0  tasks.o(i.vTaskSetTimeOutState)
    i.vTaskStartScheduler                    0x08002a54   Section        0  tasks.o(i.vTaskStartScheduler)
    i.vTaskSuspendAll                        0x08002aec   Section        0  tasks.o(i.vTaskSuspendAll)
    i.vTaskSwitchContext                     0x08002afc   Section        0  tasks.o(i.vTaskSwitchContext)
    i.write_u16_to_dwin                      0x08002b98   Section        0  dwin.o(i.write_u16_to_dwin)
    i.write_u8_to_dwin                       0x08002b9a   Section        0  dwin.o(i.write_u8_to_dwin)
    i.xPortStartScheduler                    0x08002b9c   Section        0  port.o(i.xPortStartScheduler)
    i.xPortSysTickHandler                    0x08002cb0   Section        0  port.o(i.xPortSysTickHandler)
    i.xQueueGenericCreate                    0x08002cdc   Section        0  queue.o(i.xQueueGenericCreate)
    i.xQueueGenericReceive                   0x08002d54   Section        0  queue.o(i.xQueueGenericReceive)
    i.xQueueGenericReset                     0x08002ed8   Section        0  queue.o(i.xQueueGenericReset)
    i.xQueueGenericSend                      0x08002f80   Section        0  queue.o(i.xQueueGenericSend)
    i.xQueueGenericSendFromISR               0x08003108   Section        0  queue.o(i.xQueueGenericSendFromISR)
    i.xTaskCheckForTimeOut                   0x080031e8   Section        0  tasks.o(i.xTaskCheckForTimeOut)
    i.xTaskCreate                            0x08003270   Section        0  tasks.o(i.xTaskCreate)
    i.xTaskGetSchedulerState                 0x080032c8   Section        0  tasks.o(i.xTaskGetSchedulerState)
    i.xTaskGetTickCount                      0x080032e4   Section        0  tasks.o(i.xTaskGetTickCount)
    i.xTaskIncrementTick                     0x080032f0   Section        0  tasks.o(i.xTaskIncrementTick)
    i.xTaskPriorityDisinherit                0x080033d8   Section        0  tasks.o(i.xTaskPriorityDisinherit)
    i.xTaskRemoveFromEventList               0x0800348c   Section        0  tasks.o(i.xTaskRemoveFromEventList)
    i.xTaskResumeAll                         0x08003524   Section        0  tasks.o(i.xTaskResumeAll)
    i.xTimerCreate                           0x08003608   Section        0  timers.o(i.xTimerCreate)
    i.xTimerCreateTimerTask                  0x0800367c   Section        0  timers.o(i.xTimerCreateTimerTask)
    i.xTimerGenericCommand                   0x080036f0   Section        0  timers.o(i.xTimerGenericCommand)
    x$fpl$fpinit                             0x08003780   Section       10  fpinit.o(x$fpl$fpinit)
    $v0                                      0x08003780   Number         0  fpinit.o(x$fpl$fpinit)
    .constdata                               0x0800378a   Section        4  sys_io.o(.constdata)
    .constdata                               0x0800378e   Section        4  sys_io.o(.constdata)
    .constdata                               0x08003792   Section        4  sys_io.o(.constdata)
    .ARM.__AT_0x10000000                     0x10000000   Section    61440  malloc.o(.ARM.__AT_0x10000000)
    .ARM.__AT_0x1000F000                     0x1000f000   Section     3840  malloc.o(.ARM.__AT_0x1000F000)
    .data                                    0x20000000   Section       16  main.o(.data)
    cnt                                      0x20000000   Data           4  main.o(.data)
    .data                                    0x20000010   Section       20  system_stm32f4xx.o(.data)
    .data                                    0x20000028   Section        8  timer.o(.data)
    .data                                    0x20000030   Section        2  cmd_queue.o(.data)
    cmd_pos                                  0x20000030   Data           2  cmd_queue.o(.data)
    .data                                    0x20000032   Section        1  dwin_test.o(.data)
    Flag                                     0x20000032   Data           1  dwin_test.o(.data)
    .data                                    0x20000034   Section        4  delay.o(.data)
    fac_us                                   0x20000034   Data           1  delay.o(.data)
    fac_ms                                   0x20000036   Data           2  delay.o(.data)
    .data                                    0x20000038   Section        2  usart.o(.data)
    .data                                    0x2000003a   Section       16  stm32f4xx_rcc.o(.data)
    APBAHBPrescTable                         0x2000003a   Data          16  stm32f4xx_rcc.o(.data)
    .data                                    0x2000004c   Section       68  tasks.o(.data)
    uxDeletedTasksWaitingCleanUp             0x20000050   Data           4  tasks.o(.data)
    uxCurrentNumberOfTasks                   0x20000054   Data           4  tasks.o(.data)
    xTickCount                               0x20000058   Data           4  tasks.o(.data)
    uxTopReadyPriority                       0x2000005c   Data           4  tasks.o(.data)
    xSchedulerRunning                        0x20000060   Data           4  tasks.o(.data)
    uxPendedTicks                            0x20000064   Data           4  tasks.o(.data)
    xYieldPending                            0x20000068   Data           4  tasks.o(.data)
    xNumOfOverflows                          0x2000006c   Data           4  tasks.o(.data)
    uxTaskNumber                             0x20000070   Data           4  tasks.o(.data)
    xNextTaskUnblockTime                     0x20000074   Data           4  tasks.o(.data)
    xIdleTaskHandle                          0x20000078   Data           4  tasks.o(.data)
    uxSchedulerSuspended                     0x2000007c   Data           4  tasks.o(.data)
    ulTaskSwitchedInTime                     0x20000080   Data           4  tasks.o(.data)
    ulTotalRunTime                           0x20000084   Data           4  tasks.o(.data)
    pxDelayedTaskList                        0x20000088   Data           4  tasks.o(.data)
    pxOverflowDelayedTaskList                0x2000008c   Data           4  tasks.o(.data)
    .data                                    0x20000090   Section       20  timers.o(.data)
    xTimerQueue                              0x20000090   Data           4  timers.o(.data)
    xTimerTaskHandle                         0x20000094   Data           4  timers.o(.data)
    xLastTime                                0x20000098   Data           4  timers.o(.data)
    pxCurrentTimerList                       0x2000009c   Data           4  timers.o(.data)
    pxOverflowTimerList                      0x200000a0   Data           4  timers.o(.data)
    .data                                    0x200000a4   Section       12  port.o(.data)
    ucMaxSysCallPriority                     0x200000a4   Data           1  port.o(.data)
    uxCriticalNesting                        0x200000a8   Data           4  port.o(.data)
    ulMaxPRIGROUPValue                       0x200000ac   Data           4  port.o(.data)
    .data                                    0x200000b0   Section       24  heap_4.o(.data)
    pxEnd                                    0x200000b0   Data           4  heap_4.o(.data)
    xFreeBytesRemaining                      0x200000b4   Data           4  heap_4.o(.data)
    xMinimumEverFreeBytesRemaining           0x200000b8   Data           4  heap_4.o(.data)
    xBlockAllocatedBit                       0x200000bc   Data           4  heap_4.o(.data)
    xStart                                   0x200000c0   Data           8  heap_4.o(.data)
    .data                                    0x200000c8   Section        4  stdio_streams.o(.data)
    .data                                    0x200000cc   Section        4  stdio_streams.o(.data)
    .data                                    0x200000d0   Section        4  stdio_streams.o(.data)
    .bss                                     0x200000d4   Section      516  cmd_queue.o(.bss)
    que                                      0x200000d4   Data         516  cmd_queue.o(.bss)
    .bss                                     0x200002d8   Section       50  usart.o(.bss)
    .bss                                     0x2000030c   Section       64  queue.o(.bss)
    .bss                                     0x2000034c   Section      740  tasks.o(.bss)
    pxReadyTasksLists                        0x2000034c   Data         640  tasks.o(.bss)
    xDelayedTaskList1                        0x200005cc   Data          20  tasks.o(.bss)
    xDelayedTaskList2                        0x200005e0   Data          20  tasks.o(.bss)
    xPendingReadyList                        0x200005f4   Data          20  tasks.o(.bss)
    xTasksWaitingTermination                 0x20000608   Data          20  tasks.o(.bss)
    xSuspendedTaskList                       0x2000061c   Data          20  tasks.o(.bss)
    .bss                                     0x20000630   Section       40  timers.o(.bss)
    xActiveTimerList1                        0x20000630   Data          20  timers.o(.bss)
    xActiveTimerList2                        0x20000644   Data          20  timers.o(.bss)
    .bss                                     0x20000658   Section    20480  heap_4.o(.bss)
    ucHeap                                   0x20000658   Data       20480  heap_4.o(.bss)
    .bss                                     0x20005658   Section       84  stdio_streams.o(.bss)
    .bss                                     0x200056ac   Section       84  stdio_streams.o(.bss)
    .bss                                     0x20005700   Section       84  stdio_streams.o(.bss)
    .bss                                     0x20005754   Section       96  libspace.o(.bss)
    HEAP                                     0x200057b8   Section      512  startup_stm32f40_41xxx.o(HEAP)
    Heap_Mem                                 0x200057b8   Data         512  startup_stm32f40_41xxx.o(HEAP)
    STACK                                    0x200059b8   Section     1024  startup_stm32f40_41xxx.o(STACK)
    Stack_Mem                                0x200059b8   Data        1024  startup_stm32f40_41xxx.o(STACK)
    __initial_sp                             0x20005db8   Data           0  startup_stm32f40_41xxx.o(STACK)
    .ARM.__AT_0x68000000                     0x68000000   Section    983040  malloc.o(.ARM.__AT_0x68000000)
    .ARM.__AT_0x680F0000                     0x680f0000   Section    61440  malloc.o(.ARM.__AT_0x680F0000)

    Global Symbols

    Symbol Name                              Value     Ov Type        Size  Object(Section)

    BuildAttributes$$THM_ISAv4$E$P$D$K$B$S$7EM$VFPi3$EXTD16$VFPS$VFMA$PE$A:L22UL41UL21$X:L11$S22US41US21$IEEE1$IW$USESV6$~STKCKD$USESV7$~SHL$OTIME$ROPI$EBA8$UX$STANDARDLIB$REQ8$PRES8$EABIv2 0x00000000   Number         0  anon$$obj.o ABSOLUTE
    __ARM_use_no_argv                        0x00000000   Number         0  main.o ABSOLUTE
    __ARM_exceptions_init                     - Undefined Weak Reference
    __alloca_initialize                       - Undefined Weak Reference
    __arm_preinit_                            - Undefined Weak Reference
    __cpp_initialize__aeabi_                  - Undefined Weak Reference
    __cxa_finalize                            - Undefined Weak Reference
    __rt_locale                               - Undefined Weak Reference
    __sigvec_lookup                           - Undefined Weak Reference
    __user_heap_extent                        - Undefined Weak Reference
    _atexit_init                              - Undefined Weak Reference
    _call_atexit_fns                          - Undefined Weak Reference
    _clock_init                               - Undefined Weak Reference
    _fp_trap_init                             - Undefined Weak Reference
    _fp_trap_shutdown                         - Undefined Weak Reference
    _get_lc_collate                           - Undefined Weak Reference
    _get_lc_ctype                             - Undefined Weak Reference
    _get_lc_monetary                          - Undefined Weak Reference
    _get_lc_numeric                           - Undefined Weak Reference
    _get_lc_time                              - Undefined Weak Reference
    _getenv_init                              - Undefined Weak Reference
    _handle_redirection                       - Undefined Weak Reference
    _mutex_acquire                            - Undefined Weak Reference
    _mutex_free                               - Undefined Weak Reference
    _mutex_release                            - Undefined Weak Reference
    _printf_mbtowc                            - Undefined Weak Reference
    _printf_post_padding                      - Undefined Weak Reference
    _printf_pre_padding                       - Undefined Weak Reference
    _printf_truncate_signed                   - Undefined Weak Reference
    _printf_truncate_unsigned                 - Undefined Weak Reference
    _rand_init                                - Undefined Weak Reference
    _signal_finish                            - Undefined Weak Reference
    _signal_init                              - Undefined Weak Reference
    __Vectors_Size                           0x00000188   Number         0  startup_stm32f40_41xxx.o ABSOLUTE
    __Vectors                                0x08000000   Data           4  startup_stm32f40_41xxx.o(RESET)
    __Vectors_End                            0x08000188   Data           0  startup_stm32f40_41xxx.o(RESET)
    __main                                   0x08000189   Thumb Code     8  __main.o(!!!main)
    __scatterload                            0x08000191   Thumb Code     0  __scatter.o(!!!scatter)
    __scatterload_rt2                        0x08000191   Thumb Code    44  __scatter.o(!!!scatter)
    __scatterload_rt2_thumb_only             0x08000191   Thumb Code     0  __scatter.o(!!!scatter)
    __scatterload_null                       0x0800019f   Thumb Code     0  __scatter.o(!!!scatter)
    __scatterload_copy                       0x080001c5   Thumb Code    26  __scatter_copy.o(!!handler_copy)
    __scatterload_zeroinit                   0x080001e1   Thumb Code    28  __scatter_zi.o(!!handler_zi)
    _printf_d                                0x080001fd   Thumb Code     0  _printf_d.o(.ARM.Collect$$_printf_percent$$00000009)
    _printf_percent                          0x080001fd   Thumb Code     0  _printf_percent.o(.ARM.Collect$$_printf_percent$$00000000)
    _printf_s                                0x08000203   Thumb Code     0  _printf_s.o(.ARM.Collect$$_printf_percent$$00000014)
    _printf_percent_end                      0x08000209   Thumb Code     0  _printf_percent_end.o(.ARM.Collect$$_printf_percent$$00000017)
    __rt_lib_init                            0x0800020d   Thumb Code     0  libinit.o(.ARM.Collect$$libinit$$00000000)
    __rt_lib_init_fp_1                       0x0800020f   Thumb Code     0  libinit2.o(.ARM.Collect$$libinit$$00000001)
    __rt_lib_init_heap_2                     0x08000213   Thumb Code     0  libinit2.o(.ARM.Collect$$libinit$$00000005)
    __rt_lib_init_preinit_1                  0x08000213   Thumb Code     0  libinit2.o(.ARM.Collect$$libinit$$00000004)
    __rt_lib_init_atexit_1                   0x0800021b   Thumb Code     0  libinit2.o(.ARM.Collect$$libinit$$0000001B)
    __rt_lib_init_clock_1                    0x0800021b   Thumb Code     0  libinit2.o(.ARM.Collect$$libinit$$00000021)
    __rt_lib_init_fp_trap_1                  0x0800021b   Thumb Code     0  libinit2.o(.ARM.Collect$$libinit$$0000001F)
    __rt_lib_init_getenv_1                   0x0800021b   Thumb Code     0  libinit2.o(.ARM.Collect$$libinit$$00000023)
    __rt_lib_init_heap_1                     0x0800021b   Thumb Code     0  libinit2.o(.ARM.Collect$$libinit$$0000000A)
    __rt_lib_init_lc_collate_1               0x0800021b   Thumb Code     0  libinit2.o(.ARM.Collect$$libinit$$00000011)
    __rt_lib_init_lc_ctype_1                 0x0800021b   Thumb Code     0  libinit2.o(.ARM.Collect$$libinit$$00000013)
    __rt_lib_init_lc_monetary_1              0x0800021b   Thumb Code     0  libinit2.o(.ARM.Collect$$libinit$$00000015)
    __rt_lib_init_lc_numeric_1               0x0800021b   Thumb Code     0  libinit2.o(.ARM.Collect$$libinit$$00000017)
    __rt_lib_init_lc_time_1                  0x0800021b   Thumb Code     0  libinit2.o(.ARM.Collect$$libinit$$00000019)
    __rt_lib_init_rand_1                     0x0800021b   Thumb Code     0  libinit2.o(.ARM.Collect$$libinit$$0000000E)
    __rt_lib_init_signal_1                   0x0800021b   Thumb Code     0  libinit2.o(.ARM.Collect$$libinit$$0000001D)
    __rt_lib_init_stdio_2                    0x0800021b   Thumb Code     0  libinit2.o(.ARM.Collect$$libinit$$00000024)
    __rt_lib_init_user_alloc_1               0x0800021b   Thumb Code     0  libinit2.o(.ARM.Collect$$libinit$$0000000C)
    __rt_lib_init_alloca_1                   0x0800021f   Thumb Code     0  libinit2.o(.ARM.Collect$$libinit$$0000002E)
    __rt_lib_init_argv_1                     0x0800021f   Thumb Code     0  libinit2.o(.ARM.Collect$$libinit$$0000002C)
    __rt_lib_init_cpp_1                      0x0800021f   Thumb Code     0  libinit2.o(.ARM.Collect$$libinit$$00000032)
    __rt_lib_init_exceptions_1               0x0800021f   Thumb Code     0  libinit2.o(.ARM.Collect$$libinit$$00000030)
    __rt_lib_init_return                     0x0800021f   Thumb Code     0  libinit2.o(.ARM.Collect$$libinit$$00000033)
    __rt_lib_init_stdio_1                    0x0800021f   Thumb Code     0  libinit2.o(.ARM.Collect$$libinit$$00000025)
    __rt_lib_shutdown                        0x08000221   Thumb Code     0  libshutdown.o(.ARM.Collect$$libshutdown$$00000000)
    __rt_lib_shutdown_cpp_1                  0x08000223   Thumb Code     0  libshutdown2.o(.ARM.Collect$$libshutdown$$00000002)
    __rt_lib_shutdown_stdio_2                0x08000223   Thumb Code     0  libshutdown2.o(.ARM.Collect$$libshutdown$$00000003)
    __rt_lib_shutdown_fp_trap_1              0x08000227   Thumb Code     0  libshutdown2.o(.ARM.Collect$$libshutdown$$00000007)
    __rt_lib_shutdown_heap_1                 0x08000227   Thumb Code     0  libshutdown2.o(.ARM.Collect$$libshutdown$$0000000F)
    __rt_lib_shutdown_return                 0x08000227   Thumb Code     0  libshutdown2.o(.ARM.Collect$$libshutdown$$00000010)
    __rt_lib_shutdown_signal_1               0x08000227   Thumb Code     0  libshutdown2.o(.ARM.Collect$$libshutdown$$0000000A)
    __rt_lib_shutdown_stdio_1                0x08000227   Thumb Code     0  libshutdown2.o(.ARM.Collect$$libshutdown$$00000004)
    __rt_lib_shutdown_user_alloc_1           0x08000227   Thumb Code     0  libshutdown2.o(.ARM.Collect$$libshutdown$$0000000C)
    __rt_entry                               0x08000229   Thumb Code     0  __rtentry.o(.ARM.Collect$$rtentry$$00000000)
    __rt_entry_presh_1                       0x08000229   Thumb Code     0  __rtentry2.o(.ARM.Collect$$rtentry$$00000002)
    __rt_entry_sh                            0x08000229   Thumb Code     0  __rtentry4.o(.ARM.Collect$$rtentry$$00000004)
    __rt_entry_li                            0x0800022f   Thumb Code     0  __rtentry2.o(.ARM.Collect$$rtentry$$0000000A)
    __rt_entry_postsh_1                      0x0800022f   Thumb Code     0  __rtentry2.o(.ARM.Collect$$rtentry$$00000009)
    __rt_entry_main                          0x08000233   Thumb Code     0  __rtentry2.o(.ARM.Collect$$rtentry$$0000000D)
    __rt_entry_postli_1                      0x08000233   Thumb Code     0  __rtentry2.o(.ARM.Collect$$rtentry$$0000000C)
    __rt_exit                                0x0800023b   Thumb Code     0  rtexit.o(.ARM.Collect$$rtexit$$00000000)
    __rt_exit_ls                             0x0800023d   Thumb Code     0  rtexit2.o(.ARM.Collect$$rtexit$$00000003)
    __rt_exit_prels_1                        0x0800023d   Thumb Code     0  rtexit2.o(.ARM.Collect$$rtexit$$00000002)
    __rt_exit_exit                           0x08000241   Thumb Code     0  rtexit2.o(.ARM.Collect$$rtexit$$00000004)
    SVC_Handler                              0x08000249   Thumb Code    28  port.o(.emb_text)
    __asm___6_port_c_39a90d8d__prvStartFirstTask 0x08000269   Thumb Code    28  port.o(.emb_text)
    __asm___6_port_c_39a90d8d__prvEnableVFP  0x08000289   Thumb Code    16  port.o(.emb_text)
    PendSV_Handler                           0x0800029d   Thumb Code    88  port.o(.emb_text)
    vPortGetIPSR                             0x080002f9   Thumb Code     6  port.o(.emb_text)
    Reset_Handler                            0x08000301   Thumb Code     8  startup_stm32f40_41xxx.o(.text)
    _maybe_terminate_alloc                   0x08000301   Thumb Code     0  maybetermalloc1.o(.emb_text)
    ADC_IRQHandler                           0x0800031b   Thumb Code     0  startup_stm32f40_41xxx.o(.text)
    CAN1_RX0_IRQHandler                      0x0800031b   Thumb Code     0  startup_stm32f40_41xxx.o(.text)
    CAN1_RX1_IRQHandler                      0x0800031b   Thumb Code     0  startup_stm32f40_41xxx.o(.text)
    CAN1_SCE_IRQHandler                      0x0800031b   Thumb Code     0  startup_stm32f40_41xxx.o(.text)
    CAN1_TX_IRQHandler                       0x0800031b   Thumb Code     0  startup_stm32f40_41xxx.o(.text)
    CAN2_RX0_IRQHandler                      0x0800031b   Thumb Code     0  startup_stm32f40_41xxx.o(.text)
    CAN2_RX1_IRQHandler                      0x0800031b   Thumb Code     0  startup_stm32f40_41xxx.o(.text)
    CAN2_SCE_IRQHandler                      0x0800031b   Thumb Code     0  startup_stm32f40_41xxx.o(.text)
    CAN2_TX_IRQHandler                       0x0800031b   Thumb Code     0  startup_stm32f40_41xxx.o(.text)
    CRYP_IRQHandler                          0x0800031b   Thumb Code     0  startup_stm32f40_41xxx.o(.text)
    DCMI_IRQHandler                          0x0800031b   Thumb Code     0  startup_stm32f40_41xxx.o(.text)
    DMA1_Stream0_IRQHandler                  0x0800031b   Thumb Code     0  startup_stm32f40_41xxx.o(.text)
    DMA1_Stream1_IRQHandler                  0x0800031b   Thumb Code     0  startup_stm32f40_41xxx.o(.text)
    DMA1_Stream2_IRQHandler                  0x0800031b   Thumb Code     0  startup_stm32f40_41xxx.o(.text)
    DMA1_Stream3_IRQHandler                  0x0800031b   Thumb Code     0  startup_stm32f40_41xxx.o(.text)
    DMA1_Stream4_IRQHandler                  0x0800031b   Thumb Code     0  startup_stm32f40_41xxx.o(.text)
    DMA1_Stream5_IRQHandler                  0x0800031b   Thumb Code     0  startup_stm32f40_41xxx.o(.text)
    DMA1_Stream6_IRQHandler                  0x0800031b   Thumb Code     0  startup_stm32f40_41xxx.o(.text)
    DMA1_Stream7_IRQHandler                  0x0800031b   Thumb Code     0  startup_stm32f40_41xxx.o(.text)
    DMA2_Stream0_IRQHandler                  0x0800031b   Thumb Code     0  startup_stm32f40_41xxx.o(.text)
    DMA2_Stream1_IRQHandler                  0x0800031b   Thumb Code     0  startup_stm32f40_41xxx.o(.text)
    DMA2_Stream2_IRQHandler                  0x0800031b   Thumb Code     0  startup_stm32f40_41xxx.o(.text)
    DMA2_Stream3_IRQHandler                  0x0800031b   Thumb Code     0  startup_stm32f40_41xxx.o(.text)
    DMA2_Stream4_IRQHandler                  0x0800031b   Thumb Code     0  startup_stm32f40_41xxx.o(.text)
    DMA2_Stream5_IRQHandler                  0x0800031b   Thumb Code     0  startup_stm32f40_41xxx.o(.text)
    DMA2_Stream6_IRQHandler                  0x0800031b   Thumb Code     0  startup_stm32f40_41xxx.o(.text)
    DMA2_Stream7_IRQHandler                  0x0800031b   Thumb Code     0  startup_stm32f40_41xxx.o(.text)
    ETH_IRQHandler                           0x0800031b   Thumb Code     0  startup_stm32f40_41xxx.o(.text)
    ETH_WKUP_IRQHandler                      0x0800031b   Thumb Code     0  startup_stm32f40_41xxx.o(.text)
    EXTI0_IRQHandler                         0x0800031b   Thumb Code     0  startup_stm32f40_41xxx.o(.text)
    EXTI15_10_IRQHandler                     0x0800031b   Thumb Code     0  startup_stm32f40_41xxx.o(.text)
    EXTI1_IRQHandler                         0x0800031b   Thumb Code     0  startup_stm32f40_41xxx.o(.text)
    EXTI2_IRQHandler                         0x0800031b   Thumb Code     0  startup_stm32f40_41xxx.o(.text)
    EXTI3_IRQHandler                         0x0800031b   Thumb Code     0  startup_stm32f40_41xxx.o(.text)
    EXTI4_IRQHandler                         0x0800031b   Thumb Code     0  startup_stm32f40_41xxx.o(.text)
    EXTI9_5_IRQHandler                       0x0800031b   Thumb Code     0  startup_stm32f40_41xxx.o(.text)
    FLASH_IRQHandler                         0x0800031b   Thumb Code     0  startup_stm32f40_41xxx.o(.text)
    FPU_IRQHandler                           0x0800031b   Thumb Code     0  startup_stm32f40_41xxx.o(.text)
    FSMC_IRQHandler                          0x0800031b   Thumb Code     0  startup_stm32f40_41xxx.o(.text)
    HASH_RNG_IRQHandler                      0x0800031b   Thumb Code     0  startup_stm32f40_41xxx.o(.text)
    I2C1_ER_IRQHandler                       0x0800031b   Thumb Code     0  startup_stm32f40_41xxx.o(.text)
    I2C1_EV_IRQHandler                       0x0800031b   Thumb Code     0  startup_stm32f40_41xxx.o(.text)
    I2C2_ER_IRQHandler                       0x0800031b   Thumb Code     0  startup_stm32f40_41xxx.o(.text)
    I2C2_EV_IRQHandler                       0x0800031b   Thumb Code     0  startup_stm32f40_41xxx.o(.text)
    I2C3_ER_IRQHandler                       0x0800031b   Thumb Code     0  startup_stm32f40_41xxx.o(.text)
    I2C3_EV_IRQHandler                       0x0800031b   Thumb Code     0  startup_stm32f40_41xxx.o(.text)
    OTG_FS_IRQHandler                        0x0800031b   Thumb Code     0  startup_stm32f40_41xxx.o(.text)
    OTG_FS_WKUP_IRQHandler                   0x0800031b   Thumb Code     0  startup_stm32f40_41xxx.o(.text)
    OTG_HS_EP1_IN_IRQHandler                 0x0800031b   Thumb Code     0  startup_stm32f40_41xxx.o(.text)
    OTG_HS_EP1_OUT_IRQHandler                0x0800031b   Thumb Code     0  startup_stm32f40_41xxx.o(.text)
    OTG_HS_IRQHandler                        0x0800031b   Thumb Code     0  startup_stm32f40_41xxx.o(.text)
    OTG_HS_WKUP_IRQHandler                   0x0800031b   Thumb Code     0  startup_stm32f40_41xxx.o(.text)
    PVD_IRQHandler                           0x0800031b   Thumb Code     0  startup_stm32f40_41xxx.o(.text)
    RCC_IRQHandler                           0x0800031b   Thumb Code     0  startup_stm32f40_41xxx.o(.text)
    RTC_Alarm_IRQHandler                     0x0800031b   Thumb Code     0  startup_stm32f40_41xxx.o(.text)
    RTC_WKUP_IRQHandler                      0x0800031b   Thumb Code     0  startup_stm32f40_41xxx.o(.text)
    SDIO_IRQHandler                          0x0800031b   Thumb Code     0  startup_stm32f40_41xxx.o(.text)
    SPI1_IRQHandler                          0x0800031b   Thumb Code     0  startup_stm32f40_41xxx.o(.text)
    SPI2_IRQHandler                          0x0800031b   Thumb Code     0  startup_stm32f40_41xxx.o(.text)
    SPI3_IRQHandler                          0x0800031b   Thumb Code     0  startup_stm32f40_41xxx.o(.text)
    TAMP_STAMP_IRQHandler                    0x0800031b   Thumb Code     0  startup_stm32f40_41xxx.o(.text)
    TIM1_BRK_TIM9_IRQHandler                 0x0800031b   Thumb Code     0  startup_stm32f40_41xxx.o(.text)
    TIM1_CC_IRQHandler                       0x0800031b   Thumb Code     0  startup_stm32f40_41xxx.o(.text)
    TIM1_TRG_COM_TIM11_IRQHandler            0x0800031b   Thumb Code     0  startup_stm32f40_41xxx.o(.text)
    TIM1_UP_TIM10_IRQHandler                 0x0800031b   Thumb Code     0  startup_stm32f40_41xxx.o(.text)
    TIM2_IRQHandler                          0x0800031b   Thumb Code     0  startup_stm32f40_41xxx.o(.text)
    TIM4_IRQHandler                          0x0800031b   Thumb Code     0  startup_stm32f40_41xxx.o(.text)
    TIM5_IRQHandler                          0x0800031b   Thumb Code     0  startup_stm32f40_41xxx.o(.text)
    TIM6_DAC_IRQHandler                      0x0800031b   Thumb Code     0  startup_stm32f40_41xxx.o(.text)
    TIM7_IRQHandler                          0x0800031b   Thumb Code     0  startup_stm32f40_41xxx.o(.text)
    TIM8_BRK_TIM12_IRQHandler                0x0800031b   Thumb Code     0  startup_stm32f40_41xxx.o(.text)
    TIM8_CC_IRQHandler                       0x0800031b   Thumb Code     0  startup_stm32f40_41xxx.o(.text)
    TIM8_TRG_COM_TIM14_IRQHandler            0x0800031b   Thumb Code     0  startup_stm32f40_41xxx.o(.text)
    TIM8_UP_TIM13_IRQHandler                 0x0800031b   Thumb Code     0  startup_stm32f40_41xxx.o(.text)
    UART4_IRQHandler                         0x0800031b   Thumb Code     0  startup_stm32f40_41xxx.o(.text)
    UART5_IRQHandler                         0x0800031b   Thumb Code     0  startup_stm32f40_41xxx.o(.text)
    USART3_IRQHandler                        0x0800031b   Thumb Code     0  startup_stm32f40_41xxx.o(.text)
    USART6_IRQHandler                        0x0800031b   Thumb Code     0  startup_stm32f40_41xxx.o(.text)
    WWDG_IRQHandler                          0x0800031b   Thumb Code     0  startup_stm32f40_41xxx.o(.text)
    __user_initial_stackheap                 0x0800031d   Thumb Code     0  startup_stm32f40_41xxx.o(.text)
    __2printf                                0x08000341   Thumb Code    20  noretval__2printf.o(.text)
    __printf                                 0x08000359   Thumb Code   104  __printf.o(.text)
    _printf_str                              0x080003c1   Thumb Code    82  _printf_str.o(.text)
    _printf_int_dec                          0x08000415   Thumb Code   104  _printf_dec.o(.text)
    strlen                                   0x0800048d   Thumb Code    62  strlen.o(.text)
    __aeabi_memcpy                           0x080004cb   Thumb Code     0  rt_memcpy_v6.o(.text)
    __rt_memcpy                              0x080004cb   Thumb Code   138  rt_memcpy_v6.o(.text)
    _memcpy_lastbytes                        0x08000531   Thumb Code     0  rt_memcpy_v6.o(.text)
    __aeabi_memset                           0x08000555   Thumb Code    16  aeabi_memset.o(.text)
    __use_two_region_memory                  0x08000565   Thumb Code     2  heapauxi.o(.text)
    __rt_heap_escrow                         0x08000567   Thumb Code     2  heapauxi.o(.text)
    __rt_heap_expand                         0x08000569   Thumb Code     2  heapauxi.o(.text)
    _printf_int_common                       0x0800056b   Thumb Code   178  _printf_intcommon.o(.text)
    _printf_char_common                      0x08000627   Thumb Code    32  _printf_char_common.o(.text)
    _printf_cs_common                        0x0800064d   Thumb Code    20  _printf_char.o(.text)
    _printf_char                             0x08000661   Thumb Code    16  _printf_char.o(.text)
    _printf_string                           0x08000671   Thumb Code     8  _printf_char.o(.text)
    _printf_char_file                        0x08000679   Thumb Code    32  _printf_char_file.o(.text)
    __aeabi_memcpy4                          0x0800069d   Thumb Code     0  rt_memcpy_w.o(.text)
    __aeabi_memcpy8                          0x0800069d   Thumb Code     0  rt_memcpy_w.o(.text)
    __rt_memcpy_w                            0x0800069d   Thumb Code   100  rt_memcpy_w.o(.text)
    _memcpy_lastbytes_aligned                0x080006e5   Thumb Code     0  rt_memcpy_w.o(.text)
    __aeabi_memclr                           0x08000701   Thumb Code     0  rt_memclr.o(.text)
    __rt_memclr                              0x08000701   Thumb Code    68  rt_memclr.o(.text)
    _memset                                  0x08000705   Thumb Code     0  rt_memclr.o(.text)
    ferror                                   0x08000745   Thumb Code     8  ferror.o(.text)
    _initio                                  0x0800074d   Thumb Code   210  initio.o(.text)
    _terminateio                             0x0800081f   Thumb Code    56  initio.o(.text)
    __aeabi_memclr4                          0x08000885   Thumb Code     0  rt_memclr_w.o(.text)
    __aeabi_memclr8                          0x08000885   Thumb Code     0  rt_memclr_w.o(.text)
    __rt_memclr_w                            0x08000885   Thumb Code    78  rt_memclr_w.o(.text)
    _memset_w                                0x08000889   Thumb Code     0  rt_memclr_w.o(.text)
    _sys_open                                0x080008d3   Thumb Code    20  sys_io.o(.text)
    _sys_close                               0x080008e7   Thumb Code    12  sys_io.o(.text)
    _sys_write                               0x080008f3   Thumb Code    16  sys_io.o(.text)
    _sys_read                                0x08000903   Thumb Code    14  sys_io.o(.text)
    _sys_istty                               0x08000911   Thumb Code    12  sys_io.o(.text)
    _sys_seek                                0x0800091d   Thumb Code    14  sys_io.o(.text)
    _sys_ensure                              0x0800092b   Thumb Code     2  sys_io.o(.text)
    _sys_flen                                0x0800092d   Thumb Code    12  sys_io.o(.text)
    __user_setup_stackheap                   0x08000939   Thumb Code    74  sys_stackheap_outer.o(.text)
    free                                     0x08000983   Thumb Code    78  h1_free.o(.text)
    setvbuf                                  0x080009d1   Thumb Code    70  setvbuf.o(.text)
    freopen                                  0x08000a19   Thumb Code   158  fopen.o(.text)
    fopen                                    0x08000ab7   Thumb Code    74  fopen.o(.text)
    _fclose_internal                         0x08000b05   Thumb Code    76  fclose.o(.text)
    fclose                                   0x08000b05   Thumb Code     0  fclose.o(.text)
    exit                                     0x08000b51   Thumb Code    18  exit.o(.text)
    __rt_SIGRTRED                            0x08000b63   Thumb Code    14  defsig_rtred_outer.o(.text)
    __user_libspace                          0x08000b71   Thumb Code     8  libspace.o(.text)
    __user_perproc_libspace                  0x08000b71   Thumb Code     0  libspace.o(.text)
    __user_perthread_libspace                0x08000b71   Thumb Code     0  libspace.o(.text)
    __I$use$semihosting                      0x08000b79   Thumb Code     0  use_no_semi.o(.text)
    __use_no_semihosting_swi                 0x08000b79   Thumb Code     2  use_no_semi.o(.text)
    __semihosting_library_function           0x08000b7b   Thumb Code     0  indicate_semi.o(.text)
    __rt_heap_descriptor                     0x08000b7d   Thumb Code     8  rt_heap_descriptor_intlibspace.o(.text)
    __use_no_heap                            0x08000b85   Thumb Code     2  hguard.o(.text)
    __heap$guard                             0x08000b87   Thumb Code     2  hguard.o(.text)
    _terminate_user_alloc                    0x08000b89   Thumb Code     2  init_alloc.o(.text)
    _init_user_alloc                         0x08000b8b   Thumb Code     2  init_alloc.o(.text)
    __Heap_Full                              0x08000b8d   Thumb Code    34  init_alloc.o(.text)
    __Heap_Broken                            0x08000baf   Thumb Code     6  init_alloc.o(.text)
    _init_alloc                              0x08000bb5   Thumb Code    94  init_alloc.o(.text)
    malloc                                   0x08000c13   Thumb Code    94  h1_alloc.o(.text)
    _fseek                                   0x08000c71   Thumb Code   242  fseek.o(.text)
    fseek                                    0x08000c71   Thumb Code     0  fseek.o(.text)
    _seterr                                  0x08000d69   Thumb Code    20  stdio.o(.text)
    _writebuf                                0x08000d7d   Thumb Code    84  stdio.o(.text)
    _fflush                                  0x08000dd1   Thumb Code    70  stdio.o(.text)
    _deferredlazyseek                        0x08000e17   Thumb Code    60  stdio.o(.text)
    __sig_exit                               0x08000e59   Thumb Code    10  defsig_exit.o(.text)
    __rt_SIGRTRED_inner                      0x08000e65   Thumb Code    14  defsig_rtred_inner.o(.text)
    _sys_exit                                0x08000e99   Thumb Code     8  sys_exit.o(.text)
    __Heap_Initialize                        0x08000ea5   Thumb Code    10  h1_init.o(.text)
    __Heap_DescSize                          0x08000eaf   Thumb Code     4  h1_init.o(.text)
    __Heap_ProvideMemory                     0x08000eb3   Thumb Code    52  h1_extend.o(.text)
    _ftell_internal                          0x08000ee7   Thumb Code    66  ftell.o(.text)
    ftell                                    0x08000ee7   Thumb Code     0  ftell.o(.text)
    __default_signal_display                 0x08000f29   Thumb Code    50  defsig_general.o(.text)
    __rt_SIGRTMEM                            0x08000f5b   Thumb Code    14  defsig_rtmem_outer.o(.text)
    _ttywrch                                 0x08000f69   Thumb Code    14  sys_wrch.o(.text)
    __aeabi_errno_addr                       0x08000f79   Thumb Code     8  rt_errno_addr_intlibspace.o(.text)
    __errno$intlibspace                      0x08000f79   Thumb Code     0  rt_errno_addr_intlibspace.o(.text)
    __rt_errno_addr$intlibspace              0x08000f79   Thumb Code     0  rt_errno_addr_intlibspace.o(.text)
    __rt_SIGRTMEM_inner                      0x08000f81   Thumb Code    22  defsig_rtmem_inner.o(.text)
    BusFault_Handler                         0x08000fd1   Thumb Code     2  stm32f4xx_it.o(i.BusFault_Handler)
    ConfigureTimeForRunTimeStats             0x08000fd5   Thumb Code    16  timer.o(i.ConfigureTimeForRunTimeStats)
    DebugMon_Handler                         0x08000fe9   Thumb Code     2  stm32f4xx_it.o(i.DebugMon_Handler)
    DwinUartInit                             0x08000fed   Thumb Code   176  dwin.o(i.DwinUartInit)
    GPIO_Init                                0x080010a5   Thumb Code   120  stm32f4xx_gpio.o(i.GPIO_Init)
    GPIO_PinAFConfig                         0x0800111d   Thumb Code    32  stm32f4xx_gpio.o(i.GPIO_PinAFConfig)
    HardFault_Handler                        0x0800113d   Thumb Code     2  stm32f4xx_it.o(i.HardFault_Handler)
    MemManage_Handler                        0x0800113f   Thumb Code     2  stm32f4xx_it.o(i.MemManage_Handler)
    NMI_Handler                              0x08001141   Thumb Code     2  stm32f4xx_it.o(i.NMI_Handler)
    NVIC_Init                                0x08001145   Thumb Code    96  misc.o(i.NVIC_Init)
    NVIC_PriorityGroupConfig                 0x080011a9   Thumb Code    10  misc.o(i.NVIC_PriorityGroupConfig)
    ProcessMessage                           0x080011bd   Thumb Code   146  dwin_test.o(i.ProcessMessage)
    RCC_AHB1PeriphClockCmd                   0x08001271   Thumb Code    18  stm32f4xx_rcc.o(i.RCC_AHB1PeriphClockCmd)
    RCC_APB1PeriphClockCmd                   0x08001289   Thumb Code    18  stm32f4xx_rcc.o(i.RCC_APB1PeriphClockCmd)
    RCC_APB2PeriphClockCmd                   0x080012a1   Thumb Code    18  stm32f4xx_rcc.o(i.RCC_APB2PeriphClockCmd)
    RCC_GetClocksFreq                        0x080012b9   Thumb Code   132  stm32f4xx_rcc.o(i.RCC_GetClocksFreq)
    SysTick_CLKSourceConfig                  0x080013fd   Thumb Code    24  misc.o(i.SysTick_CLKSourceConfig)
    SysTick_Handler                          0x08001415   Thumb Code    20  delay.o(i.SysTick_Handler)
    SystemInit                               0x08001429   Thumb Code    74  system_stm32f4xx.o(i.SystemInit)
    TIM3_IRQHandler                          0x08001485   Thumb Code    44  timer.o(i.TIM3_IRQHandler)
    TIM3_Int_Init                            0x080014b9   Thumb Code    86  timer.o(i.TIM3_Int_Init)
    TIM_ClearITPendingBit                    0x08001515   Thumb Code     6  stm32f4xx_tim.o(i.TIM_ClearITPendingBit)
    TIM_Cmd                                  0x0800151b   Thumb Code    20  stm32f4xx_tim.o(i.TIM_Cmd)
    TIM_GetITStatus                          0x0800152f   Thumb Code    24  stm32f4xx_tim.o(i.TIM_GetITStatus)
    TIM_ITConfig                             0x08001547   Thumb Code    16  stm32f4xx_tim.o(i.TIM_ITConfig)
    TIM_TimeBaseInit                         0x08001559   Thumb Code    96  stm32f4xx_tim.o(i.TIM_TimeBaseInit)
    USART1_IRQHandler                        0x080015d5   Thumb Code    88  usart.o(i.USART1_IRQHandler)
    USART2_IRQHandler                        0x08001639   Thumb Code    32  dwin.o(i.USART2_IRQHandler)
    USART_Cmd                                0x0800165d   Thumb Code    20  stm32f4xx_usart.o(i.USART_Cmd)
    USART_GetFlagStatus                      0x08001671   Thumb Code    14  stm32f4xx_usart.o(i.USART_GetFlagStatus)
    USART_GetITStatus                        0x0800167f   Thumb Code    62  stm32f4xx_usart.o(i.USART_GetITStatus)
    USART_ITConfig                           0x080016bd   Thumb Code    48  stm32f4xx_usart.o(i.USART_ITConfig)
    USART_Init                               0x080016ed   Thumb Code   164  stm32f4xx_usart.o(i.USART_Init)
    USART_ReceiveData                        0x08001799   Thumb Code     8  stm32f4xx_usart.o(i.USART_ReceiveData)
    UsageFault_Handler                       0x080017a1   Thumb Code     2  stm32f4xx_it.o(i.UsageFault_Handler)
    debug_task                               0x080017a5   Thumb Code    34  main.o(i.debug_task)
    delay_init                               0x080017cd   Thumb Code    50  delay.o(i.delay_init)
    delay_ms                                 0x08001805   Thumb Code    52  delay.o(i.delay_ms)
    delay_us                                 0x0800183d   Thumb Code    48  delay.o(i.delay_us)
    dwin_ack                                 0x08001871   Thumb Code    22  dwin_test.o(i.dwin_ack)
    dwin_task                                0x08001887   Thumb Code    12  main.o(i.dwin_task)
    fputc                                    0x08001895   Thumb Code    14  usart.o(i.fputc)
    main                                     0x080018a9   Thumb Code    72  main.o(i.main)
    pvPortMalloc                             0x08002169   Thumb Code   214  heap_4.o(i.pvPortMalloc)
    pvTaskIncrementMutexHeldCount            0x0800227d   Thumb Code    18  tasks.o(i.pvTaskIncrementMutexHeldCount)
    pxPortInitialiseStack                    0x08002295   Thumb Code    40  port.o(i.pxPortInitialiseStack)
    queue_find_cmd                           0x080022c1   Thumb Code   104  cmd_queue.o(i.queue_find_cmd)
    queue_push                               0x08002331   Thumb Code    26  cmd_queue.o(i.queue_push)
    queue_reset                              0x08002351   Thumb Code    14  cmd_queue.o(i.queue_reset)
    read_u16_from_dwin                       0x08002369   Thumb Code     2  dwin.o(i.read_u16_from_dwin)
    start_task                               0x0800236d   Thumb Code    68  main.o(i.start_task)
    uart_init                                0x080023d5   Thumb Code   164  usart.o(i.uart_init)
    uxListRemove                             0x08002481   Thumb Code    36  list.o(i.uxListRemove)
    vListInitialise                          0x080024a5   Thumb Code    22  list.o(i.vListInitialise)
    vListInitialiseItem                      0x080024bb   Thumb Code     6  list.o(i.vListInitialiseItem)
    vListInsert                              0x080024c1   Thumb Code    48  list.o(i.vListInsert)
    vListInsertEnd                           0x080024f1   Thumb Code    24  list.o(i.vListInsertEnd)
    vPortEnterCritical                       0x08002509   Thumb Code    50  port.o(i.vPortEnterCritical)
    vPortExitCritical                        0x08002581   Thumb Code    34  port.o(i.vPortExitCritical)
    vPortFree                                0x080025e5   Thumb Code    94  heap_4.o(i.vPortFree)
    vPortSetupTimerInterrupt                 0x08002681   Thumb Code    26  port.o(i.vPortSetupTimerInterrupt)
    vPortValidateInterruptPriority           0x080026a1   Thumb Code    70  port.o(i.vPortValidateInterruptPriority)
    vQueueAddToRegistry                      0x0800272d   Thumb Code    32  queue.o(i.vQueueAddToRegistry)
    vQueueWaitForMessageRestricted           0x08002751   Thumb Code    68  queue.o(i.vQueueWaitForMessageRestricted)
    vTaskDelay                               0x08002795   Thumb Code    62  tasks.o(i.vTaskDelay)
    vTaskDelete                              0x08002801   Thumb Code   152  tasks.o(i.vTaskDelete)
    vTaskMissedYield                         0x080028cd   Thumb Code     8  tasks.o(i.vTaskMissedYield)
    vTaskPlaceOnEventList                    0x080028d9   Thumb Code    44  tasks.o(i.vTaskPlaceOnEventList)
    vTaskPlaceOnEventListRestricted          0x0800292d   Thumb Code    52  tasks.o(i.vTaskPlaceOnEventListRestricted)
    vTaskPriorityInherit                     0x08002989   Thumb Code   124  tasks.o(i.vTaskPriorityInherit)
    vTaskSetTimeOutState                     0x08002a0d   Thumb Code    30  tasks.o(i.vTaskSetTimeOutState)
    vTaskStartScheduler                      0x08002a55   Thumb Code   100  tasks.o(i.vTaskStartScheduler)
    vTaskSuspendAll                          0x08002aed   Thumb Code    10  tasks.o(i.vTaskSuspendAll)
    vTaskSwitchContext                       0x08002afd   Thumb Code   106  tasks.o(i.vTaskSwitchContext)
    write_u16_to_dwin                        0x08002b99   Thumb Code     2  dwin.o(i.write_u16_to_dwin)
    write_u8_to_dwin                         0x08002b9b   Thumb Code     2  dwin.o(i.write_u8_to_dwin)
    xPortStartScheduler                      0x08002b9d   Thumb Code   196  port.o(i.xPortStartScheduler)
    xPortSysTickHandler                      0x08002cb1   Thumb Code    38  port.o(i.xPortSysTickHandler)
    xQueueGenericCreate                      0x08002cdd   Thumb Code    82  queue.o(i.xQueueGenericCreate)
    xQueueGenericReceive                     0x08002d55   Thumb Code   348  queue.o(i.xQueueGenericReceive)
    xQueueGenericReset                       0x08002ed9   Thumb Code   128  queue.o(i.xQueueGenericReset)
    xQueueGenericSend                        0x08002f81   Thumb Code   350  queue.o(i.xQueueGenericSend)
    xQueueGenericSendFromISR                 0x08003109   Thumb Code   188  queue.o(i.xQueueGenericSendFromISR)
    xTaskCheckForTimeOut                     0x080031e9   Thumb Code    94  tasks.o(i.xTaskCheckForTimeOut)
    xTaskCreate                              0x08003271   Thumb Code    86  tasks.o(i.xTaskCreate)
    xTaskGetSchedulerState                   0x080032c9   Thumb Code    22  tasks.o(i.xTaskGetSchedulerState)
    xTaskGetTickCount                        0x080032e5   Thumb Code     6  tasks.o(i.xTaskGetTickCount)
    xTaskIncrementTick                       0x080032f1   Thumb Code   188  tasks.o(i.xTaskIncrementTick)
    xTaskPriorityDisinherit                  0x080033d9   Thumb Code   136  tasks.o(i.xTaskPriorityDisinherit)
    xTaskRemoveFromEventList                 0x0800348d   Thumb Code   102  tasks.o(i.xTaskRemoveFromEventList)
    xTaskResumeAll                           0x08003525   Thumb Code   180  tasks.o(i.xTaskResumeAll)
    xTimerCreate                             0x08003609   Thumb Code    74  timers.o(i.xTimerCreate)
    xTimerCreateTimerTask                    0x0800367d   Thumb Code    58  timers.o(i.xTimerCreateTimerTask)
    xTimerGenericCommand                     0x080036f1   Thumb Code    98  timers.o(i.xTimerGenericCommand)
    _fp_init                                 0x08003781   Thumb Code    10  fpinit.o(x$fpl$fpinit)
    __fplib_config_fpu_vfp                   0x08003789   Thumb Code     0  fpinit.o(x$fpl$fpinit)
    __fplib_config_pureend_doubles           0x08003789   Thumb Code     0  fpinit.o(x$fpl$fpinit)
    __stdin_name                             0x0800378a   Data           4  sys_io.o(.constdata)
    __stdout_name                            0x0800378e   Data           4  sys_io.o(.constdata)
    __stderr_name                            0x08003792   Data           4  sys_io.o(.constdata)
    Region$$Table$$Base                      0x08003798   Number         0  anon$$obj.o(Region$$Table)
    Region$$Table$$Limit                     0x080037b8   Number         0  anon$$obj.o(Region$$Table)
    mem3base                                 0x10000000   Data       61440  malloc.o(.ARM.__AT_0x10000000)
    mem3mapbase                              0x1000f000   Data        3840  malloc.o(.ARM.__AT_0x1000F000)
    StartTask_Handler                        0x20000004   Data           4  main.o(.data)
    DwinTask_Handler                         0x20000008   Data           4  main.o(.data)
    Debug_Handler                            0x2000000c   Data           4  main.o(.data)
    SystemCoreClock                          0x20000010   Data           4  system_stm32f4xx.o(.data)
    AHBPrescTable                            0x20000014   Data          16  system_stm32f4xx.o(.data)
    FreeRTOSRunTimeTicks                     0x20000028   Data           8  timer.o(.data)
    USART_RX_STA                             0x20000038   Data           2  usart.o(.data)
    pxCurrentTCB                             0x2000004c   Data           4  tasks.o(.data)
    __aeabi_stdin                            0x200000c8   Data           4  stdio_streams.o(.data)
    __aeabi_stdout                           0x200000cc   Data           4  stdio_streams.o(.data)
    __aeabi_stderr                           0x200000d0   Data           4  stdio_streams.o(.data)
    USART_RX_BUF                             0x200002d8   Data          50  usart.o(.bss)
    xQueueRegistry                           0x2000030c   Data          64  queue.o(.bss)
    __stdin                                  0x20005658   Data          84  stdio_streams.o(.bss)
    __stdout                                 0x200056ac   Data          84  stdio_streams.o(.bss)
    __stderr                                 0x20005700   Data          84  stdio_streams.o(.bss)
    __libspace_start                         0x20005754   Data          96  libspace.o(.bss)
    __temporary_stack_top$libspace           0x200057b4   Data           0  libspace.o(.bss)
    mem2base                                 0x68000000   Data       983040  malloc.o(.ARM.__AT_0x68000000)
    mem2mapbase                              0x680f0000   Data       61440  malloc.o(.ARM.__AT_0x680F0000)



==============================================================================

Memory Map of the image

  Image Entry point : 0x08000189

  Load Region LR_IROM1 (Base: 0x08000000, Size: 0x0000388c, Max: 0x00100000, ABSOLUTE)

    Execution Region ER_IROM1 (Exec base: 0x08000000, Load base: 0x08000000, Size: 0x000037b8, Max: 0x00100000, ABSOLUTE)

    Exec Addr    Load Addr    Size         Type   Attr      Idx    E Section Name        Object

    0x08000000   0x08000000   0x00000188   Data   RO         1008    RESET               startup_stm32f40_41xxx.o
    0x08000188   0x08000188   0x00000008   Code   RO         3597  * !!!main             c_w.l(__main.o)
    0x08000190   0x08000190   0x00000034   Code   RO         3941    !!!scatter          c_w.l(__scatter.o)
    0x080001c4   0x080001c4   0x0000001a   Code   RO         3943    !!handler_copy      c_w.l(__scatter_copy.o)
    0x080001de   0x080001de   0x00000002   PAD
    0x080001e0   0x080001e0   0x0000001c   Code   RO         3945    !!handler_zi        c_w.l(__scatter_zi.o)
    0x080001fc   0x080001fc   0x00000000   Code   RO         3586    .ARM.Collect$$_printf_percent$$00000000  c_w.l(_printf_percent.o)
    0x080001fc   0x080001fc   0x00000006   Code   RO         3584    .ARM.Collect$$_printf_percent$$00000009  c_w.l(_printf_d.o)
    0x08000202   0x08000202   0x00000006   Code   RO         3582    .ARM.Collect$$_printf_percent$$00000014  c_w.l(_printf_s.o)
    0x08000208   0x08000208   0x00000004   Code   RO         3622    .ARM.Collect$$_printf_percent$$00000017  c_w.l(_printf_percent_end.o)
    0x0800020c   0x0800020c   0x00000002   Code   RO         3752    .ARM.Collect$$libinit$$00000000  c_w.l(libinit.o)
    0x0800020e   0x0800020e   0x00000004   Code   RO         3753    .ARM.Collect$$libinit$$00000001  c_w.l(libinit2.o)
    0x08000212   0x08000212   0x00000000   Code   RO         3756    .ARM.Collect$$libinit$$00000004  c_w.l(libinit2.o)
    0x08000212   0x08000212   0x00000008   Code   RO         3757    .ARM.Collect$$libinit$$00000005  c_w.l(libinit2.o)
    0x0800021a   0x0800021a   0x00000000   Code   RO         3759    .ARM.Collect$$libinit$$0000000A  c_w.l(libinit2.o)
    0x0800021a   0x0800021a   0x00000000   Code   RO         3761    .ARM.Collect$$libinit$$0000000C  c_w.l(libinit2.o)
    0x0800021a   0x0800021a   0x00000000   Code   RO         3763    .ARM.Collect$$libinit$$0000000E  c_w.l(libinit2.o)
    0x0800021a   0x0800021a   0x00000000   Code   RO         3766    .ARM.Collect$$libinit$$00000011  c_w.l(libinit2.o)
    0x0800021a   0x0800021a   0x00000000   Code   RO         3768    .ARM.Collect$$libinit$$00000013  c_w.l(libinit2.o)
    0x0800021a   0x0800021a   0x00000000   Code   RO         3770    .ARM.Collect$$libinit$$00000015  c_w.l(libinit2.o)
    0x0800021a   0x0800021a   0x00000000   Code   RO         3772    .ARM.Collect$$libinit$$00000017  c_w.l(libinit2.o)
    0x0800021a   0x0800021a   0x00000000   Code   RO         3774    .ARM.Collect$$libinit$$00000019  c_w.l(libinit2.o)
    0x0800021a   0x0800021a   0x00000000   Code   RO         3776    .ARM.Collect$$libinit$$0000001B  c_w.l(libinit2.o)
    0x0800021a   0x0800021a   0x00000000   Code   RO         3778    .ARM.Collect$$libinit$$0000001D  c_w.l(libinit2.o)
    0x0800021a   0x0800021a   0x00000000   Code   RO         3780    .ARM.Collect$$libinit$$0000001F  c_w.l(libinit2.o)
    0x0800021a   0x0800021a   0x00000000   Code   RO         3782    .ARM.Collect$$libinit$$00000021  c_w.l(libinit2.o)
    0x0800021a   0x0800021a   0x00000000   Code   RO         3784    .ARM.Collect$$libinit$$00000023  c_w.l(libinit2.o)
    0x0800021a   0x0800021a   0x00000004   Code   RO         3785    .ARM.Collect$$libinit$$00000024  c_w.l(libinit2.o)
    0x0800021e   0x0800021e   0x00000000   Code   RO         3786    .ARM.Collect$$libinit$$00000025  c_w.l(libinit2.o)
    0x0800021e   0x0800021e   0x00000000   Code   RO         3790    .ARM.Collect$$libinit$$0000002C  c_w.l(libinit2.o)
    0x0800021e   0x0800021e   0x00000000   Code   RO         3792    .ARM.Collect$$libinit$$0000002E  c_w.l(libinit2.o)
    0x0800021e   0x0800021e   0x00000000   Code   RO         3794    .ARM.Collect$$libinit$$00000030  c_w.l(libinit2.o)
    0x0800021e   0x0800021e   0x00000000   Code   RO         3796    .ARM.Collect$$libinit$$00000032  c_w.l(libinit2.o)
    0x0800021e   0x0800021e   0x00000002   Code   RO         3797    .ARM.Collect$$libinit$$00000033  c_w.l(libinit2.o)
    0x08000220   0x08000220   0x00000002   Code   RO         3920    .ARM.Collect$$libshutdown$$00000000  c_w.l(libshutdown.o)
    0x08000222   0x08000222   0x00000000   Code   RO         3799    .ARM.Collect$$libshutdown$$00000002  c_w.l(libshutdown2.o)
    0x08000222   0x08000222   0x00000004   Code   RO         3800    .ARM.Collect$$libshutdown$$00000003  c_w.l(libshutdown2.o)
    0x08000226   0x08000226   0x00000000   Code   RO         3801    .ARM.Collect$$libshutdown$$00000004  c_w.l(libshutdown2.o)
    0x08000226   0x08000226   0x00000000   Code   RO         3804    .ARM.Collect$$libshutdown$$00000007  c_w.l(libshutdown2.o)
    0x08000226   0x08000226   0x00000000   Code   RO         3807    .ARM.Collect$$libshutdown$$0000000A  c_w.l(libshutdown2.o)
    0x08000226   0x08000226   0x00000000   Code   RO         3809    .ARM.Collect$$libshutdown$$0000000C  c_w.l(libshutdown2.o)
    0x08000226   0x08000226   0x00000000   Code   RO         3812    .ARM.Collect$$libshutdown$$0000000F  c_w.l(libshutdown2.o)
    0x08000226   0x08000226   0x00000002   Code   RO         3813    .ARM.Collect$$libshutdown$$00000010  c_w.l(libshutdown2.o)
    0x08000228   0x08000228   0x00000000   Code   RO         3611    .ARM.Collect$$rtentry$$00000000  c_w.l(__rtentry.o)
    0x08000228   0x08000228   0x00000000   Code   RO         3639    .ARM.Collect$$rtentry$$00000002  c_w.l(__rtentry2.o)
    0x08000228   0x08000228   0x00000006   Code   RO         3651    .ARM.Collect$$rtentry$$00000004  c_w.l(__rtentry4.o)
    0x0800022e   0x0800022e   0x00000000   Code   RO         3641    .ARM.Collect$$rtentry$$00000009  c_w.l(__rtentry2.o)
    0x0800022e   0x0800022e   0x00000004   Code   RO         3642    .ARM.Collect$$rtentry$$0000000A  c_w.l(__rtentry2.o)
    0x08000232   0x08000232   0x00000000   Code   RO         3644    .ARM.Collect$$rtentry$$0000000C  c_w.l(__rtentry2.o)
    0x08000232   0x08000232   0x00000008   Code   RO         3645    .ARM.Collect$$rtentry$$0000000D  c_w.l(__rtentry2.o)
    0x0800023a   0x0800023a   0x00000002   Code   RO         3820    .ARM.Collect$$rtexit$$00000000  c_w.l(rtexit.o)
    0x0800023c   0x0800023c   0x00000000   Code   RO         3866    .ARM.Collect$$rtexit$$00000002  c_w.l(rtexit2.o)
    0x0800023c   0x0800023c   0x00000004   Code   RO         3867    .ARM.Collect$$rtexit$$00000003  c_w.l(rtexit2.o)
    0x08000240   0x08000240   0x00000006   Code   RO         3868    .ARM.Collect$$rtexit$$00000004  c_w.l(rtexit2.o)
    0x08000246   0x08000246   0x00000002   PAD
    0x08000248   0x08000248   0x000000b6   Code   RO         3384    .emb_text           port.o
    0x080002fe   0x080002fe   0x00000002   PAD
    0x08000300   0x08000300   0x00000000   Code   RO         3872    .emb_text           c_w.l(maybetermalloc1.o)
    0x08000300   0x08000300   0x00000040   Code   RO         1009    .text               startup_stm32f40_41xxx.o
    0x08000340   0x08000340   0x00000018   Code   RO         3530    .text               c_w.l(noretval__2printf.o)
    0x08000358   0x08000358   0x00000068   Code   RO         3534    .text               c_w.l(__printf.o)
    0x080003c0   0x080003c0   0x00000052   Code   RO         3536    .text               c_w.l(_printf_str.o)
    0x08000412   0x08000412   0x00000002   PAD
    0x08000414   0x08000414   0x00000078   Code   RO         3538    .text               c_w.l(_printf_dec.o)
    0x0800048c   0x0800048c   0x0000003e   Code   RO         3589    .text               c_w.l(strlen.o)
    0x080004ca   0x080004ca   0x0000008a   Code   RO         3591    .text               c_w.l(rt_memcpy_v6.o)
    0x08000554   0x08000554   0x00000010   Code   RO         3593    .text               c_w.l(aeabi_memset.o)
    0x08000564   0x08000564   0x00000006   Code   RO         3595    .text               c_w.l(heapauxi.o)
    0x0800056a   0x0800056a   0x000000b2   Code   RO         3612    .text               c_w.l(_printf_intcommon.o)
    0x0800061c   0x0800061c   0x00000030   Code   RO         3614    .text               c_w.l(_printf_char_common.o)
    0x0800064c   0x0800064c   0x0000002c   Code   RO         3618    .text               c_w.l(_printf_char.o)
    0x08000678   0x08000678   0x00000024   Code   RO         3620    .text               c_w.l(_printf_char_file.o)
    0x0800069c   0x0800069c   0x00000064   Code   RO         3629    .text               c_w.l(rt_memcpy_w.o)
    0x08000700   0x08000700   0x00000044   Code   RO         3631    .text               c_w.l(rt_memclr.o)
    0x08000744   0x08000744   0x00000008   Code   RO         3655    .text               c_w.l(ferror.o)
    0x0800074c   0x0800074c   0x00000138   Code   RO         3657    .text               c_w.l(initio.o)
    0x08000884   0x08000884   0x0000004e   Code   RO         3663    .text               c_w.l(rt_memclr_w.o)
    0x080008d2   0x080008d2   0x00000066   Code   RO         3665    .text               c_w.l(sys_io.o)
    0x08000938   0x08000938   0x0000004a   Code   RO         3672    .text               c_w.l(sys_stackheap_outer.o)
    0x08000982   0x08000982   0x0000004e   Code   RO         3676    .text               c_w.l(h1_free.o)
    0x080009d0   0x080009d0   0x00000046   Code   RO         3730    .text               c_w.l(setvbuf.o)
    0x08000a16   0x08000a16   0x00000002   PAD
    0x08000a18   0x08000a18   0x000000ec   Code   RO         3733    .text               c_w.l(fopen.o)
    0x08000b04   0x08000b04   0x0000004c   Code   RO         3735    .text               c_w.l(fclose.o)
    0x08000b50   0x08000b50   0x00000012   Code   RO         3741    .text               c_w.l(exit.o)
    0x08000b62   0x08000b62   0x0000000e   Code   RO         3743    .text               c_w.l(defsig_rtred_outer.o)
    0x08000b70   0x08000b70   0x00000008   Code   RO         3814    .text               c_w.l(libspace.o)
    0x08000b78   0x08000b78   0x00000002   Code   RO         3817    .text               c_w.l(use_no_semi.o)
    0x08000b7a   0x08000b7a   0x00000000   Code   RO         3819    .text               c_w.l(indicate_semi.o)
    0x08000b7a   0x08000b7a   0x00000002   PAD
    0x08000b7c   0x08000b7c   0x00000008   Code   RO         3827    .text               c_w.l(rt_heap_descriptor_intlibspace.o)
    0x08000b84   0x08000b84   0x00000004   Code   RO         3829    .text               c_w.l(hguard.o)
    0x08000b88   0x08000b88   0x0000008a   Code   RO         3831    .text               c_w.l(init_alloc.o)
    0x08000c12   0x08000c12   0x0000005e   Code   RO         3837    .text               c_w.l(h1_alloc.o)
    0x08000c70   0x08000c70   0x000000f8   Code   RO         3851    .text               c_w.l(fseek.o)
    0x08000d68   0x08000d68   0x000000f0   Code   RO         3853    .text               c_w.l(stdio.o)
    0x08000e58   0x08000e58   0x0000000a   Code   RO         3855    .text               c_w.l(defsig_exit.o)
    0x08000e62   0x08000e62   0x00000002   PAD
    0x08000e64   0x08000e64   0x00000034   Code   RO         3857    .text               c_w.l(defsig_rtred_inner.o)
    0x08000e98   0x08000e98   0x0000000c   Code   RO         3863    .text               c_w.l(sys_exit.o)
    0x08000ea4   0x08000ea4   0x0000000e   Code   RO         3874    .text               c_w.l(h1_init.o)
    0x08000eb2   0x08000eb2   0x00000034   Code   RO         3876    .text               c_w.l(h1_extend.o)
    0x08000ee6   0x08000ee6   0x00000042   Code   RO         3882    .text               c_w.l(ftell.o)
    0x08000f28   0x08000f28   0x00000032   Code   RO         3886    .text               c_w.l(defsig_general.o)
    0x08000f5a   0x08000f5a   0x0000000e   Code   RO         3888    .text               c_w.l(defsig_rtmem_outer.o)
    0x08000f68   0x08000f68   0x0000000e   Code   RO         3901    .text               c_w.l(sys_wrch.o)
    0x08000f76   0x08000f76   0x00000002   PAD
    0x08000f78   0x08000f78   0x00000008   Code   RO         3908    .text               c_w.l(rt_errno_addr_intlibspace.o)
    0x08000f80   0x08000f80   0x00000050   Code   RO         3914    .text               c_w.l(defsig_rtmem_inner.o)
    0x08000fd0   0x08000fd0   0x00000002   Code   RO          234    i.BusFault_Handler  stm32f4xx_it.o
    0x08000fd2   0x08000fd2   0x00000002   PAD
    0x08000fd4   0x08000fd4   0x00000014   Code   RO          370    i.ConfigureTimeForRunTimeStats  timer.o
    0x08000fe8   0x08000fe8   0x00000002   Code   RO          235    i.DebugMon_Handler  stm32f4xx_it.o
    0x08000fea   0x08000fea   0x00000002   PAD
    0x08000fec   0x08000fec   0x000000b8   Code   RO          720    i.DwinUartInit      dwin.o
    0x080010a4   0x080010a4   0x00000078   Code   RO         1060    i.GPIO_Init         stm32f4xx_gpio.o
    0x0800111c   0x0800111c   0x00000020   Code   RO         1061    i.GPIO_PinAFConfig  stm32f4xx_gpio.o
    0x0800113c   0x0800113c   0x00000002   Code   RO          236    i.HardFault_Handler  stm32f4xx_it.o
    0x0800113e   0x0800113e   0x00000002   Code   RO          237    i.MemManage_Handler  stm32f4xx_it.o
    0x08001140   0x08001140   0x00000002   Code   RO          238    i.NMI_Handler       stm32f4xx_it.o
    0x08001142   0x08001142   0x00000002   PAD
    0x08001144   0x08001144   0x00000064   Code   RO         1015    i.NVIC_Init         misc.o
    0x080011a8   0x080011a8   0x00000014   Code   RO         1016    i.NVIC_PriorityGroupConfig  misc.o
    0x080011bc   0x080011bc   0x000000b4   Code   RO          869    i.ProcessMessage    dwin_test.o
    0x08001270   0x08001270   0x00000018   Code   RO         1157    i.RCC_AHB1PeriphClockCmd  stm32f4xx_rcc.o
    0x08001288   0x08001288   0x00000018   Code   RO         1166    i.RCC_APB1PeriphClockCmd  stm32f4xx_rcc.o
    0x080012a0   0x080012a0   0x00000018   Code   RO         1169    i.RCC_APB2PeriphClockCmd  stm32f4xx_rcc.o
    0x080012b8   0x080012b8   0x00000090   Code   RO         1178    i.RCC_GetClocksFreq  stm32f4xx_rcc.o
    0x08001348   0x08001348   0x000000b4   Code   RO          313    i.SetSysClock       system_stm32f4xx.o
    0x080013fc   0x080013fc   0x00000018   Code   RO         1019    i.SysTick_CLKSourceConfig  misc.o
    0x08001414   0x08001414   0x00000014   Code   RO          896    i.SysTick_Handler   delay.o
    0x08001428   0x08001428   0x0000005c   Code   RO          315    i.SystemInit        system_stm32f4xx.o
    0x08001484   0x08001484   0x00000034   Code   RO          371    i.TIM3_IRQHandler   timer.o
    0x080014b8   0x080014b8   0x0000005c   Code   RO          372    i.TIM3_Int_Init     timer.o
    0x08001514   0x08001514   0x00000006   Code   RO         1744    i.TIM_ClearITPendingBit  stm32f4xx_tim.o
    0x0800151a   0x0800151a   0x00000014   Code   RO         1749    i.TIM_Cmd           stm32f4xx_tim.o
    0x0800152e   0x0800152e   0x00000018   Code   RO         1770    i.TIM_GetITStatus   stm32f4xx_tim.o
    0x08001546   0x08001546   0x00000010   Code   RO         1774    i.TIM_ITConfig      stm32f4xx_tim.o
    0x08001556   0x08001556   0x00000002   PAD
    0x08001558   0x08001558   0x0000007c   Code   RO         1821    i.TIM_TimeBaseInit  stm32f4xx_tim.o
    0x080015d4   0x080015d4   0x00000064   Code   RO          969    i.USART1_IRQHandler  usart.o
    0x08001638   0x08001638   0x00000024   Code   RO          722    i.USART2_IRQHandler  dwin.o
    0x0800165c   0x0800165c   0x00000014   Code   RO         1551    i.USART_Cmd         stm32f4xx_usart.o
    0x08001670   0x08001670   0x0000000e   Code   RO         1554    i.USART_GetFlagStatus  stm32f4xx_usart.o
    0x0800167e   0x0800167e   0x0000003e   Code   RO         1555    i.USART_GetITStatus  stm32f4xx_usart.o
    0x080016bc   0x080016bc   0x00000030   Code   RO         1557    i.USART_ITConfig    stm32f4xx_usart.o
    0x080016ec   0x080016ec   0x000000ac   Code   RO         1558    i.USART_Init        stm32f4xx_usart.o
    0x08001798   0x08001798   0x00000008   Code   RO         1565    i.USART_ReceiveData  stm32f4xx_usart.o
    0x080017a0   0x080017a0   0x00000002   Code   RO          239    i.UsageFault_Handler  stm32f4xx_it.o
    0x080017a2   0x080017a2   0x00000002   PAD
    0x080017a4   0x080017a4   0x00000028   Code   RO            3    i.debug_task        main.o
    0x080017cc   0x080017cc   0x00000038   Code   RO          897    i.delay_init        delay.o
    0x08001804   0x08001804   0x00000038   Code   RO          898    i.delay_ms          delay.o
    0x0800183c   0x0800183c   0x00000034   Code   RO          899    i.delay_us          delay.o
    0x08001870   0x08001870   0x00000016   Code   RO          870    i.dwin_ack          dwin_test.o
    0x08001886   0x08001886   0x0000000c   Code   RO            4    i.dwin_task         main.o
    0x08001892   0x08001892   0x00000002   PAD
    0x08001894   0x08001894   0x00000014   Code   RO          970    i.fputc             usart.o
    0x080018a8   0x080018a8   0x0000005c   Code   RO            5    i.main              main.o
    0x08001904   0x08001904   0x00000070   Code   RO         2892    i.prvAddCurrentTaskToDelayedList  tasks.o
    0x08001974   0x08001974   0x000000d0   Code   RO         2893    i.prvAddNewTaskToReadyList  tasks.o
    0x08001a44   0x08001a44   0x00000050   Code   RO         3256    i.prvCheckForValidListAndQueue  timers.o
    0x08001a94   0x08001a94   0x00000054   Code   RO         2894    i.prvCheckTasksWaitingTermination  tasks.o
    0x08001ae8   0x08001ae8   0x00000026   Code   RO         2669    i.prvCopyDataFromQueue  queue.o
    0x08001b0e   0x08001b0e   0x0000006c   Code   RO         2670    i.prvCopyDataToQueue  queue.o
    0x08001b7a   0x08001b7a   0x00000014   Code   RO         2895    i.prvDeleteTCB      tasks.o
    0x08001b8e   0x08001b8e   0x00000002   PAD
    0x08001b90   0x08001b90   0x0000004c   Code   RO         3469    i.prvHeapInit       heap_4.o
    0x08001bdc   0x08001bdc   0x00000028   Code   RO         2896    i.prvIdleTask       tasks.o
    0x08001c04   0x08001c04   0x000000c0   Code   RO         2897    i.prvInitialiseNewTask  tasks.o
    0x08001cc4   0x08001cc4   0x0000004c   Code   RO         3470    i.prvInsertBlockIntoFreeList  heap_4.o
    0x08001d10   0x08001d10   0x00000038   Code   RO         3257    i.prvInsertTimerInActiveList  timers.o
    0x08001d48   0x08001d48   0x0000001a   Code   RO         2671    i.prvIsQueueEmpty   queue.o
    0x08001d62   0x08001d62   0x00000002   PAD
    0x08001d64   0x08001d64   0x00000090   Code   RO         2672    i.prvNotifyQueueSetContainer  queue.o
    0x08001df4   0x08001df4   0x00000060   Code   RO         3258    i.prvProcessExpiredTimer  timers.o
    0x08001e54   0x08001e54   0x000000f0   Code   RO         3259    i.prvProcessReceivedCommands  timers.o
    0x08001f44   0x08001f44   0x0000006c   Code   RO         3260    i.prvProcessTimerOrBlockTask  timers.o
    0x08001fb0   0x08001fb0   0x00000020   Code   RO         2899    i.prvResetNextTaskUnblockTime  tasks.o
    0x08001fd0   0x08001fd0   0x00000028   Code   RO         3261    i.prvSampleTimeNow  timers.o
    0x08001ff8   0x08001ff8   0x0000006c   Code   RO         3262    i.prvSwitchTimerLists  timers.o
    0x08002064   0x08002064   0x00000064   Code   RO         3385    i.prvTaskExitError  port.o
    0x080020c8   0x080020c8   0x00000028   Code   RO         3263    i.prvTimerTask      timers.o
    0x080020f0   0x080020f0   0x00000078   Code   RO         2673    i.prvUnlockQueue    queue.o
    0x08002168   0x08002168   0x00000114   Code   RO         3471    i.pvPortMalloc      heap_4.o
    0x0800227c   0x0800227c   0x00000018   Code   RO         2902    i.pvTaskIncrementMutexHeldCount  tasks.o
    0x08002294   0x08002294   0x0000002c   Code   RO         3386    i.pxPortInitialiseStack  port.o
    0x080022c0   0x080022c0   0x00000070   Code   RO          828    i.queue_find_cmd    cmd_queue.o
    0x08002330   0x08002330   0x00000020   Code   RO          829    i.queue_push        cmd_queue.o
    0x08002350   0x08002350   0x00000018   Code   RO          830    i.queue_reset       cmd_queue.o
    0x08002368   0x08002368   0x00000002   Code   RO          727    i.read_u16_from_dwin  dwin.o
    0x0800236a   0x0800236a   0x00000002   PAD
    0x0800236c   0x0800236c   0x00000068   Code   RO            6    i.start_task        main.o
    0x080023d4   0x080023d4   0x000000ac   Code   RO          971    i.uart_init         usart.o
    0x08002480   0x08002480   0x00000024   Code   RO         2624    i.uxListRemove      list.o
    0x080024a4   0x080024a4   0x00000016   Code   RO         2625    i.vListInitialise   list.o
    0x080024ba   0x080024ba   0x00000006   Code   RO         2626    i.vListInitialiseItem  list.o
    0x080024c0   0x080024c0   0x00000030   Code   RO         2627    i.vListInsert       list.o
    0x080024f0   0x080024f0   0x00000018   Code   RO         2628    i.vListInsertEnd    list.o
    0x08002508   0x08002508   0x00000078   Code   RO         3388    i.vPortEnterCritical  port.o
    0x08002580   0x08002580   0x00000064   Code   RO         3389    i.vPortExitCritical  port.o
    0x080025e4   0x080025e4   0x0000009c   Code   RO         3472    i.vPortFree         heap_4.o
    0x08002680   0x08002680   0x00000020   Code   RO         3390    i.vPortSetupTimerInterrupt  port.o
    0x080026a0   0x080026a0   0x0000008c   Code   RO         3391    i.vPortValidateInterruptPriority  port.o
    0x0800272c   0x0800272c   0x00000024   Code   RO         2679    i.vQueueAddToRegistry  queue.o
    0x08002750   0x08002750   0x00000044   Code   RO         2683    i.vQueueWaitForMessageRestricted  queue.o
    0x08002794   0x08002794   0x0000006c   Code   RO         2910    i.vTaskDelay        tasks.o
    0x08002800   0x08002800   0x000000cc   Code   RO         2912    i.vTaskDelete       tasks.o
    0x080028cc   0x080028cc   0x0000000c   Code   RO         2917    i.vTaskMissedYield  tasks.o
    0x080028d8   0x080028d8   0x00000054   Code   RO         2919    i.vTaskPlaceOnEventList  tasks.o
    0x0800292c   0x0800292c   0x0000005c   Code   RO         2920    i.vTaskPlaceOnEventListRestricted  tasks.o
    0x08002988   0x08002988   0x00000084   Code   RO         2922    i.vTaskPriorityInherit  tasks.o
    0x08002a0c   0x08002a0c   0x00000048   Code   RO         2926    i.vTaskSetTimeOutState  tasks.o
    0x08002a54   0x08002a54   0x00000098   Code   RO         2927    i.vTaskStartScheduler  tasks.o
    0x08002aec   0x08002aec   0x00000010   Code   RO         2929    i.vTaskSuspendAll   tasks.o
    0x08002afc   0x08002afc   0x0000009c   Code   RO         2930    i.vTaskSwitchContext  tasks.o
    0x08002b98   0x08002b98   0x00000002   Code   RO          733    i.write_u16_to_dwin  dwin.o
    0x08002b9a   0x08002b9a   0x00000002   Code   RO          735    i.write_u8_to_dwin  dwin.o
    0x08002b9c   0x08002b9c   0x00000114   Code   RO         3392    i.xPortStartScheduler  port.o
    0x08002cb0   0x08002cb0   0x0000002c   Code   RO         3393    i.xPortSysTickHandler  port.o
    0x08002cdc   0x08002cdc   0x00000078   Code   RO         2688    i.xQueueGenericCreate  queue.o
    0x08002d54   0x08002d54   0x00000184   Code   RO         2689    i.xQueueGenericReceive  queue.o
    0x08002ed8   0x08002ed8   0x000000a8   Code   RO         2690    i.xQueueGenericReset  queue.o
    0x08002f80   0x08002f80   0x00000188   Code   RO         2691    i.xQueueGenericSend  queue.o
    0x08003108   0x08003108   0x000000e0   Code   RO         2692    i.xQueueGenericSendFromISR  queue.o
    0x080031e8   0x080031e8   0x00000088   Code   RO         2931    i.xTaskCheckForTimeOut  tasks.o
    0x08003270   0x08003270   0x00000056   Code   RO         2932    i.xTaskCreate       tasks.o
    0x080032c6   0x080032c6   0x00000002   PAD
    0x080032c8   0x080032c8   0x0000001c   Code   RO         2936    i.xTaskGetSchedulerState  tasks.o
    0x080032e4   0x080032e4   0x0000000c   Code   RO         2937    i.xTaskGetTickCount  tasks.o
    0x080032f0   0x080032f0   0x000000e8   Code   RO         2939    i.xTaskIncrementTick  tasks.o
    0x080033d8   0x080033d8   0x000000b4   Code   RO         2942    i.xTaskPriorityDisinherit  tasks.o
    0x0800348c   0x0800348c   0x00000098   Code   RO         2943    i.xTaskRemoveFromEventList  tasks.o
    0x08003524   0x08003524   0x000000e4   Code   RO         2945    i.xTaskResumeAll    tasks.o
    0x08003608   0x08003608   0x00000074   Code   RO         3266    i.xTimerCreate      timers.o
    0x0800367c   0x0800367c   0x00000074   Code   RO         3267    i.xTimerCreateTimerTask  timers.o
    0x080036f0   0x080036f0   0x00000090   Code   RO         3268    i.xTimerGenericCommand  timers.o
    0x08003780   0x08003780   0x0000000a   Code   RO         3861    x$fpl$fpinit        fz_wm.l(fpinit.o)
    0x0800378a   0x0800378a   0x00000004   Data   RO         3666    .constdata          c_w.l(sys_io.o)
    0x0800378e   0x0800378e   0x00000004   Data   RO         3667    .constdata          c_w.l(sys_io.o)
    0x08003792   0x08003792   0x00000004   Data   RO         3668    .constdata          c_w.l(sys_io.o)
    0x08003796   0x08003796   0x00000002   PAD
    0x08003798   0x08003798   0x00000020   Data   RO         3939    Region$$Table       anon$$obj.o


    Execution Region RW_IRAM1 (Exec base: 0x20000000, Load base: 0x080037b8, Size: 0x00005db8, Max: 0x00020000, ABSOLUTE)

    Exec Addr    Load Addr    Size         Type   Attr      Idx    E Section Name        Object

    0x20000000   0x080037b8   0x00000010   Data   RW            7    .data               main.o
    0x20000010   0x080037c8   0x00000014   Data   RW          316    .data               system_stm32f4xx.o
    0x20000024   0x080037dc   0x00000004   PAD
    0x20000028   0x080037e0   0x00000008   Data   RW          373    .data               timer.o
    0x20000030   0x080037e8   0x00000002   Data   RW          833    .data               cmd_queue.o
    0x20000032   0x080037ea   0x00000001   Data   RW          871    .data               dwin_test.o
    0x20000033   0x080037eb   0x00000001   PAD
    0x20000034   0x080037ec   0x00000004   Data   RW          901    .data               delay.o
    0x20000038   0x080037f0   0x00000002   Data   RW          973    .data               usart.o
    0x2000003a   0x080037f2   0x00000010   Data   RW         1210    .data               stm32f4xx_rcc.o
    0x2000004a   0x08003802   0x00000002   PAD
    0x2000004c   0x08003804   0x00000044   Data   RW         2948    .data               tasks.o
    0x20000090   0x08003848   0x00000014   Data   RW         3276    .data               timers.o
    0x200000a4   0x0800385c   0x0000000c   Data   RW         3394    .data               port.o
    0x200000b0   0x08003868   0x00000018   Data   RW         3477    .data               heap_4.o
    0x200000c8   0x08003880   0x00000004   Data   RW         3626    .data               c_w.l(stdio_streams.o)
    0x200000cc   0x08003884   0x00000004   Data   RW         3627    .data               c_w.l(stdio_streams.o)
    0x200000d0   0x08003888   0x00000004   Data   RW         3628    .data               c_w.l(stdio_streams.o)
    0x200000d4        -       0x00000204   Zero   RW          831    .bss                cmd_queue.o
    0x200002d8        -       0x00000032   Zero   RW          972    .bss                usart.o
    0x2000030a   0x0800388c   0x00000002   PAD
    0x2000030c        -       0x00000040   Zero   RW         2703    .bss                queue.o
    0x2000034c        -       0x000002e4   Zero   RW         2947    .bss                tasks.o
    0x20000630        -       0x00000028   Zero   RW         3275    .bss                timers.o
    0x20000658        -       0x00005000   Zero   RW         3476    .bss                heap_4.o
    0x20005658        -       0x00000054   Zero   RW         3623    .bss                c_w.l(stdio_streams.o)
    0x200056ac        -       0x00000054   Zero   RW         3624    .bss                c_w.l(stdio_streams.o)
    0x20005700        -       0x00000054   Zero   RW         3625    .bss                c_w.l(stdio_streams.o)
    0x20005754        -       0x00000060   Zero   RW         3815    .bss                c_w.l(libspace.o)
    0x200057b4   0x0800388c   0x00000004   PAD
    0x200057b8        -       0x00000200   Zero   RW         1007    HEAP                startup_stm32f40_41xxx.o
    0x200059b8        -       0x00000400   Zero   RW         1006    STACK               startup_stm32f40_41xxx.o



  Load Region LR$$.ARM.__AT_0x10000000 (Base: 0x10000000, Size: 0x00000000, Max: 0x0000f000, ABSOLUTE)

    Execution Region ER$$.ARM.__AT_0x10000000 (Exec base: 0x10000000, Load base: 0x10000000, Size: 0x0000f000, Max: 0x0000f000, ABSOLUTE, UNINIT)

    Exec Addr    Load Addr    Size         Type   Attr      Idx    E Section Name        Object

    0x10000000        -       0x0000f000   Zero   RW         2422    .ARM.__AT_0x10000000  malloc.o



  Load Region LR$$.ARM.__AT_0x1000F000 (Base: 0x1000f000, Size: 0x00000000, Max: 0x00000f00, ABSOLUTE)

    Execution Region ER$$.ARM.__AT_0x1000F000 (Exec base: 0x1000f000, Load base: 0x1000f000, Size: 0x00000f00, Max: 0x00000f00, ABSOLUTE, UNINIT)

    Exec Addr    Load Addr    Size         Type   Attr      Idx    E Section Name        Object

    0x1000f000        -       0x00000f00   Zero   RW         2423    .ARM.__AT_0x1000F000  malloc.o



  Load Region LR$$.ARM.__AT_0x68000000 (Base: 0x68000000, Size: 0x00000000, Max: 0x000f0000, ABSOLUTE)

    Execution Region ER$$.ARM.__AT_0x68000000 (Exec base: 0x68000000, Load base: 0x68000000, Size: 0x000f0000, Max: 0x000f0000, ABSOLUTE, UNINIT)

    Exec Addr    Load Addr    Size         Type   Attr      Idx    E Section Name        Object

    0x68000000        -       0x000f0000   Zero   RW         2424    .ARM.__AT_0x68000000  malloc.o



  Load Region LR$$.ARM.__AT_0x680F0000 (Base: 0x680f0000, Size: 0x00000000, Max: 0x0000f000, ABSOLUTE)

    Execution Region ER$$.ARM.__AT_0x680F0000 (Exec base: 0x680f0000, Load base: 0x680f0000, Size: 0x0000f000, Max: 0x0000f000, ABSOLUTE, UNINIT)

    Exec Addr    Load Addr    Size         Type   Attr      Idx    E Section Name        Object

    0x680f0000        -       0x0000f000   Zero   RW         2425    .ARM.__AT_0x680F0000  malloc.o


==============================================================================

Image component sizes


      Code (inc. data)   RO Data    RW Data    ZI Data      Debug   Object Name

       168         24          0          2        516       2488   cmd_queue.o
       184         14          0          4          0       2457   delay.o
       226         12          0          0          0       2799   dwin.o
       202         34          0          1          0       1808   dwin_test.o
         0          0          0          0          0      10196   event_groups.o
       584        138          0         24      20480       3967   heap_4.o
         0          0          0          0          0       1472   lcd.o
       136          0          0          0          0       3034   list.o
       248         62          0         16          0     297836   main.o
         0          0          0          0    1109760       1905   malloc.o
       144         14          0          0          0       2009   misc.o
      1038        382          0         12          0      10521   port.o
      1832        236          0          0         64      13037   queue.o
        64         26        392          0       1536        820   startup_stm32f40_41xxx.o
       152          0          0          0          0       1687   stm32f4xx_gpio.o
        12          0          0          0          0       2545   stm32f4xx_it.o
       216         30          0         16          0       4567   stm32f4xx_rcc.o
       190         28          0          0          0       4597   stm32f4xx_tim.o
       324          8          0          0          0       4924   stm32f4xx_usart.o
       272         36          0         20          0       1657   system_stm32f4xx.o
      2794        674          0         68        740      29139   tasks.o
       164         18          0          8          0       1904   timer.o
      1144        260          0         20         40       9662   timers.o
       292         26          0          2         50       2440   usart.o

    ----------------------------------------------------------------------
     10408       2022        424        200    1133188     417471   Object Totals
         0          0         32          0          0          0   (incl. Generated)
        22          0          0          7          2          0   (incl. Padding)

    ----------------------------------------------------------------------

      Code (inc. data)   RO Data    RW Data    ZI Data      Debug   Library Member Name

         8          0          0          0          0         68   __main.o
       104          0          0          0          0         84   __printf.o
         0          0          0          0          0          0   __rtentry.o
        12          0          0          0          0          0   __rtentry2.o
         6          0          0          0          0          0   __rtentry4.o
        52          8          0          0          0          0   __scatter.o
        26          0          0          0          0          0   __scatter_copy.o
        28          0          0          0          0          0   __scatter_zi.o
        44          0          0          0          0        108   _printf_char.o
        48          6          0          0          0         96   _printf_char_common.o
        36          4          0          0          0         80   _printf_char_file.o
         6          0          0          0          0          0   _printf_d.o
       120         16          0          0          0         92   _printf_dec.o
       178          0          0          0          0         88   _printf_intcommon.o
         0          0          0          0          0          0   _printf_percent.o
         4          0          0          0          0          0   _printf_percent_end.o
         6          0          0          0          0          0   _printf_s.o
        82          0          0          0          0         80   _printf_str.o
        16          0          0          0          0         68   aeabi_memset.o
        10          0          0          0          0         68   defsig_exit.o
        50          0          0          0          0         88   defsig_general.o
        80         58          0          0          0         76   defsig_rtmem_inner.o
        14          0          0          0          0         80   defsig_rtmem_outer.o
        52         38          0          0          0         76   defsig_rtred_inner.o
        14          0          0          0          0         80   defsig_rtred_outer.o
        18          0          0          0          0         80   exit.o
        76          0          0          0          0         88   fclose.o
         8          0          0          0          0         68   ferror.o
       236          4          0          0          0        128   fopen.o
       248          6          0          0          0         84   fseek.o
        66          0          0          0          0         76   ftell.o
        94          0          0          0          0         80   h1_alloc.o
        52          0          0          0          0         68   h1_extend.o
        78          0          0          0          0         80   h1_free.o
        14          0          0          0          0         84   h1_init.o
         6          0          0          0          0        152   heapauxi.o
         4          0          0          0          0        136   hguard.o
         0          0          0          0          0          0   indicate_semi.o
       138          0          0          0          0        168   init_alloc.o
       312         46          0          0          0        112   initio.o
         2          0          0          0          0          0   libinit.o
        18          0          0          0          0          0   libinit2.o
         2          0          0          0          0          0   libshutdown.o
         6          0          0          0          0          0   libshutdown2.o
         8          4          0          0         96         68   libspace.o
         0          0          0          0          0          0   maybetermalloc1.o
        24          4          0          0          0         84   noretval__2printf.o
         8          4          0          0          0         68   rt_errno_addr_intlibspace.o
         8          4          0          0          0         68   rt_heap_descriptor_intlibspace.o
        68          0          0          0          0         68   rt_memclr.o
        78          0          0          0          0         80   rt_memclr_w.o
       138          0          0          0          0         68   rt_memcpy_v6.o
       100          0          0          0          0         80   rt_memcpy_w.o
         2          0          0          0          0          0   rtexit.o
        10          0          0          0          0          0   rtexit2.o
        70          0          0          0          0         80   setvbuf.o
       240          6          0          0          0        156   stdio.o
         0          0          0         12        252          0   stdio_streams.o
        62          0          0          0          0         76   strlen.o
        12          4          0          0          0         68   sys_exit.o
       102          0         12          0          0        240   sys_io.o
        74          0          0          0          0         80   sys_stackheap_outer.o
        14          0          0          0          0         76   sys_wrch.o
         2          0          0          0          0         68   use_no_semi.o
        10          0          0          0          0        116   fpinit.o

    ----------------------------------------------------------------------
      3418        212         14         12        352       4180   Library Totals
        14          0          2          0          4          0   (incl. Padding)

    ----------------------------------------------------------------------

      Code (inc. data)   RO Data    RW Data    ZI Data      Debug   Library Name

      3394        212         12         12        348       4064   c_w.l
        10          0          0          0          0        116   fz_wm.l

    ----------------------------------------------------------------------
      3418        212         14         12        352       4180   Library Totals

    ----------------------------------------------------------------------

==============================================================================


      Code (inc. data)   RO Data    RW Data    ZI Data      Debug   

     13826       2234        438        212    1133540     408267   Grand Totals
     13826       2234        438        212    1133540     408267   ELF Image Totals
     13826       2234        438        212          0          0   ROM Totals

==============================================================================

    Total RO  Size (Code + RO Data)                14264 (  13.93kB)
    Total RW  Size (RW Data + ZI Data)           1133752 (1107.18kB)
    Total ROM Size (Code + RO Data + RW Data)      14476 (  14.14kB)

==============================================================================

