Component: ARM Compiler 5.06 update 6 (build 750) Tool: armlink [4d35ed]

==============================================================================

Section Cross References

    main.o(i.debug_task) refers to dwin.o(i.read_u16_from_dwin) for read_u16_from_dwin
    main.o(i.debug_task) refers to tasks.o(i.vTaskDelay) for vTaskDelay
    main.o(i.debug_task) refers to main.o(.data) for .data
    main.o(i.dwin_task) refers to dwin.o(i.dwin_ack) for dwin_ack
    main.o(i.dwin_task) refers to tasks.o(i.vTaskDelay) for vTaskDelay
    main.o(i.main) refers to misc.o(i.NVIC_PriorityGroupConfig) for NVIC_PriorityGroupConfig
    main.o(i.main) refers to delay.o(i.delay_init) for delay_init
    main.o(i.main) refers to usart.o(i.uart_init) for uart_init
    main.o(i.main) refers to dwin.o(i.DwinUartInit) for DwinUartInit
    main.o(i.main) refers to cmd_queue.o(i.queue_reset) for queue_reset
    main.o(i.main) refers to delay.o(i.delay_ms) for delay_ms
    main.o(i.main) refers to tasks.o(i.xTaskCreate) for xTaskCreate
    main.o(i.main) refers to tasks.o(i.vTaskStartScheduler) for vTaskStartScheduler
    main.o(i.main) refers to main.o(.data) for .data
    main.o(i.main) refers to main.o(i.start_task) for start_task
    main.o(i.start_task) refers to port.o(i.vPortEnterCritical) for vPortEnterCritical
    main.o(i.start_task) refers to tasks.o(i.xTaskCreate) for xTaskCreate
    main.o(i.start_task) refers to tasks.o(i.vTaskDelete) for vTaskDelete
    main.o(i.start_task) refers to port.o(i.vPortExitCritical) for vPortExitCritical
    main.o(i.start_task) refers to main.o(.data) for .data
    main.o(i.start_task) refers to main.o(i.dwin_task) for dwin_task
    main.o(i.start_task) refers to main.o(i.debug_task) for debug_task
    system_stm32f4xx.o(i.SystemCoreClockUpdate) refers to system_stm32f4xx.o(.data) for .data
    system_stm32f4xx.o(i.SystemInit) refers to system_stm32f4xx.o(i.SetSysClock) for SetSysClock
    led.o(i.LED_Init) refers to stm32f4xx_rcc.o(i.RCC_AHB1PeriphClockCmd) for RCC_AHB1PeriphClockCmd
    led.o(i.LED_Init) refers to stm32f4xx_gpio.o(i.GPIO_Init) for GPIO_Init
    led.o(i.LED_Init) refers to stm32f4xx_gpio.o(i.GPIO_SetBits) for GPIO_SetBits
    timer.o(i.ConfigureTimeForRunTimeStats) refers to timer.o(i.TIM3_Int_Init) for TIM3_Int_Init
    timer.o(i.ConfigureTimeForRunTimeStats) refers to timer.o(.data) for .data
    timer.o(i.TIM3_IRQHandler) refers to stm32f4xx_tim.o(i.TIM_GetITStatus) for TIM_GetITStatus
    timer.o(i.TIM3_IRQHandler) refers to stm32f4xx_tim.o(i.TIM_ClearITPendingBit) for TIM_ClearITPendingBit
    timer.o(i.TIM3_IRQHandler) refers to timer.o(.data) for .data
    timer.o(i.TIM3_Int_Init) refers to stm32f4xx_rcc.o(i.RCC_APB1PeriphClockCmd) for RCC_APB1PeriphClockCmd
    timer.o(i.TIM3_Int_Init) refers to stm32f4xx_tim.o(i.TIM_TimeBaseInit) for TIM_TimeBaseInit
    timer.o(i.TIM3_Int_Init) refers to stm32f4xx_tim.o(i.TIM_ITConfig) for TIM_ITConfig
    timer.o(i.TIM3_Int_Init) refers to stm32f4xx_tim.o(i.TIM_Cmd) for TIM_Cmd
    timer.o(i.TIM3_Int_Init) refers to misc.o(i.NVIC_Init) for NVIC_Init
    lcd.o(i.LCD_Clear) refers to lcd.o(i.LCD_SetCursor) for LCD_SetCursor
    lcd.o(i.LCD_Clear) refers to lcd.o(i.LCD_WriteRAM_Prepare) for LCD_WriteRAM_Prepare
    lcd.o(i.LCD_Clear) refers to lcd.o(.bss) for .bss
    lcd.o(i.LCD_Color_Fill) refers to lcd.o(i.LCD_SetCursor) for LCD_SetCursor
    lcd.o(i.LCD_Color_Fill) refers to lcd.o(i.LCD_WriteRAM_Prepare) for LCD_WriteRAM_Prepare
    lcd.o(i.LCD_DisplayOff) refers to lcd.o(i.LCD_WriteReg) for LCD_WriteReg
    lcd.o(i.LCD_DisplayOff) refers to lcd.o(i.LCD_WR_REG) for LCD_WR_REG
    lcd.o(i.LCD_DisplayOff) refers to lcd.o(.bss) for .bss
    lcd.o(i.LCD_DisplayOn) refers to lcd.o(i.LCD_WriteReg) for LCD_WriteReg
    lcd.o(i.LCD_DisplayOn) refers to lcd.o(i.LCD_WR_REG) for LCD_WR_REG
    lcd.o(i.LCD_DisplayOn) refers to lcd.o(.bss) for .bss
    lcd.o(i.LCD_Display_Dir) refers to lcd.o(i.LCD_Scan_Dir) for LCD_Scan_Dir
    lcd.o(i.LCD_Display_Dir) refers to lcd.o(.bss) for .bss
    lcd.o(i.LCD_DrawLine) refers to lcd.o(i.LCD_DrawPoint) for LCD_DrawPoint
    lcd.o(i.LCD_DrawPoint) refers to lcd.o(i.LCD_SetCursor) for LCD_SetCursor
    lcd.o(i.LCD_DrawPoint) refers to lcd.o(i.LCD_WriteRAM_Prepare) for LCD_WriteRAM_Prepare
    lcd.o(i.LCD_DrawPoint) refers to lcd.o(.data) for .data
    lcd.o(i.LCD_DrawRectangle) refers to lcd.o(i.LCD_DrawLine) for LCD_DrawLine
    lcd.o(i.LCD_Draw_Circle) refers to lcd.o(i.LCD_DrawPoint) for LCD_DrawPoint
    lcd.o(i.LCD_Fast_DrawPoint) refers to lcd.o(i.LCD_WR_REG) for LCD_WR_REG
    lcd.o(i.LCD_Fast_DrawPoint) refers to lcd.o(i.LCD_WR_DATA) for LCD_WR_DATA
    lcd.o(i.LCD_Fast_DrawPoint) refers to lcd.o(i.LCD_WriteReg) for LCD_WriteReg
    lcd.o(i.LCD_Fast_DrawPoint) refers to lcd.o(.bss) for .bss
    lcd.o(i.LCD_Fill) refers to lcd.o(i.LCD_SetCursor) for LCD_SetCursor
    lcd.o(i.LCD_Fill) refers to lcd.o(i.LCD_WriteRAM_Prepare) for LCD_WriteRAM_Prepare
[...]
    prvUnlockQueue                           0x08002125   Thumb Code   120  queue.o(i.prvUnlockQueue)
    i.pvPortMalloc                           0x0800219c   Section        0  heap_4.o(i.pvPortMalloc)
    i.pvTaskIncrementMutexHeldCount          0x080022b0   Section        0  tasks.o(i.pvTaskIncrementMutexHeldCount)
    i.pxPortInitialiseStack                  0x080022c8   Section        0  port.o(i.pxPortInitialiseStack)
    i.queue_find_cmd                         0x080022f4   Section        0  cmd_queue.o(i.queue_find_cmd)
    i.queue_push                             0x08002360   Section        0  cmd_queue.o(i.queue_push)
    i.queue_reset                            0x08002380   Section        0  cmd_queue.o(i.queue_reset)
    i.read_from_dwin                         0x08002398   Section        0  dwin.o(i.read_from_dwin)
    i.read_u16_from_dwin                     0x080023c4   Section        0  dwin.o(i.read_u16_from_dwin)
    i.sendArray                              0x080023ce   Section        0  dwin.o(i.sendArray)
    i.start_task                             0x080023e8   Section        0  main.o(i.start_task)
    i.uart_init                              0x08002450   Section        0  usart.o(i.uart_init)
    i.uxListRemove                           0x080024fc   Section        0  list.o(i.uxListRemove)
    i.vListInitialise                        0x08002520   Section        0  list.o(i.vListInitialise)
    i.vListInitialiseItem                    0x08002536   Section        0  list.o(i.vListInitialiseItem)
    i.vListInsert                            0x0800253c   Section        0  list.o(i.vListInsert)
    i.vListInsertEnd                         0x0800256c   Section        0  list.o(i.vListInsertEnd)
    i.vPortEnterCritical                     0x08002584   Section        0  port.o(i.vPortEnterCritical)
    i.vPortExitCritical                      0x080025fc   Section        0  port.o(i.vPortExitCritical)
    i.vPortFree                              0x08002660   Section        0  heap_4.o(i.vPortFree)
    i.vPortSetupTimerInterrupt               0x080026fc   Section        0  port.o(i.vPortSetupTimerInterrupt)
    i.vPortValidateInterruptPriority         0x0800271c   Section        0  port.o(i.vPortValidateInterruptPriority)
    i.vQueueAddToRegistry                    0x080027a8   Section        0  queue.o(i.vQueueAddToRegistry)
    i.vQueueWaitForMessageRestricted         0x080027cc   Section        0  queue.o(i.vQueueWaitForMessageRestricted)
    i.vTaskDelay                             0x08002810   Section        0  tasks.o(i.vTaskDelay)
    i.vTaskDelete                            0x0800287c   Section        0  tasks.o(i.vTaskDelete)
    i.vTaskMissedYield                       0x08002948   Section        0  tasks.o(i.vTaskMissedYield)
    i.vTaskPlaceOnEventList                  0x08002954   Section        0  tasks.o(i.vTaskPlaceOnEventList)
    i.vTaskPlaceOnEventListRestricted        0x080029a8   Section        0  tasks.o(i.vTaskPlaceOnEventListRestricted)
    i.vTaskPriorityInherit                   0x08002a04   Section        0  tasks.o(i.vTaskPriorityInherit)
    i.vTaskSetTimeOutState                   0x08002a88   Section        0  tasks.o(i.vTaskSetTimeOutState)
    i.vTaskStartScheduler                    0x08002ad0   Section        0  tasks.o(i.vTaskStartScheduler)
    i.vTaskSuspendAll                        0x08002b68   Section        0  tasks.o(i.vTaskSuspendAll)
    i.vTaskSwitchContext                     0x08002b78   Section        0  tasks.o(i.vTaskSwitchContext)
    i.write_to_dwin                          0x08002c14   Section        0  dwin.o(i.write_to_dwin)
    i.write_u16_to_dwin                      0x08002c44   Section        0  dwin.o(i.write_u16_to_dwin)
    i.write_u8_to_dwin                       0x08002c50   Section        0  dwin.o(i.write_u8_to_dwin)
    i.xPortStartScheduler                    0x08002c5c   Section        0  port.o(i.xPortStartScheduler)
    i.xPortSysTickHandler                    0x08002d70   Section        0  port.o(i.xPortSysTickHandler)
    i.xQueueGenericCreate                    0x08002d9c   Section        0  queue.o(i.xQueueGenericCreate)
    i.xQueueGenericReceive                   0x08002e14   Section        0  queue.o(i.xQueueGenericReceive)
    i.xQueueGenericReset                     0x08002f98   Section        0  queue.o(i.xQueueGenericReset)
    i.xQueueGenericSend                      0x08003040   Section        0  queue.o(i.xQueueGenericSend)
    i.xQueueGenericSendFromISR               0x080031c8   Section        0  queue.o(i.xQueueGenericSendFromISR)
    i.xTaskCheckForTimeOut                   0x080032a8   Section        0  tasks.o(i.xTaskCheckForTimeOut)
    i.xTaskCreate                            0x08003330   Section        0  tasks.o(i.xTaskCreate)
    i.xTaskGetSchedulerState                 0x08003388   Section        0  tasks.o(i.xTaskGetSchedulerState)
    i.xTaskGetTickCount                      0x080033a4   Section        0  tasks.o(i.xTaskGetTickCount)
    i.xTaskIncrementTick                     0x080033b0   Section        0  tasks.o(i.xTaskIncrementTick)
    i.xTaskPriorityDisinherit                0x08003498   Section        0  tasks.o(i.xTaskPriorityDisinherit)
    i.xTaskRemoveFromEventList               0x0800354c   Section        0  tasks.o(i.xTaskRemoveFromEventList)
    i.xTaskResumeAll                         0x080035e4   Section        0  tasks.o(i.xTaskResumeAll)
    i.xTimerCreate                           0x080036c8   Section        0  timers.o(i.xTimerCreate)
    i.xTimerCreateTimerTask                  0x0800373c   Section        0  timers.o(i.xTimerCreateTimerTask)
    i.xTimerGenericCommand                   0x080037b0   Section        0  timers.o(i.xTimerGenericCommand)
    x$fpl$fpinit                             0x08003840   Section       10  fpinit.o(x$fpl$fpinit)
    $v0                                      0x08003840   Number         0  fpinit.o(x$fpl$fpinit)
    .constdata                               0x0800384a   Section        4  sys_io.o(.constdata)
    .constdata                               0x0800384e   Section        4  sys_io.o(.constdata)
    .constdata                               0x08003852   Section        4  sys_io.o(.constdata)
    .ARM.__AT_0x10000000                     0x10000000   Section    61440  malloc.o(.ARM.__AT_0x10000000)
    .ARM.__AT_0x1000F000                     0x1000f000   Section     3840  malloc.o(.ARM.__AT_0x1000F000)
    .data                                    0x20000000   Section       16  main.o(.data)
    cnt                                      0x20000000   Data           4  main.o(.data)
    .data                                    0x20000010   Section       20  system_stm32f4xx.o(.data)
    .data                                    0x20000028   Section        8  timer.o(.data)
    .data                                    0x20000030   Section        1  dwin.o(.data)
    Flag                                     0x20000030   Data           1  dwin.o(.data)
    .data                                    0x20000032   Section        2  cmd_queue.o(.data)
    cmd_pos                                  0x20000032   Data           2  cmd_queue.o(.data)
    .data                                    0x20000034   Section        4  delay.o(.data)
    fac_us                                   0x20000034   Data           1  delay.o(.data)
    fac_ms                                   0x20000036   Data           2  delay.o(.data)
    .data                                    0x20000038   Section        2  usart.o(.data)
    .data                                    0x2000003a   Section       16  stm32f4xx_rcc.o(.data)
    APBAHBPrescTable                         0x2000003a   Data          16  stm32f4xx_rcc.o(.data)
    .data                                    0x2000004c   Section       68  tasks.o(.data)
    uxDeletedTasksWaitingCleanUp             0x20000050   Data           4  tasks.o(.data)
    uxCurrentNumberOfTasks                   0x20000054   Data           4  tasks.o(.data)
    xTickCount                               0x20000058   Data           4  tasks.o(.data)
    uxTopReadyPriority                       0x2000005c   Data           4  tasks.o(.data)
    xSchedulerRunning                        0x20000060   Data           4  tasks.o(.data)
    uxPendedTicks                            0x20000064   Data           4  tasks.o(.data)
    xYieldPending                            0x20000068   Data           4  tasks.o(.data)
    xNumOfOverflows                          0x2000006c   Data           4  tasks.o(.data)
    uxTaskNumber                             0x20000070   Data           4  tasks.o(.data)
    xNextTaskUnblockTime                     0x20000074   Data           4  tasks.o(.data)
    xIdleTaskHandle                          0x20000078   Data           4  tasks.o(.data)
    uxSchedulerSuspended                     0x2000007c   Data           4  tasks.o(.data)
    ulTaskSwitchedInTime                     0x20000080   Data           4  tasks.o(.data)
    ulTotalRunTime                           0x20000084   Data           4  tasks.o(.data)
    pxDelayedTaskList                        0x20000088   Data           4  tasks.o(.data)
    pxOverflowDelayedTaskList                0x2000008c   Data           4  tasks.o(.data)
    .data                                    0x20000090   Section       20  timers.o(.data)
    xTimerQueue                              0x20000090   Data           4  timers.o(.data)
    xTimerTaskHandle                         0x20000094   Data           4  timers.o(.data)
    xLastTime                                0x20000098   Data           4  timers.o(.data)
    pxCurrentTimerList                       0x2000009c   Data           4  timers.o(.data)
    pxOverflowTimerList                      0x200000a0   Data           4  timers.o(.data)
    .data                                    0x200000a4   Section       12  port.o(.data)
    ucMaxSysCallPriority                     0x200000a4   Data           1  port.o(.data)
    uxCriticalNesting                        0x200000a8   Data           4  port.o(.data)
    ulMaxPRIGROUPValue                       0x200000ac   Data           4  port.o(.data)
    .data                                    0x200000b0   Section       24  heap_4.o(.data)
    pxEnd                                    0x200000b0   Data           4  heap_4.o(.data)
    xFreeBytesRemaining                      0x200000b4   Data           4  heap_4.o(.data)
    xMinimumEverFreeBytesRemaining           0x200000b8   Data           4  heap_4.o(.data)
    xBlockAllocatedBit                       0x200000bc   Data           4  heap_4.o(.data)
    xStart                                   0x200000c0   Data           8  heap_4.o(.data)
    .data                                    0x200000c8   Section        4  stdio_streams.o(.data)
    .data                                    0x200000cc   Section        4  stdio_streams.o(.data)
    .data                                    0x200000d0   Section        4  stdio_streams.o(.data)
    .bss                                     0x200000d4   Section       16  dwin.o(.bss)
    .bss                                     0x200000e4   Section      516  cmd_queue.o(.bss)
    que                                      0x200000e4   Data         516  cmd_queue.o(.bss)
    .bss                                     0x200002e8   Section       50  usart.o(.bss)
    .bss                                     0x2000031c   Section       64  queue.o(.bss)
    .bss                                     0x2000035c   Section      740  tasks.o(.bss)
    pxReadyTasksLists                        0x2000035c   Data         640  tasks.o(.bss)
    xDelayedTaskList1                        0x200005dc   Data          20  tasks.o(.bss)
    xDelayedTaskList2                        0x200005f0   Data          20  tasks.o(.bss)
    xPendingReadyList                        0x20000604   Data          20  tasks.o(.bss)
    xTasksWaitingTermination                 0x20000618   Data          20  tasks.o(.bss)
    xSuspendedTaskList                       0x2000062c   Data          20  tasks.o(.bss)
    .bss                                     0x20000640   Section       40  timers.o(.bss)
    xActiveTimerList1                        0x20000640   Data          20  timers.o(.bss)
    xActiveTimerList2                        0x20000654   Data          20  timers.o(.bss)
    .bss                                     0x20000668   Section    20480  heap_4.o(.bss)
    ucHeap                                   0x20000668   Data       20480  heap_4.o(.bss)
    .bss                                     0x20005668   Section       84  stdio_streams.o(.bss)
    .bss                                     0x200056bc   Section       84  stdio_streams.o(.bss)
    .bss                                     0x20005710   Section       84  stdio_streams.o(.bss)
    .bss                                     0x20005764   Section       96  libspace.o(.bss)
    HEAP                                     0x200057c8   Section      512  startup_stm32f40_41xxx.o(HEAP)
    Heap_Mem                                 0x200057c8   Data         512  startup_stm32f40_41xxx.o(HEAP)
    STACK                                    0x200059c8   Section     1024  startup_stm32f40_41xxx.o(STACK)
    Stack_Mem                                0x200059c8   Data        1024  startup_stm32f40_41xxx.o(STACK)
    __initial_sp                             0x20005dc8   Data           0  startup_stm32f40_41xxx.o(STACK)
    .ARM.__AT_0x68000000                     0x68000000   Section    983040  malloc.o(.ARM.__AT_0x68000000)
    .ARM.__AT_0x680F0000                     0x680f0000   Section    61440  malloc.o(.ARM.__AT_0x680F0000)

    Global Symbols

    Symbol Name                              Value     Ov Type        Size  Object(Section)

    BuildAttributes$$THM_ISAv4$E$P$D$K$B$S$7EM$VFPi3$EXTD16$VFPS$VFMA$PE$A:L22UL41UL21$X:L11$S22US41US21$IEEE1$IW$USESV6$~STKCKD$USESV7$~SHL$OTIME$ROPI$EBA8$UX$STANDARDLIB$REQ8$PRES8$EABIv2 0x00000000   Number         0  anon$$obj.o ABSOLUTE
    __ARM_use_no_argv                        0x00000000   Number         0  main.o ABSOLUTE
    __ARM_exceptions_init                     - Undefined Weak Reference
    __alloca_initialize                       - Undefined Weak Reference
    __arm_preinit_                            - Undefined Weak Reference
    __cpp_initialize__aeabi_                  - Undefined Weak Reference
    __cxa_finalize                            - Undefined Weak Reference
    __rt_locale                               - Undefined Weak Reference
    __sigvec_lookup                           - Undefined Weak Reference
    __user_heap_extent                        - Undefined Weak Reference
    _atexit_init                              - Undefined Weak Reference
    _call_atexit_fns                          - Undefined Weak Reference
    _clock_init                               - Undefined Weak Reference
    _fp_trap_init                             - Undefined Weak Reference
    _fp_trap_shutdown                         - Undefined Weak Reference
    _get_lc_collate                           - Undefined Weak Reference
    _get_lc_ctype                             - Undefined Weak Reference
    _get_lc_monetary                          - Undefined Weak Reference
    _get_lc_numeric                           - Undefined Weak Reference
    _get_lc_time                              - Undefined Weak Reference
    _getenv_init                              - Undefined Weak Reference
    _handle_redirection                       - Undefined Weak Reference
    _mutex_acquire                            - Undefined Weak Reference
    _mutex_free                               - Undefined Weak Reference
    _mutex_release                            - Undefined Weak Reference
    _printf_mbtowc                            - Undefined Weak Reference
    _printf_post_padding                      - Undefined Weak Reference
    _printf_pre_padding                       - Undefined Weak Reference
    _printf_truncate_signed                   - Undefined Weak Reference
    _printf_truncate_unsigned                 - Undefined Weak Reference
    _rand_init                                - Undefined Weak Reference
    _signal_finish                            - Undefined Weak Reference
    _signal_init                              - Undefined Weak Reference
    __Vectors_Size                           0x00000188   Number         0  startup_stm32f40_41xxx.o ABSOLUTE
    __Vectors                                0x08000000   Data           4  startup_stm32f40_41xxx.o(RESET)
    __Vectors_End                            0x08000188   Data           0  startup_stm32f40_41xxx.o(RESET)
    __main                                   0x08000189   Thumb Code     8  __main.o(!!!main)
    __scatterload                            0x08000191   Thumb Code     0  __scatter.o(!!!scatter)
    __scatterload_rt2                        0x08000191   Thumb Code    44  __scatter.o(!!!scatter)
    __scatterload_rt2_thumb_only             0x08000191   Thumb Code     0  __scatter.o(!!!scatter)
    __scatterload_null                       0x0800019f   Thumb Code     0  __scatter.o(!!!scatter)
    __scatterload_copy                       0x080001c5   Thumb Code    26  __scatter_copy.o(!!handler_copy)
    __scatterload_zeroinit                   0x080001e1   Thumb Code    28  __scatter_zi.o(!!handler_zi)
    _printf_d                                0x080001fd   Thumb Code     0  _printf_d.o(.ARM.Collect$$_printf_percent$$00000009)
    _printf_percent                          0x080001fd   Thumb Code     0  _printf_percent.o(.ARM.Collect$$_printf_percent$$00000000)
    _printf_s                                0x08000203   Thumb Code     0  _printf_s.o(.ARM.Collect$$_printf_percent$$00000014)
    _printf_percent_end                      0x08000209   Thumb Code     0  _printf_percent_end.o(.ARM.Collect$$_printf_percent$$00000017)
    __rt_lib_init                            0x0800020d   Thumb Code     0  libinit.o(.ARM.Collect$$libinit$$00000000)
    __rt_lib_init_fp_1                       0x0800020f   Thumb Code     0  libinit2.o(.ARM.Collect$$libinit$$00000001)
    __rt_lib_init_heap_2                     0x08000213   Thumb Code     0  libinit2.o(.ARM.Collect$$libinit$$00000005)
    __rt_lib_init_preinit_1                  0x08000213   Thumb Code     0  libinit2.o(.ARM.Collect$$libinit$$00000004)
    __rt_lib_init_atexit_1                   0x0800021b   Thumb Code     0  libinit2.o(.ARM.Collect$$libinit$$0000001B)
    __rt_lib_init_clock_1                    0x0800021b   Thumb Code     0  libinit2.o(.ARM.Collect$$libinit$$00000021)
    __rt_lib_init_fp_trap_1                  0x0800021b   Thumb Code     0  libinit2.o(.ARM.Collect$$libinit$$0000001F)
    __rt_lib_init_getenv_1                   0x0800021b   Thumb Code     0  libinit2.o(.ARM.Collect$$libinit$$00000023)
    __rt_lib_init_heap_1                     0x0800021b   Thumb Code     0  libinit2.o(.ARM.Collect$$libinit$$0000000A)
    __rt_lib_init_lc_collate_1               0x0800021b   Thumb Code     0  libinit2.o(.ARM.Collect$$libinit$$00000011)
    __rt_lib_init_lc_ctype_1                 0x0800021b   Thumb Code     0  libinit2.o(.ARM.Collect$$libinit$$00000013)
    __rt_lib_init_lc_monetary_1              0x0800021b   Thumb Code     0  libinit2.o(.ARM.Collect$$libinit$$00000015)
    __rt_lib_init_lc_numeric_1               0x0800021b   Thumb Code     0  libinit2.o(.ARM.Collect$$libinit$$00000017)
    __rt_lib_init_lc_time_1                  0x0800021b   Thumb Code     0  libinit2.o(.ARM.Collect$$libinit$$00000019)
    __rt_lib_init_rand_1                     0x0800021b   Thumb Code     0  libinit2.o(.ARM.Collect$$libinit$$0000000E)
    __rt_lib_init_signal_1                   0x0800021b   Thumb Code     0  libinit2.o(.ARM.Collect$$libinit$$0000001D)
    __rt_lib_init_stdio_2                    0x0800021b   Thumb Code     0  libinit2.o(.ARM.Collect$$libinit$$00000024)
    __rt_lib_init_user_alloc_1               0x0800021b   Thumb Code     0  libinit2.o(.ARM.Collect$$libinit$$0000000C)
    __rt_lib_init_alloca_1                   0x0800021f   Thumb Code     0  libinit2.o(.ARM.Collect$$libinit$$0000002E)
    __rt_lib_init_argv_1                     0x0800021f   Thumb Code     0  libinit2.o(.ARM.Collect$$libinit$$0000002C)
    __rt_lib_init_cpp_1                      0x0800021f   Thumb Code     0  libinit2.o(.ARM.Collect$$libinit$$00000032)
    __rt_lib_init_exceptions_1               0x0800021f   Thumb Code     0  libinit2.o(.ARM.Collect$$libinit$$00000030)
    __rt_lib_init_return                     0x0800021f   Thumb Code     0  libinit2.o(.ARM.Collect$$libinit$$00000033)
    __rt_lib_init_stdio_1                    0x0800021f   Thumb Code     0  libinit2.o(.ARM.Collect$$libinit$$00000025)
    __rt_lib_shutdown                        0x08000221   Thumb Code     0  libshutdown.o(.ARM.Collect$$libshutdown$$00000000)
    __rt_lib_shutdown_cpp_1                  0x08000223   Thumb Code     0  libshutdown2.o(.ARM.Collect$$libshutdown$$00000002)
    __rt_lib_shutdown_stdio_2                0x08000223   Thumb Code     0  libshutdown2.o(.ARM.Collect$$libshutdown$$00000003)
    __rt_lib_shutdown_fp_trap_1              0x08000227   Thumb Code     0  libshutdown2.o(.ARM.Collect$$libshutdown$$00000007)
    __rt_lib_shutdown_heap_1                 0x08000227   Thumb Code     0  libshutdown2.o(.ARM.Collect$$libshutdown$$0000000F)
    __rt_lib_shutdown_return                 0x08000227   Thumb Code     0  libshutdown2.o(.ARM.Collect$$libshutdown$$00000010)
    __rt_lib_shutdown_signal_1               0x08000227   Thumb Code     0  libshutdown2.o(.ARM.Collect$$libshutdown$$0000000A)
    __rt_lib_shutdown_stdio_1                0x08000227   Thumb Code     0  libshutdown2.o(.ARM.Collect$$libshutdown$$00000004)
    __rt_lib_shutdown_user_alloc_1           0x08000227   Thumb Code     0  libshutdown2.o(.ARM.Collect$$libshutdown$$0000000C)
    __rt_entry                               0x08000229   Thumb Code     0  __rtentry.o(.ARM.Collect$$rtentry$$00000000)
    __rt_entry_presh_1                       0x08000229   Thumb Code     0  __rtentry2.o(.ARM.Collect$$rtentry$$00000002)
    __rt_entry_sh                            0x08000229   Thumb Code     0  __rtentry4.o(.ARM.Collect$$rtentry$$00000004)
    __rt_entry_li                            0x0800022f   Thumb Code     0  __rtentry2.o(.ARM.Collect$$rtentry$$0000000A)
    __rt_entry_postsh_1                      0x0800022f   Thumb Code     0  __rtentry2.o(.ARM.Collect$$rtentry$$00000009)
    __rt_entry_main                          0x08000233   Thumb Code     0  __rtentry2.o(.ARM.Collect$$rtentry$$0000000D)
    __rt_entry_postli_1                      0x08000233   Thumb Code     0  __rtentry2.o(.ARM.Collect$$rtentry$$0000000C)
    __rt_exit                                0x0800023b   Thumb Code     0  rtexit.o(.ARM.Collect$$rtexit$$00000000)
    __rt_exit_ls                             0x0800023d   Thumb Code     0  rtexit2.o(.ARM.Collect$$rtexit$$00000003)
    __rt_exit_prels_1                        0x0800023d   Thumb Code     0  rtexit2.o(.ARM.Collect$$rtexit$$00000002)
    __rt_exit_exit                           0x08000241   Thumb Code     0  rtexit2.o(.ARM.Collect$$rtexit$$00000004)
    SVC_Handler                              0x08000249   Thumb Code    28  port.o(.emb_text)
    __asm___6_port_c_39a90d8d__prvStartFirstTask 0x08000269   Thumb Code    28  port.o(.emb_text)
    __asm___6_port_c_39a90d8d__prvEnableVFP  0x08000289   Thumb Code    16  port.o(.emb_text)
    PendSV_Handler                           0x0800029d   Thumb Code    88  port.o(.emb_text)
    vPortGetIPSR                             0x080002f9   Thumb Code     6  port.o(.emb_text)
    Reset_Handler                            0x08000301   Thumb Code     8  startup_stm32f40_41xxx.o(.text)
    _maybe_terminate_alloc                   0x08000301   Thumb Code     0  maybetermalloc1.o(.emb_text)
    ADC_IRQHandler                           0x0800031b   Thumb Code     0  startup_stm32f40_41xxx.o(.text)
    CAN1_RX0_IRQHandler                      0x0800031b   Thumb Code     0  startup_stm32f40_41xxx.o(.text)
    CAN1_RX1_IRQHandler                      0x0800031b   Thumb Code     0  startup_stm32f40_41xxx.o(.text)
    CAN1_SCE_IRQHandler                      0x0800031b   Thumb Code     0  startup_stm32f40_41xxx.o(.text)
    CAN1_TX_IRQHandler                       0x0800031b   Thumb Code     0  startup_stm32f40_41xxx.o(.text)
    CAN2_RX0_IRQHandler                      0x0800031b   Thumb Code     0  startup_stm32f40_41xxx.o(.text)
    CAN2_RX1_IRQHandler                      0x0800031b   Thumb Code     0  startup_stm32f40_41xxx.o(.text)
    CAN2_SCE_IRQHandler                      0x0800031b   Thumb Code     0  startup_stm32f40_41xxx.o(.text)
    CAN2_TX_IRQHandler                       0x0800031b   Thumb Code     0  startup_stm32f40_41xxx.o(.text)
    CRYP_IRQHandler                          0x0800031b   Thumb Code     0  startup_stm32f40_41xxx.o(.text)
    DCMI_IRQHandler                          0x0800031b   Thumb Code     0  startup_stm32f40_41xxx.o(.text)
    DMA1_Stream0_IRQHandler                  0x0800031b   Thumb Code     0  startup_stm32f40_41xxx.o(.text)
    DMA1_Stream1_IRQHandler                  0x0800031b   Thumb Code     0  startup_stm32f40_41xxx.o(.text)
    DMA1_Stream2_IRQHandler                  0x0800031b   Thumb Code     0  startup_stm32f40_41xxx.o(.text)
    DMA1_Stream3_IRQHandler                  0x0800031b   Thumb Code     0  startup_stm32f40_41xxx.o(.text)
    DMA1_Stream4_IRQHandler                  0x0800031b   Thumb Code     0  startup_stm32f40_41xxx.o(.text)
    DMA1_Stream5_IRQHandler                  0x0800031b   Thumb Code     0  startup_stm32f40_41xxx.o(.text)
    DMA1_Stream6_IRQHandler                  0x0800031b   Thumb Code     0  startup_stm32f40_41xxx.o(.text)
    DMA1_Stream7_IRQHandler                  0x0800031b   Thumb Code     0  startup_stm32f40_41xxx.o(.text)
    DMA2_Stream0_IRQHandler                  0x0800031b   Thumb Code     0  startup_stm32f40_41xxx.o(.text)
    DMA2_Stream1_IRQHandler                  0x0800031b   Thumb Code     0  startup_stm32f40_41xxx.o(.text)
    DMA2_Stream2_IRQHandler                  0x0800031b   Thumb Code     0  startup_stm32f40_41xxx.o(.text)
    DMA2_Stream3_IRQHandler                  0x0800031b   Thumb Code     0  startup_stm32f40_41xxx.o(.text)
    DMA2_Stream4_IRQHandler                  0x0800031b   Thumb Code     0  startup_stm32f40_41xxx.o(.text)
    DMA2_Stream5_IRQHandler                  0x0800031b   Thumb Code     0  startup_stm32f40_41xxx.o(.text)
    DMA2_Stream6_IRQHandler                  0x0800031b   Thumb Code     0  startup_stm32f40_41xxx.o(.text)
    DMA2_Stream7_IRQHandler                  0x0800031b   Thumb Code     0  startup_stm32f40_41xxx.o(.text)
    ETH_IRQHandler                           0x0800031b   Thumb Code     0  startup_stm32f40_41xxx.o(.text)
    ETH_WKUP_IRQHandler                      0x0800031b   Thumb Code     0  startup_stm32f40_41xxx.o(.text)
    EXTI0_IRQHandler                         0x0800031b   Thumb Code     0  startup_stm32f40_41xxx.o(.text)
    EXTI15_10_IRQHandler                     0x0800031b   Thumb Code     0  startup_stm32f40_41xxx.o(.text)
    EXTI1_IRQHandler                         0x0800031b   Thumb Code     0  startup_stm32f40_41xxx.o(.text)
    EXTI2_IRQHandler                         0x0800031b   Thumb Code     0  startup_stm32f40_41xxx.o(.text)
    EXTI3_IRQHandler                         0x0800031b   Thumb Code     0  startup_stm32f40_41xxx.o(.text)
    EXTI4_IRQHandler                         0x0800031b   Thumb Code     0  startup_stm32f40_41xxx.o(.text)
    EXTI9_5_IRQHandler                       0x0800031b   Thumb Code     0  startup_stm32f40_41xxx.o(.text)
    FLASH_IRQHandler                         0x0800031b   Thumb Code     0  startup_stm32f40_41xxx.o(.text)
    FPU_IRQHandler                           0x0800031b   Thumb Code     0  startup_stm32f40_41xxx.o(.text)
    FSMC_IRQHandler                          0x0800031b   Thumb Code     0  startup_stm32f40_41xxx.o(.text)
    HASH_RNG_IRQHandler                      0x0800031b   Thumb Code     0  startup_stm32f40_41xxx.o(.text)
    I2C1_ER_IRQHandler                       0x0800031b   Thumb Code     0  startup_stm32f40_41xxx.o(.text)
    I2C1_EV_IRQHandler                       0x0800031b   Thumb Code     0  startup_stm32f40_41xxx.o(.text)
    I2C2_ER_IRQHandler                       0x0800031b   Thumb Code     0  startup_stm32f40_41xxx.o(.text)
    I2C2_EV_IRQHandler                       0x0800031b   Thumb Code     0  startup_stm32f40_41xxx.o(.text)
    I2C3_ER_IRQHandler                       0x0800031b   Thumb Code     0  startup_stm32f40_41xxx.o(.text)
    I2C3_EV_IRQHandler                       0x0800031b   Thumb Code     0  startup_stm32f40_41xxx.o(.text)
    OTG_FS_IRQHandler                        0x0800031b   Thumb Code     0  startup_stm32f40_41xxx.o(.text)
    OTG_FS_WKUP_IRQHandler                   0x0800031b   Thumb Code     0  startup_stm32f40_41xxx.o(.text)
    OTG_HS_EP1_IN_IRQHandler                 0x0800031b   Thumb Code     0  startup_stm32f40_41xxx.o(.text)
    OTG_HS_EP1_OUT_IRQHandler                0x0800031b   Thumb Code     0  startup_stm32f40_41xxx.o(.text)
    OTG_HS_IRQHandler                        0x0800031b   Thumb Code     0  startup_stm32f40_41xxx.o(.text)
    OTG_HS_WKUP_IRQHandler                   0x0800031b   Thumb Code     0  startup_stm32f40_41xxx.o(.text)
    PVD_IRQHandler                           0x0800031b   Thumb Code     0  startup_stm32f40_41xxx.o(.text)
    RCC_IRQHandler                           0x0800031b   Thumb Code     0  startup_stm32f40_41xxx.o(.text)
    RTC_Alarm_IRQHandler                     0x0800031b   Thumb Code     0  startup_stm32f40_41xxx.o(.text)
    RTC_WKUP_IRQHandler                      0x0800031b   Thumb Code     0  startup_stm32f40_41xxx.o(.text)
    SDIO_IRQHandler                          0x0800031b   Thumb Code     0  startup_stm32f40_41xxx.o(.text)
    SPI1_IRQHandler                          0x0800031b   Thumb Code     0  startup_stm32f40_41xxx.o(.text)
    SPI2_IRQHandler                          0x0800031b   Thumb Code     0  startup_stm32f40_41xxx.o(.text)
    SPI3_IRQHandler                          0x0800031b   Thumb Code     0  startup_stm32f40_41xxx.o(.text)
    TAMP_STAMP_IRQHandler                    0x0800031b   Thumb Code     0  startup_stm32f40_41xxx.o(.text)
    TIM1_BRK_TIM9_IRQHandler                 0x0800031b   Thumb Code     0  startup_stm32f40_41xxx.o(.text)
    TIM1_CC_IRQHandler                       0x0800031b   Thumb Code     0  startup_stm32f40_41xxx.o(.text)
    TIM1_TRG_COM_TIM11_IRQHandler            0x0800031b   Thumb Code     0  startup_stm32f40_41xxx.o(.text)
    TIM1_UP_TIM10_IRQHandler                 0x0800031b   Thumb Code     0  startup_stm32f40_41xxx.o(.text)
    TIM2_IRQHandler                          0x0800031b   Thumb Code     0  startup_stm32f40_41xxx.o(.text)
    TIM4_IRQHandler                          0x0800031b   Thumb Code     0  startup_stm32f40_41xxx.o(.text)
    TIM5_IRQHandler                          0x0800031b   Thumb Code     0  startup_stm32f40_41xxx.o(.text)
    TIM6_DAC_IRQHandler                      0x0800031b   Thumb Code     0  startup_stm32f40_41xxx.o(.text)
    TIM7_IRQHandler                          0x0800031b   Thumb Code     0  startup_stm32f40_41xxx.o(.text)
    TIM8_BRK_TIM12_IRQHandler                0x0800031b   Thumb Code     0  startup_stm32f40_41xxx.o(.text)
    TIM8_CC_IRQHandler                       0x0800031b   Thumb Code     0  startup_stm32f40_41xxx.o(.text)
    TIM8_TRG_COM_TIM14_IRQHandler            0x0800031b   Thumb Code     0  startup_stm32f40_41xxx.o(.text)
    TIM8_UP_TIM13_IRQHandler                 0x0800031b   Thumb Code     0  startup_stm32f40_41xxx.o(.text)
    UART4_IRQHandler                         0x0800031b   Thumb Code     0  startup_stm32f40_41xxx.o(.text)
    UART5_IRQHandler                         0x0800031b   Thumb Code     0  startup_stm32f40_41xxx.o(.text)
    USART3_IRQHandler                        0x0800031b   Thumb Code     0  startup_stm32f40_41xxx.o(.text)
    USART6_IRQHandler                        0x0800031b   Thumb Code     0  startup_stm32f40_41xxx.o(.text)
    WWDG_IRQHandler                          0x0800031b   Thumb Code     0  startup_stm32f40_41xxx.o(.text)
    __user_initial_stackheap                 0x0800031d   Thumb Code     0  startup_stm32f40_41xxx.o(.text)
    __2printf                                0x08000341   Thumb Code    20  noretval__2printf.o(.text)
    __printf                                 0x08000359   Thumb Code   104  __printf.o(.text)
    _printf_str                              0x080003c1   Thumb Code    82  _printf_str.o(.text)
    _printf_int_dec                          0x08000415   Thumb Code   104  _printf_dec.o(.text)
    strlen                                   0x0800048d   Thumb Code    62  strlen.o(.text)
    __aeabi_memcpy                           0x080004cb   Thumb Code     0  rt_memcpy_v6.o(.text)
    __rt_memcpy                              0x080004cb   Thumb Code   138  rt_memcpy_v6.o(.text)
    _memcpy_lastbytes                        0x08000531   Thumb Code     0  rt_memcpy_v6.o(.text)
    __aeabi_memset                           0x08000555   Thumb Code    16  aeabi_memset.o(.text)
    __use_two_region_memory                  0x08000565   Thumb Code     2  heapauxi.o(.text)
    __rt_heap_escrow                         0x08000567   Thumb Code     2  heapauxi.o(.text)
    __rt_heap_expand                         0x08000569   Thumb Code     2  heapauxi.o(.text)
    _printf_int_common                       0x0800056b   Thumb Code   178  _printf_intcommon.o(.text)
    _printf_char_common                      0x08000627   Thumb Code    32  _printf_char_common.o(.text)
    _printf_cs_common                        0x0800064d   Thumb Code    20  _printf_char.o(.text)
    _printf_char                             0x08000661   Thumb Code    16  _printf_char.o(.text)
    _printf_string                           0x08000671   Thumb Code     8  _printf_char.o(.text)
    _printf_char_file                        0x08000679   Thumb Code    32  _printf_char_file.o(.text)
    __aeabi_memcpy4                          0x0800069d   Thumb Code     0  rt_memcpy_w.o(.text)
    __aeabi_memcpy8                          0x0800069d   Thumb Code     0  rt_memcpy_w.o(.text)
    __rt_memcpy_w                            0x0800069d   Thumb Code   100  rt_memcpy_w.o(.text)
    _memcpy_lastbytes_aligned                0x080006e5   Thumb Code     0  rt_memcpy_w.o(.text)
    __aeabi_memclr                           0x08000701   Thumb Code     0  rt_memclr.o(.text)
    __rt_memclr                              0x08000701   Thumb Code    68  rt_memclr.o(.text)
    _memset                                  0x08000705   Thumb Code     0  rt_memclr.o(.text)
    ferror                                   0x08000745   Thumb Code     8  ferror.o(.text)
    _initio                                  0x0800074d   Thumb Code   210  initio.o(.text)
    _terminateio                             0x0800081f   Thumb Code    56  initio.o(.text)
    __aeabi_memclr4                          0x08000885   Thumb Code     0  rt_memclr_w.o(.text)
    __aeabi_memclr8                          0x08000885   Thumb Code     0  rt_memclr_w.o(.text)
    __rt_memclr_w                            0x08000885   Thumb Code    78  rt_memclr_w.o(.text)
    _memset_w                                0x08000889   Thumb Code     0  rt_memclr_w.o(.text)
    _sys_open                                0x080008d3   Thumb Code    20  sys_io.o(.text)
    _sys_close                               0x080008e7   Thumb Code    12  sys_io.o(.text)
    _sys_write                               0x080008f3   Thumb Code    16  sys_io.o(.text)
    _sys_read                                0x08000903   Thumb Code    14  sys_io.o(.text)
    _sys_istty                               0x08000911   Thumb Code    12  sys_io.o(.text)
    _sys_seek                                0x0800091d   Thumb Code    14  sys_io.o(.text)
    _sys_ensure                              0x0800092b   Thumb Code     2  sys_io.o(.text)
    _sys_flen                                0x0800092d   Thumb Code    12  sys_io.o(.text)
    __user_setup_stackheap                   0x08000939   Thumb Code    74  sys_stackheap_outer.o(.text)
    free                                     0x08000983   Thumb Code    78  h1_free.o(.text)
    setvbuf                                  0x080009d1   Thumb Code    70  setvbuf.o(.text)
    freopen                                  0x08000a19   Thumb Code   158  fopen.o(.text)
    fopen                                    0x08000ab7   Thumb Code    74  fopen.o(.text)
    _fclose_internal                         0x08000b05   Thumb Code    76  fclose.o(.text)
    fclose                                   0x08000b05   Thumb Code     0  fclose.o(.text)
    exit                                     0x08000b51   Thumb Code    18  exit.o(.text)
    __rt_SIGRTRED                            0x08000b63   Thumb Code    14  defsig_rtred_outer.o(.text)
    __user_libspace                          0x08000b71   Thumb Code     8  libspace.o(.text)
    __user_perproc_libspace                  0x08000b71   Thumb Code     0  libspace.o(.text)
    __user_perthread_libspace                0x08000b71   Thumb Code     0  libspace.o(.text)
    __I$use$semihosting                      0x08000b79   Thumb Code     0  use_no_semi.o(.text)
    __use_no_semihosting_swi                 0x08000b79   Thumb Code     2  use_no_semi.o(.text)
    __semihosting_library_function           0x08000b7b   Thumb Code     0  indicate_semi.o(.text)
    __rt_heap_descriptor                     0x08000b7d   Thumb Code     8  rt_heap_descriptor_intlibspace.o(.text)
    __use_no_heap                            0x08000b85   Thumb Code     2  hguard.o(.text)
    __heap$guard                             0x08000b87   Thumb Code     2  hguard.o(.text)
    _terminate_user_alloc                    0x08000b89   Thumb Code     2  init_alloc.o(.text)
    _init_user_alloc                         0x08000b8b   Thumb Code     2  init_alloc.o(.text)
    __Heap_Full                              0x08000b8d   Thumb Code    34  init_alloc.o(.text)
    __Heap_Broken                            0x08000baf   Thumb Code     6  init_alloc.o(.text)
    _init_alloc                              0x08000bb5   Thumb Code    94  init_alloc.o(.text)
    malloc                                   0x08000c13   Thumb Code    94  h1_alloc.o(.text)
    _fseek                                   0x08000c71   Thumb Code   242  fseek.o(.text)
    fseek                                    0x08000c71   Thumb Code     0  fseek.o(.text)
    _seterr                                  0x08000d69   Thumb Code    20  stdio.o(.text)
    _writebuf                                0x08000d7d   Thumb Code    84  stdio.o(.text)
    _fflush                                  0x08000dd1   Thumb Code    70  stdio.o(.text)
    _deferredlazyseek                        0x08000e17   Thumb Code    60  stdio.o(.text)
    __sig_exit                               0x08000e59   Thumb Code    10  defsig_exit.o(.text)
    __rt_SIGRTRED_inner                      0x08000e65   Thumb Code    14  defsig_rtred_inner.o(.text)
    _sys_exit                                0x08000e99   Thumb Code     8  sys_exit.o(.text)
    __Heap_Initialize                        0x08000ea5   Thumb Code    10  h1_init.o(.text)
    __Heap_DescSize                          0x08000eaf   Thumb Code     4  h1_init.o(.text)
    __Heap_ProvideMemory                     0x08000eb3   Thumb Code    52  h1_extend.o(.text)
    _ftell_internal                          0x08000ee7   Thumb Code    66  ftell.o(.text)
    ftell                                    0x08000ee7   Thumb Code     0  ftell.o(.text)
    __default_signal_display                 0x08000f29   Thumb Code    50  defsig_general.o(.text)
    __rt_SIGRTMEM                            0x08000f5b   Thumb Code    14  defsig_rtmem_outer.o(.text)
    _ttywrch                                 0x08000f69   Thumb Code    14  sys_wrch.o(.text)
    __aeabi_errno_addr                       0x08000f79   Thumb Code     8  rt_errno_addr_intlibspace.o(.text)
    __errno$intlibspace                      0x08000f79   Thumb Code     0  rt_errno_addr_intlibspace.o(.text)
    __rt_errno_addr$intlibspace              0x08000f79   Thumb Code     0  rt_errno_addr_intlibspace.o(.text)
    __rt_SIGRTMEM_inner                      0x08000f81   Thumb Code    22  defsig_rtmem_inner.o(.text)
    BusFault_Handler                         0x08000fd1   Thumb Code     2  stm32f4xx_it.o(i.BusFault_Handler)
    ConfigureTimeForRunTimeStats             0x08000fd5   Thumb Code    16  timer.o(i.ConfigureTimeForRunTimeStats)
    DebugMon_Handler                         0x08000fe9   Thumb Code     2  stm32f4xx_it.o(i.DebugMon_Handler)
    DwinUartInit                             0x08000fed   Thumb Code   176  dwin.o(i.DwinUartInit)
    GPIO_Init                                0x080010a5   Thumb Code   120  stm32f4xx_gpio.o(i.GPIO_Init)
    GPIO_PinAFConfig                         0x0800111d   Thumb Code    32  stm32f4xx_gpio.o(i.GPIO_PinAFConfig)
    HardFault_Handler                        0x0800113d   Thumb Code     2  stm32f4xx_it.o(i.HardFault_Handler)
    MemManage_Handler                        0x0800113f   Thumb Code     2  stm32f4xx_it.o(i.MemManage_Handler)
    NMI_Handler                              0x08001141   Thumb Code     2  stm32f4xx_it.o(i.NMI_Handler)
    NVIC_Init                                0x08001145   Thumb Code    96  misc.o(i.NVIC_Init)
    NVIC_PriorityGroupConfig                 0x080011a9   Thumb Code    10  misc.o(i.NVIC_PriorityGroupConfig)
    ProcessMessage                           0x080011bd   Thumb Code   146  dwin.o(i.ProcessMessage)
    RCC_AHB1PeriphClockCmd                   0x08001271   Thumb Code    18  stm32f4xx_rcc.o(i.RCC_AHB1PeriphClockCmd)
    RCC_APB1PeriphClockCmd                   0x08001289   Thumb Code    18  stm32f4xx_rcc.o(i.RCC_APB1PeriphClockCmd)
    RCC_APB2PeriphClockCmd                   0x080012a1   Thumb Code    18  stm32f4xx_rcc.o(i.RCC_APB2PeriphClockCmd)
    RCC_GetClocksFreq                        0x080012b9   Thumb Code   132  stm32f4xx_rcc.o(i.RCC_GetClocksFreq)
    SendChar                                 0x08001349   Thumb Code    30  dwin.o(i.SendChar)
    SysTick_CLKSourceConfig                  0x08001421   Thumb Code    24  misc.o(i.SysTick_CLKSourceConfig)
    SysTick_Handler                          0x08001439   Thumb Code    20  delay.o(i.SysTick_Handler)
    SystemInit                               0x0800144d   Thumb Code    74  system_stm32f4xx.o(i.SystemInit)
    TIM3_IRQHandler                          0x080014a9   Thumb Code    44  timer.o(i.TIM3_IRQHandler)
    TIM3_Int_Init                            0x080014dd   Thumb Code    86  timer.o(i.TIM3_Int_Init)
    TIM_ClearITPendingBit                    0x08001539   Thumb Code     6  stm32f4xx_tim.o(i.TIM_ClearITPendingBit)
    TIM_Cmd                                  0x0800153f   Thumb Code    20  stm32f4xx_tim.o(i.TIM_Cmd)
    TIM_GetITStatus                          0x08001553   Thumb Code    24  stm32f4xx_tim.o(i.TIM_GetITStatus)
    TIM_ITConfig                             0x0800156b   Thumb Code    16  stm32f4xx_tim.o(i.TIM_ITConfig)
    TIM_TimeBaseInit                         0x0800157d   Thumb Code    96  stm32f4xx_tim.o(i.TIM_TimeBaseInit)
    USART1_IRQHandler                        0x080015f9   Thumb Code    88  usart.o(i.USART1_IRQHandler)
    USART2_IRQHandler                        0x0800165d   Thumb Code    32  dwin.o(i.USART2_IRQHandler)
    USART_Cmd                                0x08001681   Thumb Code    20  stm32f4xx_usart.o(i.USART_Cmd)
    USART_GetFlagStatus                      0x08001695   Thumb Code    14  stm32f4xx_usart.o(i.USART_GetFlagStatus)
    USART_GetITStatus                        0x080016a3   Thumb Code    62  stm32f4xx_usart.o(i.USART_GetITStatus)
    USART_ITConfig                           0x080016e1   Thumb Code    48  stm32f4xx_usart.o(i.USART_ITConfig)
    USART_Init                               0x08001711   Thumb Code   164  stm32f4xx_usart.o(i.USART_Init)
    USART_ReceiveData                        0x080017bd   Thumb Code     8  stm32f4xx_usart.o(i.USART_ReceiveData)
    USART_SendData                           0x080017c5   Thumb Code     8  stm32f4xx_usart.o(i.USART_SendData)
    UsageFault_Handler                       0x080017cd   Thumb Code     2  stm32f4xx_it.o(i.UsageFault_Handler)
    debug_task                               0x080017d1   Thumb Code    34  main.o(i.debug_task)
    delay_init                               0x080017f9   Thumb Code    50  delay.o(i.delay_init)
    delay_ms                                 0x08001831   Thumb Code    52  delay.o(i.delay_ms)
    delay_us                                 0x08001869   Thumb Code    48  delay.o(i.delay_us)
    dwin_ack                                 0x0800189d   Thumb Code    26  dwin.o(i.dwin_ack)
    dwin_task                                0x080018bd   Thumb Code    12  main.o(i.dwin_task)
    fputc                                    0x080018c9   Thumb Code    14  usart.o(i.fputc)
    main                                     0x080018dd   Thumb Code    72  main.o(i.main)
    pvPortMalloc                             0x0800219d   Thumb Code   214  heap_4.o(i.pvPortMalloc)
    pvTaskIncrementMutexHeldCount            0x080022b1   Thumb Code    18  tasks.o(i.pvTaskIncrementMutexHeldCount)
    pxPortInitialiseStack                    0x080022c9   Thumb Code    40  port.o(i.pxPortInitialiseStack)
    queue_find_cmd                           0x080022f5   Thumb Code   100  cmd_queue.o(i.queue_find_cmd)
    queue_push                               0x08002361   Thumb Code    26  cmd_queue.o(i.queue_push)
    queue_reset                              0x08002381   Thumb Code    14  cmd_queue.o(i.queue_reset)
    read_from_dwin                           0x08002399   Thumb Code    34  dwin.o(i.read_from_dwin)
    read_u16_from_dwin                       0x080023c5   Thumb Code    10  dwin.o(i.read_u16_from_dwin)
    sendArray                                0x080023cf   Thumb Code    24  dwin.o(i.sendArray)
    start_task                               0x080023e9   Thumb Code    68  main.o(i.start_task)
    uart_init                                0x08002451   Thumb Code   164  usart.o(i.uart_init)
    uxListRemove                             0x080024fd   Thumb Code    36  list.o(i.uxListRemove)
    vListInitialise                          0x08002521   Thumb Code    22  list.o(i.vListInitialise)
    vListInitialiseItem                      0x08002537   Thumb Code     6  list.o(i.vListInitialiseItem)
    vListInsert                              0x0800253d   Thumb Code    48  list.o(i.vListInsert)
    vListInsertEnd                           0x0800256d   Thumb Code    24  list.o(i.vListInsertEnd)
    vPortEnterCritical                       0x08002585   Thumb Code    50  port.o(i.vPortEnterCritical)
    vPortExitCritical                        0x080025fd   Thumb Code    34  port.o(i.vPortExitCritical)
    vPortFree                                0x08002661   Thumb Code    94  heap_4.o(i.vPortFree)
    vPortSetupTimerInterrupt                 0x080026fd   Thumb Code    26  port.o(i.vPortSetupTimerInterrupt)
    vPortValidateInterruptPriority           0x0800271d   Thumb Code    70  port.o(i.vPortValidateInterruptPriority)
    vQueueAddToRegistry                      0x080027a9   Thumb Code    32  queue.o(i.vQueueAddToRegistry)
    vQueueWaitForMessageRestricted           0x080027cd   Thumb Code    68  queue.o(i.vQueueWaitForMessageRestricted)
    vTaskDelay                               0x08002811   Thumb Code    62  tasks.o(i.vTaskDelay)
    vTaskDelete                              0x0800287d   Thumb Code   152  tasks.o(i.vTaskDelete)
    vTaskMissedYield                         0x08002949   Thumb Code     8  tasks.o(i.vTaskMissedYield)
    vTaskPlaceOnEventList                    0x08002955   Thumb Code    44  tasks.o(i.vTaskPlaceOnEventList)
    vTaskPlaceOnEventListRestricted          0x080029a9   Thumb Code    52  tasks.o(i.vTaskPlaceOnEventListRestricted)
    vTaskPriorityInherit                     0x08002a05   Thumb Code   124  tasks.o(i.vTaskPriorityInherit)
    vTaskSetTimeOutState                     0x08002a89   Thumb Code    30  tasks.o(i.vTaskSetTimeOutState)
    vTaskStartScheduler                      0x08002ad1   Thumb Code   100  tasks.o(i.vTaskStartScheduler)
    vTaskSuspendAll                          0x08002b69   Thumb Code    10  tasks.o(i.vTaskSuspendAll)
    vTaskSwitchContext                       0x08002b79   Thumb Code   106  tasks.o(i.vTaskSwitchContext)
    write_to_dwin                            0x08002c15   Thumb Code    38  dwin.o(i.write_to_dwin)
    write_u16_to_dwin                        0x08002c45   Thumb Code    12  dwin.o(i.write_u16_to_dwin)
    write_u8_to_dwin                         0x08002c51   Thumb Code    12  dwin.o(i.write_u8_to_dwin)
    xPortStartScheduler                      0x08002c5d   Thumb Code   196  port.o(i.xPortStartScheduler)
    xPortSysTickHandler                      0x08002d71   Thumb Code    38  port.o(i.xPortSysTickHandler)
    xQueueGenericCreate                      0x08002d9d   Thumb Code    82  queue.o(i.xQueueGenericCreate)
    xQueueGenericReceive                     0x08002e15   Thumb Code   348  queue.o(i.xQueueGenericReceive)
    xQueueGenericReset                       0x08002f99   Thumb Code   128  queue.o(i.xQueueGenericReset)
    xQueueGenericSend                        0x08003041   Thumb Code   350  queue.o(i.xQueueGenericSend)
    xQueueGenericSendFromISR                 0x080031c9   Thumb Code   188  queue.o(i.xQueueGenericSendFromISR)
    xTaskCheckForTimeOut                     0x080032a9   Thumb Code    94  tasks.o(i.xTaskCheckForTimeOut)
    xTaskCreate                              0x08003331   Thumb Code    86  tasks.o(i.xTaskCreate)
    xTaskGetSchedulerState                   0x08003389   Thumb Code    22  tasks.o(i.xTaskGetSchedulerState)
    xTaskGetTickCount                        0x080033a5   Thumb Code     6  tasks.o(i.xTaskGetTickCount)
    xTaskIncrementTick                       0x080033b1   Thumb Code   188  tasks.o(i.xTaskIncrementTick)
    xTaskPriorityDisinherit                  0x08003499   Thumb Code   136  tasks.o(i.xTaskPriorityDisinherit)
    xTaskRemoveFromEventList                 0x0800354d   Thumb Code   102  tasks.o(i.xTaskRemoveFromEventList)
    xTaskResumeAll                           0x080035e5   Thumb Code   180  tasks.o(i.xTaskResumeAll)
    xTimerCreate                             0x080036c9   Thumb Code    74  timers.o(i.xTimerCreate)
    xTimerCreateTimerTask                    0x0800373d   Thumb Code    58  timers.o(i.xTimerCreateTimerTask)
    xTimerGenericCommand                     0x080037b1   Thumb Code    98  timers.o(i.xTimerGenericCommand)
    _fp_init                                 0x08003841   Thumb Code    10  fpinit.o(x$fpl$fpinit)
    __fplib_config_fpu_vfp                   0x08003849   Thumb Code     0  fpinit.o(x$fpl$fpinit)
    __fplib_config_pureend_doubles           0x08003849   Thumb Code     0  fpinit.o(x$fpl$fpinit)
    __stdin_name                             0x0800384a   Data           4  sys_io.o(.constdata)
    __stdout_name                            0x0800384e   Data           4  sys_io.o(.constdata)
    __stderr_name                            0x08003852   Data           4  sys_io.o(.constdata)
    Region$$Table$$Base                      0x08003858   Number         0  anon$$obj.o(Region$$Table)
    Region$$Table$$Limit                     0x08003878   Number         0  anon$$obj.o(Region$$Table)
    mem3base                                 0x10000000   Data       61440  malloc.o(.ARM.__AT_0x10000000)
    mem3mapbase                              0x1000f000   Data        3840  malloc.o(.ARM.__AT_0x1000F000)
    StartTask_Handler                        0x20000004   Data           4  main.o(.data)
    DwinTask_Handler                         0x20000008   Data           4  main.o(.data)
    Debug_Handler                            0x2000000c   Data           4  main.o(.data)
    SystemCoreClock                          0x20000010   Data           4  system_stm32f4xx.o(.data)
    AHBPrescTable                            0x20000014   Data          16  system_stm32f4xx.o(.data)
    FreeRTOSRunTimeTicks                     0x20000028   Data           8  timer.o(.data)
    USART_RX_STA                             0x20000038   Data           2  usart.o(.data)
    pxCurrentTCB                             0x2000004c   Data           4  tasks.o(.data)
    __aeabi_stdin                            0x200000c8   Data           4  stdio_streams.o(.data)
    __aeabi_stdout                           0x200000cc   Data           4  stdio_streams.o(.data)
    __aeabi_stderr                           0x200000d0   Data           4  stdio_streams.o(.data)
    cmd_buffer                               0x200000d4   Data          16  dwin.o(.bss)
    USART_RX_BUF                             0x200002e8   Data          50  usart.o(.bss)
    xQueueRegistry                           0x2000031c   Data          64  queue.o(.bss)
    __stdin                                  0x20005668   Data          84  stdio_streams.o(.bss)
    __stdout                                 0x200056bc   Data          84  stdio_streams.o(.bss)
    __stderr                                 0x20005710   Data          84  stdio_streams.o(.bss)
    __libspace_start                         0x20005764   Data          96  libspace.o(.bss)
    __temporary_stack_top$libspace           0x200057c4   Data           0  libspace.o(.bss)
    mem2base                                 0x68000000   Data       983040  malloc.o(.ARM.__AT_0x68000000)
    mem2mapbase                              0x680f0000   Data       61440  malloc.o(.ARM.__AT_0x680F0000)



==============================================================================

Memory Map of the image

  Image Entry point : 0x08000189

  Load Region LR_IROM1 (Base: 0x08000000, Size: 0x0000394c, Max: 0x00100000, ABSOLUTE)

    Execution Region ER_IROM1 (Exec base: 0x08000000, Load base: 0x08000000, Size: 0x00003878, Max: 0x00100000, ABSOLUTE)

    Exec Addr    Load Addr    Size         Type   Attr      Idx    E Section Name        Object

    0x08000000   0x08000000   0x00000188   Data   RO          973    RESET               startup_stm32f40_41xxx.o
    0x08000188   0x08000188   0x00000008   Code   RO         3562  * !!!main             c_w.l(__main.o)
    0x08000190   0x08000190   0x00000034   Code   RO         3906    !!!scatter          c_w.l(__scatter.o)
    0x080001c4   0x080001c4   0x0000001a   Code   RO         3908    !!handler_copy      c_w.l(__scatter_copy.o)
    0x080001de   0x080001de   0x00000002   PAD
    0x080001e0   0x080001e0   0x0000001c   Code   RO         3910    !!handler_zi        c_w.l(__scatter_zi.o)
    0x080001fc   0x080001fc   0x00000000   Code   RO         3551    .ARM.Collect$$_printf_percent$$00000000  c_w.l(_printf_percent.o)
    0x080001fc   0x080001fc   0x00000006   Code   RO         3549    .ARM.Collect$$_printf_percent$$00000009  c_w.l(_printf_d.o)
    0x08000202   0x08000202   0x00000006   Code   RO         3547    .ARM.Collect$$_printf_percent$$00000014  c_w.l(_printf_s.o)
    0x08000208   0x08000208   0x00000004   Code   RO         3587    .ARM.Collect$$_printf_percent$$00000017  c_w.l(_printf_percent_end.o)
    0x0800020c   0x0800020c   0x00000002   Code   RO         3717    .ARM.Collect$$libinit$$00000000  c_w.l(libinit.o)
    0x0800020e   0x0800020e   0x00000004   Code   RO         3718    .ARM.Collect$$libinit$$00000001  c_w.l(libinit2.o)
    0x08000212   0x08000212   0x00000000   Code   RO         3721    .ARM.Collect$$libinit$$00000004  c_w.l(libinit2.o)
    0x08000212   0x08000212   0x00000008   Code   RO         3722    .ARM.Collect$$libinit$$00000005  c_w.l(libinit2.o)
    0x0800021a   0x0800021a   0x00000000   Code   RO         3724    .ARM.Collect$$libinit$$0000000A  c_w.l(libinit2.o)
    0x0800021a   0x0800021a   0x00000000   Code   RO         3726    .ARM.Collect$$libinit$$0000000C  c_w.l(libinit2.o)
    0x0800021a   0x0800021a   0x00000000   Code   RO         3728    .ARM.Collect$$libinit$$0000000E  c_w.l(libinit2.o)
    0x0800021a   0x0800021a   0x00000000   Code   RO         3731    .ARM.Collect$$libinit$$00000011  c_w.l(libinit2.o)
    0x0800021a   0x0800021a   0x00000000   Code   RO         3733    .ARM.Collect$$libinit$$00000013  c_w.l(libinit2.o)
    0x0800021a   0x0800021a   0x00000000   Code   RO         3735    .ARM.Collect$$libinit$$00000015  c_w.l(libinit2.o)
    0x0800021a   0x0800021a   0x00000000   Code   RO         3737    .ARM.Collect$$libinit$$00000017  c_w.l(libinit2.o)
    0x0800021a   0x0800021a   0x00000000   Code   RO         3739    .ARM.Collect$$libinit$$00000019  c_w.l(libinit2.o)
    0x0800021a   0x0800021a   0x00000000   Code   RO         3741    .ARM.Collect$$libinit$$0000001B  c_w.l(libinit2.o)
    0x0800021a   0x0800021a   0x00000000   Code   RO         3743    .ARM.Collect$$libinit$$0000001D  c_w.l(libinit2.o)
    0x0800021a   0x0800021a   0x00000000   Code   RO         3745    .ARM.Collect$$libinit$$0000001F  c_w.l(libinit2.o)
    0x0800021a   0x0800021a   0x00000000   Code   RO         3747    .ARM.Collect$$libinit$$00000021  c_w.l(libinit2.o)
    0x0800021a   0x0800021a   0x00000000   Code   RO         3749    .ARM.Collect$$libinit$$00000023  c_w.l(libinit2.o)
    0x0800021a   0x0800021a   0x00000004   Code   RO         3750    .ARM.Collect$$libinit$$00000024  c_w.l(libinit2.o)
    0x0800021e   0x0800021e   0x00000000   Code   RO         3751    .ARM.Collect$$libinit$$00000025  c_w.l(libinit2.o)
    0x0800021e   0x0800021e   0x00000000   Code   RO         3755    .ARM.Collect$$libinit$$0000002C  c_w.l(libinit2.o)
    0x0800021e   0x0800021e   0x00000000   Code   RO         3757    .ARM.Collect$$libinit$$0000002E  c_w.l(libinit2.o)
    0x0800021e   0x0800021e   0x00000000   Code   RO         3759    .ARM.Collect$$libinit$$00000030  c_w.l(libinit2.o)
    0x0800021e   0x0800021e   0x00000000   Code   RO         3761    .ARM.Collect$$libinit$$00000032  c_w.l(libinit2.o)
    0x0800021e   0x0800021e   0x00000002   Code   RO         3762    .ARM.Collect$$libinit$$00000033  c_w.l(libinit2.o)
    0x08000220   0x08000220   0x00000002   Code   RO         3885    .ARM.Collect$$libshutdown$$00000000  c_w.l(libshutdown.o)
    0x08000222   0x08000222   0x00000000   Code   RO         3764    .ARM.Collect$$libshutdown$$00000002  c_w.l(libshutdown2.o)
    0x08000222   0x08000222   0x00000004   Code   RO         3765    .ARM.Collect$$libshutdown$$00000003  c_w.l(libshutdown2.o)
    0x08000226   0x08000226   0x00000000   Code   RO         3766    .ARM.Collect$$libshutdown$$00000004  c_w.l(libshutdown2.o)
    0x08000226   0x08000226   0x00000000   Code   RO         3769    .ARM.Collect$$libshutdown$$00000007  c_w.l(libshutdown2.o)
    0x08000226   0x08000226   0x00000000   Code   RO         3772    .ARM.Collect$$libshutdown$$0000000A  c_w.l(libshutdown2.o)
    0x08000226   0x08000226   0x00000000   Code   RO         3774    .ARM.Collect$$libshutdown$$0000000C  c_w.l(libshutdown2.o)
    0x08000226   0x08000226   0x00000000   Code   RO         3777    .ARM.Collect$$libshutdown$$0000000F  c_w.l(libshutdown2.o)
    0x08000226   0x08000226   0x00000002   Code   RO         3778    .ARM.Collect$$libshutdown$$00000010  c_w.l(libshutdown2.o)
    0x08000228   0x08000228   0x00000000   Code   RO         3576    .ARM.Collect$$rtentry$$00000000  c_w.l(__rtentry.o)
    0x08000228   0x08000228   0x00000000   Code   RO         3604    .ARM.Collect$$rtentry$$00000002  c_w.l(__rtentry2.o)
    0x08000228   0x08000228   0x00000006   Code   RO         3616    .ARM.Collect$$rtentry$$00000004  c_w.l(__rtentry4.o)
    0x0800022e   0x0800022e   0x00000000   Code   RO         3606    .ARM.Collect$$rtentry$$00000009  c_w.l(__rtentry2.o)
    0x0800022e   0x0800022e   0x00000004   Code   RO         3607    .ARM.Collect$$rtentry$$0000000A  c_w.l(__rtentry2.o)
    0x08000232   0x08000232   0x00000000   Code   RO         3609    .ARM.Collect$$rtentry$$0000000C  c_w.l(__rtentry2.o)
    0x08000232   0x08000232   0x00000008   Code   RO         3610    .ARM.Collect$$rtentry$$0000000D  c_w.l(__rtentry2.o)
    0x0800023a   0x0800023a   0x00000002   Code   RO         3785    .ARM.Collect$$rtexit$$00000000  c_w.l(rtexit.o)
    0x0800023c   0x0800023c   0x00000000   Code   RO         3831    .ARM.Collect$$rtexit$$00000002  c_w.l(rtexit2.o)
    0x0800023c   0x0800023c   0x00000004   Code   RO         3832    .ARM.Collect$$rtexit$$00000003  c_w.l(rtexit2.o)
    0x08000240   0x08000240   0x00000006   Code   RO         3833    .ARM.Collect$$rtexit$$00000004  c_w.l(rtexit2.o)
    0x08000246   0x08000246   0x00000002   PAD
    0x08000248   0x08000248   0x000000b6   Code   RO         3349    .emb_text           port.o
    0x080002fe   0x080002fe   0x00000002   PAD
    0x08000300   0x08000300   0x00000000   Code   RO         3837    .emb_text           c_w.l(maybetermalloc1.o)
    0x08000300   0x08000300   0x00000040   Code   RO          974    .text               startup_stm32f40_41xxx.o
    0x08000340   0x08000340   0x00000018   Code   RO         3495    .text               c_w.l(noretval__2printf.o)
    0x08000358   0x08000358   0x00000068   Code   RO         3499    .text               c_w.l(__printf.o)
    0x080003c0   0x080003c0   0x00000052   Code   RO         3501    .text               c_w.l(_printf_str.o)
    0x08000412   0x08000412   0x00000002   PAD
    0x08000414   0x08000414   0x00000078   Code   RO         3503    .text               c_w.l(_printf_dec.o)
    0x0800048c   0x0800048c   0x0000003e   Code   RO         3554    .text               c_w.l(strlen.o)
    0x080004ca   0x080004ca   0x0000008a   Code   RO         3556    .text               c_w.l(rt_memcpy_v6.o)
    0x08000554   0x08000554   0x00000010   Code   RO         3558    .text               c_w.l(aeabi_memset.o)
    0x08000564   0x08000564   0x00000006   Code   RO         3560    .text               c_w.l(heapauxi.o)
    0x0800056a   0x0800056a   0x000000b2   Code   RO         3577    .text               c_w.l(_printf_intcommon.o)
    0x0800061c   0x0800061c   0x00000030   Code   RO         3579    .text               c_w.l(_printf_char_common.o)
    0x0800064c   0x0800064c   0x0000002c   Code   RO         3583    .text               c_w.l(_printf_char.o)
    0x08000678   0x08000678   0x00000024   Code   RO         3585    .text               c_w.l(_printf_char_file.o)
    0x0800069c   0x0800069c   0x00000064   Code   RO         3594    .text               c_w.l(rt_memcpy_w.o)
    0x08000700   0x08000700   0x00000044   Code   RO         3596    .text               c_w.l(rt_memclr.o)
    0x08000744   0x08000744   0x00000008   Code   RO         3620    .text               c_w.l(ferror.o)
    0x0800074c   0x0800074c   0x00000138   Code   RO         3622    .text               c_w.l(initio.o)
    0x08000884   0x08000884   0x0000004e   Code   RO         3628    .text               c_w.l(rt_memclr_w.o)
    0x080008d2   0x080008d2   0x00000066   Code   RO         3630    .text               c_w.l(sys_io.o)
    0x08000938   0x08000938   0x0000004a   Code   RO         3637    .text               c_w.l(sys_stackheap_outer.o)
    0x08000982   0x08000982   0x0000004e   Code   RO         3641    .text               c_w.l(h1_free.o)
    0x080009d0   0x080009d0   0x00000046   Code   RO         3695    .text               c_w.l(setvbuf.o)
    0x08000a16   0x08000a16   0x00000002   PAD
    0x08000a18   0x08000a18   0x000000ec   Code   RO         3698    .text               c_w.l(fopen.o)
    0x08000b04   0x08000b04   0x0000004c   Code   RO         3700    .text               c_w.l(fclose.o)
    0x08000b50   0x08000b50   0x00000012   Code   RO         3706    .text               c_w.l(exit.o)
    0x08000b62   0x08000b62   0x0000000e   Code   RO         3708    .text               c_w.l(defsig_rtred_outer.o)
    0x08000b70   0x08000b70   0x00000008   Code   RO         3779    .text               c_w.l(libspace.o)
    0x08000b78   0x08000b78   0x00000002   Code   RO         3782    .text               c_w.l(use_no_semi.o)
    0x08000b7a   0x08000b7a   0x00000000   Code   RO         3784    .text               c_w.l(indicate_semi.o)
    0x08000b7a   0x08000b7a   0x00000002   PAD
    0x08000b7c   0x08000b7c   0x00000008   Code   RO         3792    .text               c_w.l(rt_heap_descriptor_intlibspace.o)
    0x08000b84   0x08000b84   0x00000004   Code   RO         3794    .text               c_w.l(hguard.o)
    0x08000b88   0x08000b88   0x0000008a   Code   RO         3796    .text               c_w.l(init_alloc.o)
    0x08000c12   0x08000c12   0x0000005e   Code   RO         3802    .text               c_w.l(h1_alloc.o)
    0x08000c70   0x08000c70   0x000000f8   Code   RO         3816    .text               c_w.l(fseek.o)
    0x08000d68   0x08000d68   0x000000f0   Code   RO         3818    .text               c_w.l(stdio.o)
    0x08000e58   0x08000e58   0x0000000a   Code   RO         3820    .text               c_w.l(defsig_exit.o)
    0x08000e62   0x08000e62   0x00000002   PAD
    0x08000e64   0x08000e64   0x00000034   Code   RO         3822    .text               c_w.l(defsig_rtred_inner.o)
    0x08000e98   0x08000e98   0x0000000c   Code   RO         3828    .text               c_w.l(sys_exit.o)
    0x08000ea4   0x08000ea4   0x0000000e   Code   RO         3839    .text               c_w.l(h1_init.o)
    0x08000eb2   0x08000eb2   0x00000034   Code   RO         3841    .text               c_w.l(h1_extend.o)
    0x08000ee6   0x08000ee6   0x00000042   Code   RO         3847    .text               c_w.l(ftell.o)
    0x08000f28   0x08000f28   0x00000032   Code   RO         3851    .text               c_w.l(defsig_general.o)
    0x08000f5a   0x08000f5a   0x0000000e   Code   RO         3853    .text               c_w.l(defsig_rtmem_outer.o)
    0x08000f68   0x08000f68   0x0000000e   Code   RO         3866    .text               c_w.l(sys_wrch.o)
    0x08000f76   0x08000f76   0x00000002   PAD
    0x08000f78   0x08000f78   0x00000008   Code   RO         3873    .text               c_w.l(rt_errno_addr_intlibspace.o)
    0x08000f80   0x08000f80   0x00000050   Code   RO         3879    .text               c_w.l(defsig_rtmem_inner.o)
    0x08000fd0   0x08000fd0   0x00000002   Code   RO          231    i.BusFault_Handler  stm32f4xx_it.o
    0x08000fd2   0x08000fd2   0x00000002   PAD
    0x08000fd4   0x08000fd4   0x00000014   Code   RO          367    i.ConfigureTimeForRunTimeStats  timer.o
    0x08000fe8   0x08000fe8   0x00000002   Code   RO          232    i.DebugMon_Handler  stm32f4xx_it.o
    0x08000fea   0x08000fea   0x00000002   PAD
    0x08000fec   0x08000fec   0x000000b8   Code   RO          717    i.DwinUartInit      dwin.o
    0x080010a4   0x080010a4   0x00000078   Code   RO         1025    i.GPIO_Init         stm32f4xx_gpio.o
    0x0800111c   0x0800111c   0x00000020   Code   RO         1026    i.GPIO_PinAFConfig  stm32f4xx_gpio.o
    0x0800113c   0x0800113c   0x00000002   Code   RO          233    i.HardFault_Handler  stm32f4xx_it.o
    0x0800113e   0x0800113e   0x00000002   Code   RO          234    i.MemManage_Handler  stm32f4xx_it.o
    0x08001140   0x08001140   0x00000002   Code   RO          235    i.NMI_Handler       stm32f4xx_it.o
    0x08001142   0x08001142   0x00000002   PAD
    0x08001144   0x08001144   0x00000064   Code   RO          980    i.NVIC_Init         misc.o
    0x080011a8   0x080011a8   0x00000014   Code   RO          981    i.NVIC_PriorityGroupConfig  misc.o
    0x080011bc   0x080011bc   0x000000b4   Code   RO          718    i.ProcessMessage    dwin.o
    0x08001270   0x08001270   0x00000018   Code   RO         1122    i.RCC_AHB1PeriphClockCmd  stm32f4xx_rcc.o
    0x08001288   0x08001288   0x00000018   Code   RO         1131    i.RCC_APB1PeriphClockCmd  stm32f4xx_rcc.o
    0x080012a0   0x080012a0   0x00000018   Code   RO         1134    i.RCC_APB2PeriphClockCmd  stm32f4xx_rcc.o
    0x080012b8   0x080012b8   0x00000090   Code   RO         1143    i.RCC_GetClocksFreq  stm32f4xx_rcc.o
    0x08001348   0x08001348   0x00000024   Code   RO          719    i.SendChar          dwin.o
    0x0800136c   0x0800136c   0x000000b4   Code   RO          310    i.SetSysClock       system_stm32f4xx.o
    0x08001420   0x08001420   0x00000018   Code   RO          984    i.SysTick_CLKSourceConfig  misc.o
    0x08001438   0x08001438   0x00000014   Code   RO          861    i.SysTick_Handler   delay.o
    0x0800144c   0x0800144c   0x0000005c   Code   RO          312    i.SystemInit        system_stm32f4xx.o
    0x080014a8   0x080014a8   0x00000034   Code   RO          368    i.TIM3_IRQHandler   timer.o
    0x080014dc   0x080014dc   0x0000005c   Code   RO          369    i.TIM3_Int_Init     timer.o
    0x08001538   0x08001538   0x00000006   Code   RO         1709    i.TIM_ClearITPendingBit  stm32f4xx_tim.o
    0x0800153e   0x0800153e   0x00000014   Code   RO         1714    i.TIM_Cmd           stm32f4xx_tim.o
    0x08001552   0x08001552   0x00000018   Code   RO         1735    i.TIM_GetITStatus   stm32f4xx_tim.o
    0x0800156a   0x0800156a   0x00000010   Code   RO         1739    i.TIM_ITConfig      stm32f4xx_tim.o
    0x0800157a   0x0800157a   0x00000002   PAD
    0x0800157c   0x0800157c   0x0000007c   Code   RO         1786    i.TIM_TimeBaseInit  stm32f4xx_tim.o
    0x080015f8   0x080015f8   0x00000064   Code   RO          934    i.USART1_IRQHandler  usart.o
    0x0800165c   0x0800165c   0x00000024   Code   RO          720    i.USART2_IRQHandler  dwin.o
    0x08001680   0x08001680   0x00000014   Code   RO         1516    i.USART_Cmd         stm32f4xx_usart.o
    0x08001694   0x08001694   0x0000000e   Code   RO         1519    i.USART_GetFlagStatus  stm32f4xx_usart.o
    0x080016a2   0x080016a2   0x0000003e   Code   RO         1520    i.USART_GetITStatus  stm32f4xx_usart.o
    0x080016e0   0x080016e0   0x00000030   Code   RO         1522    i.USART_ITConfig    stm32f4xx_usart.o
    0x08001710   0x08001710   0x000000ac   Code   RO         1523    i.USART_Init        stm32f4xx_usart.o
    0x080017bc   0x080017bc   0x00000008   Code   RO         1530    i.USART_ReceiveData  stm32f4xx_usart.o
    0x080017c4   0x080017c4   0x00000008   Code   RO         1533    i.USART_SendData    stm32f4xx_usart.o
    0x080017cc   0x080017cc   0x00000002   Code   RO          236    i.UsageFault_Handler  stm32f4xx_it.o
    0x080017ce   0x080017ce   0x00000002   PAD
    0x080017d0   0x080017d0   0x00000028   Code   RO            3    i.debug_task        main.o
    0x080017f8   0x080017f8   0x00000038   Code   RO          862    i.delay_init        delay.o
    0x08001830   0x08001830   0x00000038   Code   RO          863    i.delay_ms          delay.o
    0x08001868   0x08001868   0x00000034   Code   RO          864    i.delay_us          delay.o
    0x0800189c   0x0800189c   0x00000020   Code   RO          721    i.dwin_ack          dwin.o
    0x080018bc   0x080018bc   0x0000000c   Code   RO            4    i.dwin_task         main.o
    0x080018c8   0x080018c8   0x00000014   Code   RO          935    i.fputc             usart.o
    0x080018dc   0x080018dc   0x0000005c   Code   RO            5    i.main              main.o
    0x08001938   0x08001938   0x00000070   Code   RO         2857    i.prvAddCurrentTaskToDelayedList  tasks.o
    0x080019a8   0x080019a8   0x000000d0   Code   RO         2858    i.prvAddNewTaskToReadyList  tasks.o
    0x08001a78   0x08001a78   0x00000050   Code   RO         3221    i.prvCheckForValidListAndQueue  timers.o
    0x08001ac8   0x08001ac8   0x00000054   Code   RO         2859    i.prvCheckTasksWaitingTermination  tasks.o
    0x08001b1c   0x08001b1c   0x00000026   Code   RO         2634    i.prvCopyDataFromQueue  queue.o
    0x08001b42   0x08001b42   0x0000006c   Code   RO         2635    i.prvCopyDataToQueue  queue.o
    0x08001bae   0x08001bae   0x00000014   Code   RO         2860    i.prvDeleteTCB      tasks.o
    0x08001bc2   0x08001bc2   0x00000002   PAD
    0x08001bc4   0x08001bc4   0x0000004c   Code   RO         3434    i.prvHeapInit       heap_4.o
    0x08001c10   0x08001c10   0x00000028   Code   RO         2861    i.prvIdleTask       tasks.o
    0x08001c38   0x08001c38   0x000000c0   Code   RO         2862    i.prvInitialiseNewTask  tasks.o
    0x08001cf8   0x08001cf8   0x0000004c   Code   RO         3435    i.prvInsertBlockIntoFreeList  heap_4.o
    0x08001d44   0x08001d44   0x00000038   Code   RO         3222    i.prvInsertTimerInActiveList  timers.o
    0x08001d7c   0x08001d7c   0x0000001a   Code   RO         2636    i.prvIsQueueEmpty   queue.o
    0x08001d96   0x08001d96   0x00000002   PAD
    0x08001d98   0x08001d98   0x00000090   Code   RO         2637    i.prvNotifyQueueSetContainer  queue.o
    0x08001e28   0x08001e28   0x00000060   Code   RO         3223    i.prvProcessExpiredTimer  timers.o
    0x08001e88   0x08001e88   0x000000f0   Code   RO         3224    i.prvProcessReceivedCommands  timers.o
    0x08001f78   0x08001f78   0x0000006c   Code   RO         3225    i.prvProcessTimerOrBlockTask  timers.o
    0x08001fe4   0x08001fe4   0x00000020   Code   RO         2864    i.prvResetNextTaskUnblockTime  tasks.o
    0x08002004   0x08002004   0x00000028   Code   RO         3226    i.prvSampleTimeNow  timers.o
    0x0800202c   0x0800202c   0x0000006c   Code   RO         3227    i.prvSwitchTimerLists  timers.o
    0x08002098   0x08002098   0x00000064   Code   RO         3350    i.prvTaskExitError  port.o
    0x080020fc   0x080020fc   0x00000028   Code   RO         3228    i.prvTimerTask      timers.o
    0x08002124   0x08002124   0x00000078   Code   RO         2638    i.prvUnlockQueue    queue.o
    0x0800219c   0x0800219c   0x00000114   Code   RO         3436    i.pvPortMalloc      heap_4.o
    0x080022b0   0x080022b0   0x00000018   Code   RO         2867    i.pvTaskIncrementMutexHeldCount  tasks.o
    0x080022c8   0x080022c8   0x0000002c   Code   RO         3351    i.pxPortInitialiseStack  port.o
    0x080022f4   0x080022f4   0x0000006c   Code   RO          826    i.queue_find_cmd    cmd_queue.o
    0x08002360   0x08002360   0x00000020   Code   RO          827    i.queue_push        cmd_queue.o
    0x08002380   0x08002380   0x00000018   Code   RO          828    i.queue_reset       cmd_queue.o
    0x08002398   0x08002398   0x0000002c   Code   RO          723    i.read_from_dwin    dwin.o
    0x080023c4   0x080023c4   0x0000000a   Code   RO          724    i.read_u16_from_dwin  dwin.o
    0x080023ce   0x080023ce   0x00000018   Code   RO          727    i.sendArray         dwin.o
    0x080023e6   0x080023e6   0x00000002   PAD
    0x080023e8   0x080023e8   0x00000068   Code   RO            6    i.start_task        main.o
    0x08002450   0x08002450   0x000000ac   Code   RO          936    i.uart_init         usart.o
    0x080024fc   0x080024fc   0x00000024   Code   RO         2589    i.uxListRemove      list.o
    0x08002520   0x08002520   0x00000016   Code   RO         2590    i.vListInitialise   list.o
    0x08002536   0x08002536   0x00000006   Code   RO         2591    i.vListInitialiseItem  list.o
    0x0800253c   0x0800253c   0x00000030   Code   RO         2592    i.vListInsert       list.o
    0x0800256c   0x0800256c   0x00000018   Code   RO         2593    i.vListInsertEnd    list.o
    0x08002584   0x08002584   0x00000078   Code   RO         3353    i.vPortEnterCritical  port.o
    0x080025fc   0x080025fc   0x00000064   Code   RO         3354    i.vPortExitCritical  port.o
    0x08002660   0x08002660   0x0000009c   Code   RO         3437    i.vPortFree         heap_4.o
    0x080026fc   0x080026fc   0x00000020   Code   RO         3355    i.vPortSetupTimerInterrupt  port.o
    0x0800271c   0x0800271c   0x0000008c   Code   RO         3356    i.vPortValidateInterruptPriority  port.o
    0x080027a8   0x080027a8   0x00000024   Code   RO         2644    i.vQueueAddToRegistry  queue.o
    0x080027cc   0x080027cc   0x00000044   Code   RO         2648    i.vQueueWaitForMessageRestricted  queue.o
    0x08002810   0x08002810   0x0000006c   Code   RO         2875    i.vTaskDelay        tasks.o
    0x0800287c   0x0800287c   0x000000cc   Code   RO         2877    i.vTaskDelete       tasks.o
    0x08002948   0x08002948   0x0000000c   Code   RO         2882    i.vTaskMissedYield  tasks.o
    0x08002954   0x08002954   0x00000054   Code   RO         2884    i.vTaskPlaceOnEventList  tasks.o
    0x080029a8   0x080029a8   0x0000005c   Code   RO         2885    i.vTaskPlaceOnEventListRestricted  tasks.o
    0x08002a04   0x08002a04   0x00000084   Code   RO         2887    i.vTaskPriorityInherit  tasks.o
    0x08002a88   0x08002a88   0x00000048   Code   RO         2891    i.vTaskSetTimeOutState  tasks.o
    0x08002ad0   0x08002ad0   0x00000098   Code   RO         2892    i.vTaskStartScheduler  tasks.o
    0x08002b68   0x08002b68   0x00000010   Code   RO         2894    i.vTaskSuspendAll   tasks.o
    0x08002b78   0x08002b78   0x0000009c   Code   RO         2895    i.vTaskSwitchContext  tasks.o
    0x08002c14   0x08002c14   0x00000030   Code   RO          729    i.write_to_dwin     dwin.o
    0x08002c44   0x08002c44   0x0000000c   Code   RO          730    i.write_u16_to_dwin  dwin.o
    0x08002c50   0x08002c50   0x0000000c   Code   RO          732    i.write_u8_to_dwin  dwin.o
    0x08002c5c   0x08002c5c   0x00000114   Code   RO         3357    i.xPortStartScheduler  port.o
    0x08002d70   0x08002d70   0x0000002c   Code   RO         3358    i.xPortSysTickHandler  port.o
    0x08002d9c   0x08002d9c   0x00000078   Code   RO         2653    i.xQueueGenericCreate  queue.o
    0x08002e14   0x08002e14   0x00000184   Code   RO         2654    i.xQueueGenericReceive  queue.o
    0x08002f98   0x08002f98   0x000000a8   Code   RO         2655    i.xQueueGenericReset  queue.o
    0x08003040   0x08003040   0x00000188   Code   RO         2656    i.xQueueGenericSend  queue.o
    0x080031c8   0x080031c8   0x000000e0   Code   RO         2657    i.xQueueGenericSendFromISR  queue.o
    0x080032a8   0x080032a8   0x00000088   Code   RO         2896    i.xTaskCheckForTimeOut  tasks.o
    0x08003330   0x08003330   0x00000056   Code   RO         2897    i.xTaskCreate       tasks.o
    0x08003386   0x08003386   0x00000002   PAD
    0x08003388   0x08003388   0x0000001c   Code   RO         2901    i.xTaskGetSchedulerState  tasks.o
    0x080033a4   0x080033a4   0x0000000c   Code   RO         2902    i.xTaskGetTickCount  tasks.o
    0x080033b0   0x080033b0   0x000000e8   Code   RO         2904    i.xTaskIncrementTick  tasks.o
    0x08003498   0x08003498   0x000000b4   Code   RO         2907    i.xTaskPriorityDisinherit  tasks.o
    0x0800354c   0x0800354c   0x00000098   Code   RO         2908    i.xTaskRemoveFromEventList  tasks.o
    0x080035e4   0x080035e4   0x000000e4   Code   RO         2910    i.xTaskResumeAll    tasks.o
    0x080036c8   0x080036c8   0x00000074   Code   RO         3231    i.xTimerCreate      timers.o
    0x0800373c   0x0800373c   0x00000074   Code   RO         3232    i.xTimerCreateTimerTask  timers.o
    0x080037b0   0x080037b0   0x00000090   Code   RO         3233    i.xTimerGenericCommand  timers.o
    0x08003840   0x08003840   0x0000000a   Code   RO         3826    x$fpl$fpinit        fz_wm.l(fpinit.o)
    0x0800384a   0x0800384a   0x00000004   Data   RO         3631    .constdata          c_w.l(sys_io.o)
    0x0800384e   0x0800384e   0x00000004   Data   RO         3632    .constdata          c_w.l(sys_io.o)
    0x08003852   0x08003852   0x00000004   Data   RO         3633    .constdata          c_w.l(sys_io.o)
    0x08003856   0x08003856   0x00000002   PAD
    0x08003858   0x08003858   0x00000020   Data   RO         3904    Region$$Table       anon$$obj.o


    Execution Region RW_IRAM1 (Exec base: 0x20000000, Load base: 0x08003878, Size: 0x00005dc8, Max: 0x00020000, ABSOLUTE)

    Exec Addr    Load Addr    Size         Type   Attr      Idx    E Section Name        Object

    0x20000000   0x08003878   0x00000010   Data   RW            7    .data               main.o
    0x20000010   0x08003888   0x00000014   Data   RW          313    .data               system_stm32f4xx.o
    0x20000024   0x0800389c   0x00000004   PAD
    0x20000028   0x080038a0   0x00000008   Data   RW          370    .data               timer.o
    0x20000030   0x080038a8   0x00000001   Data   RW          734    .data               dwin.o
    0x20000031   0x080038a9   0x00000001   PAD
    0x20000032   0x080038aa   0x00000002   Data   RW          830    .data               cmd_queue.o
    0x20000034   0x080038ac   0x00000004   Data   RW          866    .data               delay.o
    0x20000038   0x080038b0   0x00000002   Data   RW          938    .data               usart.o
    0x2000003a   0x080038b2   0x00000010   Data   RW         1175    .data               stm32f4xx_rcc.o
    0x2000004a   0x080038c2   0x00000002   PAD
    0x2000004c   0x080038c4   0x00000044   Data   RW         2913    .data               tasks.o
    0x20000090   0x08003908   0x00000014   Data   RW         3241    .data               timers.o
    0x200000a4   0x0800391c   0x0000000c   Data   RW         3359    .data               port.o
    0x200000b0   0x08003928   0x00000018   Data   RW         3442    .data               heap_4.o
    0x200000c8   0x08003940   0x00000004   Data   RW         3591    .data               c_w.l(stdio_streams.o)
    0x200000cc   0x08003944   0x00000004   Data   RW         3592    .data               c_w.l(stdio_streams.o)
    0x200000d0   0x08003948   0x00000004   Data   RW         3593    .data               c_w.l(stdio_streams.o)
    0x200000d4        -       0x00000010   Zero   RW          733    .bss                dwin.o
    0x200000e4        -       0x00000204   Zero   RW          829    .bss                cmd_queue.o
    0x200002e8        -       0x00000032   Zero   RW          937    .bss                usart.o
    0x2000031a   0x0800394c   0x00000002   PAD
    0x2000031c        -       0x00000040   Zero   RW         2668    .bss                queue.o
    0x2000035c        -       0x000002e4   Zero   RW         2912    .bss                tasks.o
    0x20000640        -       0x00000028   Zero   RW         3240    .bss                timers.o
    0x20000668        -       0x00005000   Zero   RW         3441    .bss                heap_4.o
    0x20005668        -       0x00000054   Zero   RW         3588    .bss                c_w.l(stdio_streams.o)
    0x200056bc        -       0x00000054   Zero   RW         3589    .bss                c_w.l(stdio_streams.o)
    0x20005710        -       0x00000054   Zero   RW         3590    .bss                c_w.l(stdio_streams.o)
    0x20005764        -       0x00000060   Zero   RW         3780    .bss                c_w.l(libspace.o)
    0x200057c4   0x0800394c   0x00000004   PAD
    0x200057c8        -       0x00000200   Zero   RW          972    HEAP                startup_stm32f40_41xxx.o
    0x200059c8        -       0x00000400   Zero   RW          971    STACK               startup_stm32f40_41xxx.o



  Load Region LR$$.ARM.__AT_0x10000000 (Base: 0x10000000, Size: 0x00000000, Max: 0x0000f000, ABSOLUTE)

    Execution Region ER$$.ARM.__AT_0x10000000 (Exec base: 0x10000000, Load base: 0x10000000, Size: 0x0000f000, Max: 0x0000f000, ABSOLUTE, UNINIT)

    Exec Addr    Load Addr    Size         Type   Attr      Idx    E Section Name        Object

    0x10000000        -       0x0000f000   Zero   RW         2387    .ARM.__AT_0x10000000  malloc.o



  Load Region LR$$.ARM.__AT_0x1000F000 (Base: 0x1000f000, Size: 0x00000000, Max: 0x00000f00, ABSOLUTE)

    Execution Region ER$$.ARM.__AT_0x1000F000 (Exec base: 0x1000f000, Load base: 0x1000f000, Size: 0x00000f00, Max: 0x00000f00, ABSOLUTE, UNINIT)

    Exec Addr    Load Addr    Size         Type   Attr      Idx    E Section Name        Object

    0x1000f000        -       0x00000f00   Zero   RW         2388    .ARM.__AT_0x1000F000  malloc.o



  Load Region LR$$.ARM.__AT_0x68000000 (Base: 0x68000000, Size: 0x00000000, Max: 0x000f0000, ABSOLUTE)

    Execution Region ER$$.ARM.__AT_0x68000000 (Exec base: 0x68000000, Load base: 0x68000000, Size: 0x000f0000, Max: 0x000f0000, ABSOLUTE, UNINIT)

    Exec Addr    Load Addr    Size         Type   Attr      Idx    E Section Name        Object

    0x68000000        -       0x000f0000   Zero   RW         2389    .ARM.__AT_0x68000000  malloc.o



  Load Region LR$$.ARM.__AT_0x680F0000 (Base: 0x680f0000, Size: 0x00000000, Max: 0x0000f000, ABSOLUTE)

    Execution Region ER$$.ARM.__AT_0x680F0000 (Exec base: 0x680f0000, Load base: 0x680f0000, Size: 0x0000f000, Max: 0x0000f000, ABSOLUTE, UNINIT)

    Exec Addr    Load Addr    Size         Type   Attr      Idx    E Section Name        Object

    0x680f0000        -       0x0000f000   Zero   RW         2390    .ARM.__AT_0x680F0000  malloc.o


==============================================================================

Image component sizes


      Code (inc. data)   RO Data    RW Data    ZI Data      Debug   Object Name

       164         24          0          2        516       2460   cmd_queue.o
       184         14          0          4          0       2457   delay.o
       618         78          0          1         16       7418   dwin.o
         0          0          0          0          0      10196   event_groups.o
       584        138          0         24      20480       3967   heap_4.o
         0          0          0          0          0       1472   lcd.o
       136          0          0          0          0       3034   list.o
       248         62          0         16          0     297952   main.o
         0          0          0          0    1109760       1905   malloc.o
       144         14          0          0          0       2009   misc.o
      1038        382          0         12          0      10521   port.o
      1832        236          0          0         64      13037   queue.o
        64         26        392          0       1536        820   startup_stm32f40_41xxx.o
       152          0          0          0          0       1687   stm32f4xx_gpio.o
        12          0          0          0          0       2545   stm32f4xx_it.o
       216         30          0         16          0       4567   stm32f4xx_rcc.o
       190         28          0          0          0       4597   stm32f4xx_tim.o
       332          8          0          0          0       5453   stm32f4xx_usart.o
       272         36          0         20          0       1657   system_stm32f4xx.o
      2794        674          0         68        740      29139   tasks.o
       164         18          0          8          0       1904   timer.o
      1144        260          0         20         40       9662   timers.o
       292         26          0          2         50       2440   usart.o

    ----------------------------------------------------------------------
     10600       2054        424        200    1133204     420899   Object Totals
         0          0         32          0          0          0   (incl. Generated)
        20          0          0          7          2          0   (incl. Padding)

    ----------------------------------------------------------------------

      Code (inc. data)   RO Data    RW Data    ZI Data      Debug   Library Member Name

         8          0          0          0          0         68   __main.o
       104          0          0          0          0         84   __printf.o
         0          0          0          0          0          0   __rtentry.o
        12          0          0          0          0          0   __rtentry2.o
         6          0          0          0          0          0   __rtentry4.o
        52          8          0          0          0          0   __scatter.o
        26          0          0          0          0          0   __scatter_copy.o
        28          0          0          0          0          0   __scatter_zi.o
        44          0          0          0          0        108   _printf_char.o
        48          6          0          0          0         96   _printf_char_common.o
        36          4          0          0          0         80   _printf_char_file.o
         6          0          0          0          0          0   _printf_d.o
       120         16          0          0          0         92   _printf_dec.o
       178          0          0          0          0         88   _printf_intcommon.o
         0          0          0          0          0          0   _printf_percent.o
         4          0          0          0          0          0   _printf_percent_end.o
         6          0          0          0          0          0   _printf_s.o
        82          0          0          0          0         80   _printf_str.o
        16          0          0          0          0         68   aeabi_memset.o
        10          0          0          0          0         68   defsig_exit.o
        50          0          0          0          0         88   defsig_general.o
        80         58          0          0          0         76   defsig_rtmem_inner.o
        14          0          0          0          0         80   defsig_rtmem_outer.o
        52         38          0          0          0         76   defsig_rtred_inner.o
        14          0          0          0          0         80   defsig_rtred_outer.o
        18          0          0          0          0         80   exit.o
        76          0          0          0          0         88   fclose.o
         8          0          0          0          0         68   ferror.o
       236          4          0          0          0        128   fopen.o
       248          6          0          0          0         84   fseek.o
        66          0          0          0          0         76   ftell.o
        94          0          0          0          0         80   h1_alloc.o
        52          0          0          0          0         68   h1_extend.o
        78          0          0          0          0         80   h1_free.o
        14          0          0          0          0         84   h1_init.o
         6          0          0          0          0        152   heapauxi.o
         4          0          0          0          0        136   hguard.o
         0          0          0          0          0          0   indicate_semi.o
       138          0          0          0          0        168   init_alloc.o
       312         46          0          0          0        112   initio.o
         2          0          0          0          0          0   libinit.o
        18          0          0          0          0          0   libinit2.o
         2          0          0          0          0          0   libshutdown.o
         6          0          0          0          0          0   libshutdown2.o
         8          4          0          0         96         68   libspace.o
         0          0          0          0          0          0   maybetermalloc1.o
        24          4          0          0          0         84   noretval__2printf.o
         8          4          0          0          0         68   rt_errno_addr_intlibspace.o
         8          4          0          0          0         68   rt_heap_descriptor_intlibspace.o
        68          0          0          0          0         68   rt_memclr.o
        78          0          0          0          0         80   rt_memclr_w.o
       138          0          0          0          0         68   rt_memcpy_v6.o
       100          0          0          0          0         80   rt_memcpy_w.o
         2          0          0          0          0          0   rtexit.o
        10          0          0          0          0          0   rtexit2.o
        70          0          0          0          0         80   setvbuf.o
       240          6          0          0          0        156   stdio.o
         0          0          0         12        252          0   stdio_streams.o
        62          0          0          0          0         76   strlen.o
        12          4          0          0          0         68   sys_exit.o
       102          0         12          0          0        240   sys_io.o
        74          0          0          0          0         80   sys_stackheap_outer.o
        14          0          0          0          0         76   sys_wrch.o
         2          0          0          0          0         68   use_no_semi.o
        10          0          0          0          0        116   fpinit.o

    ----------------------------------------------------------------------
      3418        212         14         12        352       4180   Library Totals
        14          0          2          0          4          0   (incl. Padding)

    ----------------------------------------------------------------------

      Code (inc. data)   RO Data    RW Data    ZI Data      Debug   Library Name

      3394        212         12         12        348       4064   c_w.l
        10          0          0          0          0        116   fz_wm.l

    ----------------------------------------------------------------------
      3418        212         14         12        352       4180   Library Totals

    ----------------------------------------------------------------------

==============================================================================


      Code (inc. data)   RO Data    RW Data    ZI Data      Debug   

     14018       2266        438        212    1133556     411195   Grand Totals
     14018       2266        438        212    1133556     411195   ELF Image Totals
     14018       2266        438        212          0          0   ROM Totals

==============================================================================

    Total RO  Size (Code + RO Data)                14456 (  14.12kB)
    Total RW  Size (RW Data + ZI Data)           1133768 (1107.20kB)
    Total ROM Size (Code + RO Data + RW Data)      14668 (  14.32kB)

==============================================================================

